running develop
running egg_info
creating ackermann_vesc_adapter.egg-info
writing ackermann_vesc_adapter.egg-info/PKG-INFO
writing dependency_links to ackermann_vesc_adapter.egg-info/dependency_links.txt
writing entry points to ackermann_vesc_adapter.egg-info/entry_points.txt
writing requirements to ackermann_vesc_adapter.egg-info/requires.txt
writing top-level names to ackermann_vesc_adapter.egg-info/top_level.txt
writing manifest file 'ackermann_vesc_adapter.egg-info/SOURCES.txt'
reading manifest file 'ackermann_vesc_adapter.egg-info/SOURCES.txt'
writing manifest file 'ackermann_vesc_adapter.egg-info/SOURCES.txt'
running build_ext
Creating /home/pi/ros2_ws/install/ackermann_vesc_adapter/lib/python3.12/site-packages/ackermann-vesc-adapter.egg-link (link to .)
Installing ackermann_to_vesc script to /home/pi/ros2_ws/install/ackermann_vesc_adapter/lib/ackermann_vesc_adapter

Installed /home/pi/ros2_ws/build/ackermann_vesc_adapter
running symlink_data
creating /home/pi/ros2_ws/install/ackermann_vesc_adapter/share/ament_index
creating /home/pi/ros2_ws/install/ackermann_vesc_adapter/share/ament_index/resource_index
creating /home/pi/ros2_ws/install/ackermann_vesc_adapter/share/ament_index/resource_index/packages
symbolically linking /home/pi/ros2_ws/build/ackermann_vesc_adapter/resource/ackermann_vesc_adapter -> /home/pi/ros2_ws/install/ackermann_vesc_adapter/share/ament_index/resource_index/packages
symbolically linking /home/pi/ros2_ws/build/ackermann_vesc_adapter/package.xml -> /home/pi/ros2_ws/install/ackermann_vesc_adapter/share/ackermann_vesc_adapter
