[2.771s] Invoking command in '/home/pi/ros2_ws/build/ackermann_vesc_adapter': DEBUGINFOD_URLS=https://debuginfod.ubuntu.com PYTHONPATH=/home/pi/ros2_ws/build/ackermann_vesc_adapter/prefix_override:/usr/lib/python3/dist-packages/colcon_core/task/python/colcon_distutils_commands:/home/pi/ros2_ws/install/ackermann_vesc_adapter/lib/python3.12/site-packages:${PYTHONPATH} /usr/bin/python3 -W ignore:setup.py install is deprecated -W ignore:easy_install command is deprecated setup.py develop --editable --build-directory /home/pi/ros2_ws/build/ackermann_vesc_adapter/build --no-deps symlink_data
[3.925s] running develop
[4.289s] running egg_info
[4.289s] creating ackermann_vesc_adapter.egg-info
[4.321s] writing ackermann_vesc_adapter.egg-info/PKG-INFO
[4.321s] writing dependency_links to ackermann_vesc_adapter.egg-info/dependency_links.txt
[4.321s] writing entry points to ackermann_vesc_adapter.egg-info/entry_points.txt
[4.322s] writing requirements to ackermann_vesc_adapter.egg-info/requires.txt
[4.322s] writing top-level names to ackermann_vesc_adapter.egg-info/top_level.txt
[4.322s] writing manifest file 'ackermann_vesc_adapter.egg-info/SOURCES.txt'
[4.424s] reading manifest file 'ackermann_vesc_adapter.egg-info/SOURCES.txt'
[4.424s] writing manifest file 'ackermann_vesc_adapter.egg-info/SOURCES.txt'
[4.464s] running build_ext
[4.465s] Creating /home/pi/ros2_ws/install/ackermann_vesc_adapter/lib/python3.12/site-packages/ackermann-vesc-adapter.egg-link (link to .)
[4.467s] Installing ackermann_to_vesc script to /home/pi/ros2_ws/install/ackermann_vesc_adapter/lib/ackermann_vesc_adapter
[4.467s] 
[4.467s] Installed /home/pi/ros2_ws/build/ackermann_vesc_adapter
[4.468s] running symlink_data
[4.468s] creating /home/pi/ros2_ws/install/ackermann_vesc_adapter/share/ament_index
[4.468s] creating /home/pi/ros2_ws/install/ackermann_vesc_adapter/share/ament_index/resource_index
[4.468s] creating /home/pi/ros2_ws/install/ackermann_vesc_adapter/share/ament_index/resource_index/packages
[4.468s] symbolically linking /home/pi/ros2_ws/build/ackermann_vesc_adapter/resource/ackermann_vesc_adapter -> /home/pi/ros2_ws/install/ackermann_vesc_adapter/share/ament_index/resource_index/packages
[4.468s] symbolically linking /home/pi/ros2_ws/build/ackermann_vesc_adapter/package.xml -> /home/pi/ros2_ws/install/ackermann_vesc_adapter/share/ackermann_vesc_adapter
[4.612s] Invoked command in '/home/pi/ros2_ws/build/ackermann_vesc_adapter' returned '0': DEBUGINFOD_URLS=https://debuginfod.ubuntu.com PYTHONPATH=/home/pi/ros2_ws/build/ackermann_vesc_adapter/prefix_override:/usr/lib/python3/dist-packages/colcon_core/task/python/colcon_distutils_commands:/home/pi/ros2_ws/install/ackermann_vesc_adapter/lib/python3.12/site-packages:${PYTHONPATH} /usr/bin/python3 -W ignore:setup.py install is deprecated -W ignore:easy_install command is deprecated setup.py develop --editable --build-directory /home/pi/ros2_ws/build/ackermann_vesc_adapter/build --no-deps symlink_data
