[0.043s] Invoking command in '/home/pi/ros2_ws/build/vesc_driver': CMAKE_PREFIX_PATH=/home/pi/ros2_ws/install/vesc_msgs:/home/pi/ros2_ws/install/vesc:/home/pi/ros2_ws/install/vesc_driver:/opt/ros/kilted/opt/sdformat_vendor:/opt/ros/kilted/opt/gz_math_vendor:/opt/ros/kilted/opt/gz_utils_vendor:/opt/ros/kilted/opt/gz_tools_vendor:/opt/ros/kilted/opt/gz_cmake_vendor:/home/pi/ros2_ws/install/drive:/opt/ros/kilted DEBUGINFOD_URLS=https://debuginfod.ubuntu.com LD_LIBRARY_PATH=/home/pi/ros2_ws/install/vesc_msgs/lib:/home/pi/ros2_ws/install/vesc_driver/lib:/opt/ros/kilted/opt/zenoh_cpp_vendor/lib:/opt/ros/kilted/opt/sdformat_vendor/lib:/opt/ros/kilted/opt/gz_math_vendor/lib:/opt/ros/kilted/opt/gz_utils_vendor/lib:/opt/ros/kilted/opt/rviz_ogre_vendor/lib:/opt/ros/kilted/lib/aarch64-linux-gnu:/opt/ros/kilted/opt/gz_tools_vendor/lib:/opt/ros/kilted/opt/gz_cmake_vendor/lib:/opt/ros/kilted/lib /usr/bin/cmake /home/pi/ros2_ws/src/vesc/vesc_driver -DAMENT_CMAKE_SYMLINK_INSTALL=1 -DCMAKE_INSTALL_PREFIX=/home/pi/ros2_ws/install/vesc_driver
[0.217s] -- The C compiler identification is GNU 13.3.0
[0.371s] -- The CXX compiler identification is GNU 13.3.0
[0.413s] -- Detecting C compiler ABI info
[0.666s] -- Detecting C compiler ABI info - done
[0.701s] -- Check for working C compiler: /usr/bin/cc - skipped
[0.702s] -- Detecting C compile features
[0.704s] -- Detecting C compile features - done
[0.741s] -- Detecting CXX compiler ABI info
[1.049s] -- Detecting CXX compiler ABI info - done
[1.068s] -- Check for working CXX compiler: /usr/bin/c++ - skipped
[1.070s] -- Detecting CXX compile features
[1.073s] -- Detecting CXX compile features - done
[1.076s] -- Found ament_cmake_auto: 2.7.3 (/opt/ros/kilted/share/ament_cmake_auto/cmake)
[1.404s] -- Found Python3: /usr/bin/python3 (found version "3.12.3") found components: Interpreter 
[1.534s] -- Override CMake install command with custom implementation using symlinks instead of copying resources
[1.797s] -- Found rosidl_generator_c: 4.9.5 (/opt/ros/kilted/share/rosidl_generator_c/cmake)
[1.823s] -- Found rosidl_generator_cpp: 4.9.5 (/opt/ros/kilted/share/rosidl_generator_cpp/cmake)
[1.860s] -- Using all available rosidl_typesupport_c: rosidl_typesupport_fastrtps_c;rosidl_typesupport_introspection_c
[1.907s] -- Using all available rosidl_typesupport_cpp: rosidl_typesupport_fastrtps_cpp;rosidl_typesupport_introspection_cpp
[2.070s] -- Found rmw_implementation_cmake: 7.8.2 (/opt/ros/kilted/share/rmw_implementation_cmake/cmake)
[2.078s] -- Found rmw_fastrtps_cpp: 9.3.3 (/opt/ros/kilted/share/rmw_fastrtps_cpp/cmake)
[2.357s] -- Found OpenSSL: /usr/lib/aarch64-linux-gnu/libcrypto.so (found version "3.0.13")  
[2.378s] -- Using RMW implementation 'rmw_fastrtps_cpp' as default
[2.770s] -- Found asio_cmake_module: 1.2.0 (/opt/ros/kilted/share/asio_cmake_module/cmake)
[2.774s] -- Found ASIO: /usr/include  
[2.931s] -- Performing Test CMAKE_HAVE_LIBC_PTHREAD
[3.225s] -- Performing Test CMAKE_HAVE_LIBC_PTHREAD - Success
[3.227s] -- Found Threads: TRUE  
[3.250s] -- Found ament_lint_auto: 0.19.2 (/opt/ros/kilted/share/ament_lint_auto/cmake)
[3.308s] -- Added test 'copyright' to check source files copyright and LICENSE
[3.312s] -- Added test 'cppcheck' to perform static code analysis on C / C++ code
[3.315s] -- Configured cppcheck include dirs: /home/pi/ros2_ws/src/vesc/vesc_driver/include
[3.315s] -- Configured cppcheck exclude dirs and/or files: 
[3.321s] -- Added test 'cpplint' to check C / C++ code against the Google style
[3.321s] -- Configured cpplint exclude dirs and/or files: 
[3.323s] -- Added test 'flake8' to check Python code syntax and style conventions
[3.323s] -- Configured 'flake8' exclude dirs and/or files: 
[3.325s] -- Added test 'lint_cmake' to check CMake code style
[3.327s] -- Added test 'pep257' to check Python code against some of the docstring style conventions in PEP 257
[3.329s] -- Added test 'uncrustify' to check C / C++ code style
[3.330s] -- Configured uncrustify additional arguments: 
[3.331s] -- Added test 'xmllint' to check XML markup files
[3.340s] -- Configuring done (3.3s)
[3.513s] -- Generating done (0.1s)
[3.542s] -- Build files have been written to: /home/pi/ros2_ws/build/vesc_driver
[3.597s] Invoked command in '/home/pi/ros2_ws/build/vesc_driver' returned '0': CMAKE_PREFIX_PATH=/home/pi/ros2_ws/install/vesc_msgs:/home/pi/ros2_ws/install/vesc:/home/pi/ros2_ws/install/vesc_driver:/opt/ros/kilted/opt/sdformat_vendor:/opt/ros/kilted/opt/gz_math_vendor:/opt/ros/kilted/opt/gz_utils_vendor:/opt/ros/kilted/opt/gz_tools_vendor:/opt/ros/kilted/opt/gz_cmake_vendor:/home/pi/ros2_ws/install/drive:/opt/ros/kilted DEBUGINFOD_URLS=https://debuginfod.ubuntu.com LD_LIBRARY_PATH=/home/pi/ros2_ws/install/vesc_msgs/lib:/home/pi/ros2_ws/install/vesc_driver/lib:/opt/ros/kilted/opt/zenoh_cpp_vendor/lib:/opt/ros/kilted/opt/sdformat_vendor/lib:/opt/ros/kilted/opt/gz_math_vendor/lib:/opt/ros/kilted/opt/gz_utils_vendor/lib:/opt/ros/kilted/opt/rviz_ogre_vendor/lib:/opt/ros/kilted/lib/aarch64-linux-gnu:/opt/ros/kilted/opt/gz_tools_vendor/lib:/opt/ros/kilted/opt/gz_cmake_vendor/lib:/opt/ros/kilted/lib /usr/bin/cmake /home/pi/ros2_ws/src/vesc/vesc_driver -DAMENT_CMAKE_SYMLINK_INSTALL=1 -DCMAKE_INSTALL_PREFIX=/home/pi/ros2_ws/install/vesc_driver
[3.602s] Invoking command in '/home/pi/ros2_ws/build/vesc_driver': CMAKE_PREFIX_PATH=/home/pi/ros2_ws/install/vesc_msgs:/home/pi/ros2_ws/install/vesc:/home/pi/ros2_ws/install/vesc_driver:/opt/ros/kilted/opt/sdformat_vendor:/opt/ros/kilted/opt/gz_math_vendor:/opt/ros/kilted/opt/gz_utils_vendor:/opt/ros/kilted/opt/gz_tools_vendor:/opt/ros/kilted/opt/gz_cmake_vendor:/home/pi/ros2_ws/install/drive:/opt/ros/kilted DEBUGINFOD_URLS=https://debuginfod.ubuntu.com LD_LIBRARY_PATH=/home/pi/ros2_ws/install/vesc_msgs/lib:/home/pi/ros2_ws/install/vesc_driver/lib:/opt/ros/kilted/opt/zenoh_cpp_vendor/lib:/opt/ros/kilted/opt/sdformat_vendor/lib:/opt/ros/kilted/opt/gz_math_vendor/lib:/opt/ros/kilted/opt/gz_utils_vendor/lib:/opt/ros/kilted/opt/rviz_ogre_vendor/lib:/opt/ros/kilted/lib/aarch64-linux-gnu:/opt/ros/kilted/opt/gz_tools_vendor/lib:/opt/ros/kilted/opt/gz_cmake_vendor/lib:/opt/ros/kilted/lib /usr/bin/cmake --build /home/pi/ros2_ws/build/vesc_driver -- -j4 -l4
[3.893s] [ 10%] [32mBuilding CXX object CMakeFiles/vesc_driver_node.dir/rclcpp_components/node_main_vesc_driver_node.cpp.o[0m
[3.909s] [ 20%] [32mBuilding CXX object CMakeFiles/vesc_driver.dir/src/vesc_packet.cpp.o[0m
[3.918s] [ 30%] [32mBuilding CXX object CMakeFiles/vesc_driver.dir/src/vesc_interface.cpp.o[0m
[3.919s] [ 40%] [32mBuilding CXX object CMakeFiles/vesc_driver.dir/src/vesc_driver.cpp.o[0m
[6.987s] [ 50%] [32mBuilding CXX object CMakeFiles/vesc_driver.dir/src/vesc_packet_factory.cpp.o[0m
[12.527s] [ 60%] [32m[1mLinking CXX executable vesc_driver_node[0m
[12.808s] [ 60%] Built target vesc_driver_node
[25.462s] [ 70%] [32m[1mLinking CXX shared library libvesc_driver.so[0m
[27.098s] [ 70%] Built target vesc_driver
[27.140s] [ 90%] [32mBuilding CXX object CMakeFiles/vesc_device_namer.dir/src/vesc_device_namer.cpp.o[0m
[27.141s] [ 90%] [32mBuilding CXX object CMakeFiles/vesc_device_namer.dir/src/vesc_device_uuid_lookup.cpp.o[0m
[28.391s] [100%] [32m[1mLinking CXX executable vesc_device_namer[0m
[29.431s] [100%] Built target vesc_device_namer
[29.455s] Invoked command in '/home/pi/ros2_ws/build/vesc_driver' returned '0': CMAKE_PREFIX_PATH=/home/pi/ros2_ws/install/vesc_msgs:/home/pi/ros2_ws/install/vesc:/home/pi/ros2_ws/install/vesc_driver:/opt/ros/kilted/opt/sdformat_vendor:/opt/ros/kilted/opt/gz_math_vendor:/opt/ros/kilted/opt/gz_utils_vendor:/opt/ros/kilted/opt/gz_tools_vendor:/opt/ros/kilted/opt/gz_cmake_vendor:/home/pi/ros2_ws/install/drive:/opt/ros/kilted DEBUGINFOD_URLS=https://debuginfod.ubuntu.com LD_LIBRARY_PATH=/home/pi/ros2_ws/install/vesc_msgs/lib:/home/pi/ros2_ws/install/vesc_driver/lib:/opt/ros/kilted/opt/zenoh_cpp_vendor/lib:/opt/ros/kilted/opt/sdformat_vendor/lib:/opt/ros/kilted/opt/gz_math_vendor/lib:/opt/ros/kilted/opt/gz_utils_vendor/lib:/opt/ros/kilted/opt/rviz_ogre_vendor/lib:/opt/ros/kilted/lib/aarch64-linux-gnu:/opt/ros/kilted/opt/gz_tools_vendor/lib:/opt/ros/kilted/opt/gz_cmake_vendor/lib:/opt/ros/kilted/lib /usr/bin/cmake --build /home/pi/ros2_ws/build/vesc_driver -- -j4 -l4
[29.459s] Invoking command in '/home/pi/ros2_ws/build/vesc_driver': CMAKE_PREFIX_PATH=/home/pi/ros2_ws/install/vesc_msgs:/home/pi/ros2_ws/install/vesc:/home/pi/ros2_ws/install/vesc_driver:/opt/ros/kilted/opt/sdformat_vendor:/opt/ros/kilted/opt/gz_math_vendor:/opt/ros/kilted/opt/gz_utils_vendor:/opt/ros/kilted/opt/gz_tools_vendor:/opt/ros/kilted/opt/gz_cmake_vendor:/home/pi/ros2_ws/install/drive:/opt/ros/kilted DEBUGINFOD_URLS=https://debuginfod.ubuntu.com LD_LIBRARY_PATH=/home/pi/ros2_ws/install/vesc_msgs/lib:/home/pi/ros2_ws/install/vesc_driver/lib:/opt/ros/kilted/opt/zenoh_cpp_vendor/lib:/opt/ros/kilted/opt/sdformat_vendor/lib:/opt/ros/kilted/opt/gz_math_vendor/lib:/opt/ros/kilted/opt/gz_utils_vendor/lib:/opt/ros/kilted/opt/rviz_ogre_vendor/lib:/opt/ros/kilted/lib/aarch64-linux-gnu:/opt/ros/kilted/opt/gz_tools_vendor/lib:/opt/ros/kilted/opt/gz_cmake_vendor/lib:/opt/ros/kilted/lib /usr/bin/cmake --install /home/pi/ros2_ws/build/vesc_driver
[29.475s] -- Install configuration: ""
[29.475s] -- Execute custom install script
[29.476s] -- Symlinking: /home/pi/ros2_ws/install/vesc_driver/lib/vesc_driver/vesc_driver_node
[29.496s] -- Symlinking: /home/pi/ros2_ws/install/vesc_driver/include/vesc_driver/vesc_driver/crc.hpp
[29.515s] -- Symlinking: /home/pi/ros2_ws/install/vesc_driver/include/vesc_driver/vesc_driver/datatypes.hpp
[29.533s] -- Symlinking: /home/pi/ros2_ws/install/vesc_driver/include/vesc_driver/vesc_driver/vesc_device_uuid_lookup.hpp
[29.551s] -- Symlinking: /home/pi/ros2_ws/install/vesc_driver/include/vesc_driver/vesc_driver/vesc_driver.hpp
[29.572s] -- Symlinking: /home/pi/ros2_ws/install/vesc_driver/include/vesc_driver/vesc_driver/vesc_interface.hpp
[29.590s] -- Symlinking: /home/pi/ros2_ws/install/vesc_driver/include/vesc_driver/vesc_driver/vesc_packet.hpp
[29.608s] -- Symlinking: /home/pi/ros2_ws/install/vesc_driver/include/vesc_driver/vesc_driver/vesc_packet_factory.hpp
[29.627s] -- Symlinking: /home/pi/ros2_ws/install/vesc_driver/share/vesc_driver/environment/library_path.sh
[29.645s] -- Symlinking: /home/pi/ros2_ws/install/vesc_driver/share/vesc_driver/environment/library_path.dsv
[29.667s] -- Symlinking: /home/pi/ros2_ws/install/vesc_driver/lib/libvesc_driver.so
[29.685s] -- Symlinking: /home/pi/ros2_ws/install/vesc_driver/lib/vesc_driver/vesc_device_namer
[29.704s] -- Symlinking: /home/pi/ros2_ws/install/vesc_driver/share/vesc_driver/launch/vesc_driver_node.launch.py
[29.722s] -- Symlinking: /home/pi/ros2_ws/install/vesc_driver/share/vesc_driver/params/vesc_config.yaml
[29.741s] -- Symlinking: /home/pi/ros2_ws/install/vesc_driver/share/ament_index/resource_index/package_run_dependencies/vesc_driver
[29.764s] -- Symlinking: /home/pi/ros2_ws/install/vesc_driver/share/ament_index/resource_index/parent_prefix_path/vesc_driver
[29.782s] -- Symlinking: /home/pi/ros2_ws/install/vesc_driver/share/vesc_driver/environment/ament_prefix_path.sh
[29.802s] -- Symlinking: /home/pi/ros2_ws/install/vesc_driver/share/vesc_driver/environment/ament_prefix_path.dsv
[29.819s] -- Symlinking: /home/pi/ros2_ws/install/vesc_driver/share/vesc_driver/environment/path.sh
[29.839s] -- Symlinking: /home/pi/ros2_ws/install/vesc_driver/share/vesc_driver/environment/path.dsv
[29.861s] -- Symlinking: /home/pi/ros2_ws/install/vesc_driver/share/vesc_driver/local_setup.bash
[29.879s] -- Symlinking: /home/pi/ros2_ws/install/vesc_driver/share/vesc_driver/local_setup.sh
[29.898s] -- Symlinking: /home/pi/ros2_ws/install/vesc_driver/share/vesc_driver/local_setup.zsh
[29.915s] -- Symlinking: /home/pi/ros2_ws/install/vesc_driver/share/vesc_driver/local_setup.dsv
[29.934s] -- Symlinking: /home/pi/ros2_ws/install/vesc_driver/share/vesc_driver/package.dsv
[29.954s] -- Symlinking: /home/pi/ros2_ws/install/vesc_driver/share/ament_index/resource_index/packages/vesc_driver
[29.975s] -- Symlinking: /home/pi/ros2_ws/install/vesc_driver/share/ament_index/resource_index/rclcpp_components/vesc_driver
[29.993s] -- Symlinking: /home/pi/ros2_ws/install/vesc_driver/share/vesc_driver/cmake/ament_cmake_export_dependencies-extras.cmake
[30.011s] -- Symlinking: /home/pi/ros2_ws/install/vesc_driver/share/vesc_driver/cmake/ament_cmake_export_include_directories-extras.cmake
[30.030s] -- Symlinking: /home/pi/ros2_ws/install/vesc_driver/share/vesc_driver/cmake/ament_cmake_export_libraries-extras.cmake
[30.049s] -- Symlinking: /home/pi/ros2_ws/install/vesc_driver/share/vesc_driver/cmake/vesc_driverConfig.cmake
[30.071s] -- Symlinking: /home/pi/ros2_ws/install/vesc_driver/share/vesc_driver/cmake/vesc_driverConfig-version.cmake
[30.090s] -- Symlinking: /home/pi/ros2_ws/install/vesc_driver/share/vesc_driver/package.xml
[30.112s] Invoked command in '/home/pi/ros2_ws/build/vesc_driver' returned '0': CMAKE_PREFIX_PATH=/home/pi/ros2_ws/install/vesc_msgs:/home/pi/ros2_ws/install/vesc:/home/pi/ros2_ws/install/vesc_driver:/opt/ros/kilted/opt/sdformat_vendor:/opt/ros/kilted/opt/gz_math_vendor:/opt/ros/kilted/opt/gz_utils_vendor:/opt/ros/kilted/opt/gz_tools_vendor:/opt/ros/kilted/opt/gz_cmake_vendor:/home/pi/ros2_ws/install/drive:/opt/ros/kilted DEBUGINFOD_URLS=https://debuginfod.ubuntu.com LD_LIBRARY_PATH=/home/pi/ros2_ws/install/vesc_msgs/lib:/home/pi/ros2_ws/install/vesc_driver/lib:/opt/ros/kilted/opt/zenoh_cpp_vendor/lib:/opt/ros/kilted/opt/sdformat_vendor/lib:/opt/ros/kilted/opt/gz_math_vendor/lib:/opt/ros/kilted/opt/gz_utils_vendor/lib:/opt/ros/kilted/opt/rviz_ogre_vendor/lib:/opt/ros/kilted/lib/aarch64-linux-gnu:/opt/ros/kilted/opt/gz_tools_vendor/lib:/opt/ros/kilted/opt/gz_cmake_vendor/lib:/opt/ros/kilted/lib /usr/bin/cmake --install /home/pi/ros2_ws/build/vesc_driver
