running develop
Removing /home/pi/ros2_ws/install/ackermann_vesc_adapter/lib/python3.12/site-packages/ackermann-vesc-adapter.egg-link (link to .)
running egg_info
writing ../../build/ackermann_vesc_adapter/ackermann_vesc_adapter.egg-info/PKG-INFO
writing dependency_links to ../../build/ackermann_vesc_adapter/ackermann_vesc_adapter.egg-info/dependency_links.txt
writing entry points to ../../build/ackermann_vesc_adapter/ackermann_vesc_adapter.egg-info/entry_points.txt
writing requirements to ../../build/ackermann_vesc_adapter/ackermann_vesc_adapter.egg-info/requires.txt
writing top-level names to ../../build/ackermann_vesc_adapter/ackermann_vesc_adapter.egg-info/top_level.txt
reading manifest file '../../build/ackermann_vesc_adapter/ackermann_vesc_adapter.egg-info/SOURCES.txt'
writing manifest file '../../build/ackermann_vesc_adapter/ackermann_vesc_adapter.egg-info/SOURCES.txt'
running build
running build_py
creating /home/pi/ros2_ws/build/ackermann_vesc_adapter/build
creating /home/pi/ros2_ws/build/ackermann_vesc_adapter/build/lib
creating /home/pi/ros2_ws/build/ackermann_vesc_adapter/build/lib/ackermann_vesc_adapter
copying ackermann_vesc_adapter/__init__.py -> /home/pi/ros2_ws/build/ackermann_vesc_adapter/build/lib/ackermann_vesc_adapter
copying ackermann_vesc_adapter/ackermann_to_vesc.py -> /home/pi/ros2_ws/build/ackermann_vesc_adapter/build/lib/ackermann_vesc_adapter
running install
running install_lib
creating /home/pi/ros2_ws/install/ackermann_vesc_adapter/lib/python3.12/site-packages/ackermann_vesc_adapter
copying /home/pi/ros2_ws/build/ackermann_vesc_adapter/build/lib/ackermann_vesc_adapter/__init__.py -> /home/pi/ros2_ws/install/ackermann_vesc_adapter/lib/python3.12/site-packages/ackermann_vesc_adapter
copying /home/pi/ros2_ws/build/ackermann_vesc_adapter/build/lib/ackermann_vesc_adapter/ackermann_to_vesc.py -> /home/pi/ros2_ws/install/ackermann_vesc_adapter/lib/python3.12/site-packages/ackermann_vesc_adapter
byte-compiling /home/pi/ros2_ws/install/ackermann_vesc_adapter/lib/python3.12/site-packages/ackermann_vesc_adapter/__init__.py to __init__.cpython-312.pyc
byte-compiling /home/pi/ros2_ws/install/ackermann_vesc_adapter/lib/python3.12/site-packages/ackermann_vesc_adapter/ackermann_to_vesc.py to ackermann_to_vesc.cpython-312.pyc
running install_data
copying resource/ackermann_vesc_adapter -> /home/pi/ros2_ws/install/ackermann_vesc_adapter/share/ament_index/resource_index/packages
copying package.xml -> /home/pi/ros2_ws/install/ackermann_vesc_adapter/share/ackermann_vesc_adapter
running install_egg_info
Copying ../../build/ackermann_vesc_adapter/ackermann_vesc_adapter.egg-info to /home/pi/ros2_ws/install/ackermann_vesc_adapter/lib/python3.12/site-packages/ackermann_vesc_adapter-0.0.0-py3.12.egg-info
running install_scripts
Installing ackermann_to_vesc script to /home/pi/ros2_ws/install/ackermann_vesc_adapter/lib/ackermann_vesc_adapter
writing list of installed files to '/home/pi/ros2_ws/build/ackermann_vesc_adapter/install.log'
