[0.060s] Invoking command in '/home/pi/ros2_ws/build/vesc_driver': CMAKE_PREFIX_PATH=/home/pi/ros2_ws/install/vesc_msgs:/home/pi/ros2_ws/install/vesc:/home/pi/ros2_ws/install/vesc_driver:/home/pi/ros2_ws/install/gazebo_ackermann_steering_vehicle:/opt/ros/kilted/opt/sdformat_vendor:/opt/ros/kilted/opt/gz_math_vendor:/opt/ros/kilted/opt/gz_utils_vendor:/opt/ros/kilted/opt/gz_tools_vendor:/opt/ros/kilted/opt/gz_cmake_vendor:/home/pi/ros2_ws/install/drive:/home/pi/ros2_ws/install/ackermann_vesc_adapter:/home/pi/ros2_ws/install/ackermann_teleop:/opt/ros/kilted DEBUGINFOD_URLS=https://debuginfod.ubuntu.com LD_LIBRARY_PATH=/home/pi/ros2_ws/install/vesc_msgs/lib:/home/pi/ros2_ws/install/vesc_driver/lib:/opt/ros/kilted/opt/zenoh_cpp_vendor/lib:/opt/ros/kilted/opt/sdformat_vendor/lib:/opt/ros/kilted/opt/gz_math_vendor/lib:/opt/ros/kilted/opt/gz_utils_vendor/lib:/opt/ros/kilted/opt/rviz_ogre_vendor/lib:/opt/ros/kilted/lib/aarch64-linux-gnu:/opt/ros/kilted/opt/gz_tools_vendor/lib:/opt/ros/kilted/opt/gz_cmake_vendor/lib:/opt/ros/kilted/lib /usr/bin/cmake /home/pi/ros2_ws/src/vesc/vesc_driver -DCMAKE_INSTALL_PREFIX=/home/pi/ros2_ws/install/vesc_driver
[0.106s] -- Found ament_cmake_auto: 2.7.3 (/opt/ros/kilted/share/ament_cmake_auto/cmake)
[0.643s] -- Override CMake install command with custom implementation using symlinks instead of copying resources
[0.878s] -- Found rosidl_generator_c: 4.9.5 (/opt/ros/kilted/share/rosidl_generator_c/cmake)
[0.891s] -- Found rosidl_generator_cpp: 4.9.5 (/opt/ros/kilted/share/rosidl_generator_cpp/cmake)
[0.908s] -- Using all available rosidl_typesupport_c: rosidl_typesupport_fastrtps_c;rosidl_typesupport_introspection_c
[0.931s] -- Using all available rosidl_typesupport_cpp: rosidl_typesupport_fastrtps_cpp;rosidl_typesupport_introspection_cpp
[1.014s] -- Found rmw_implementation_cmake: 7.8.2 (/opt/ros/kilted/share/rmw_implementation_cmake/cmake)
[1.016s] -- Found rmw_fastrtps_cpp: 9.3.3 (/opt/ros/kilted/share/rmw_fastrtps_cpp/cmake)
[1.079s] -- Using RMW implementation 'rmw_fastrtps_cpp' as default
[1.384s] -- Found asio_cmake_module: 1.2.0 (/opt/ros/kilted/share/asio_cmake_module/cmake)
[1.743s] -- Found ament_lint_auto: 0.19.2 (/opt/ros/kilted/share/ament_lint_auto/cmake)
[1.783s] -- Added test 'copyright' to check source files copyright and LICENSE
[1.793s] -- Added test 'cppcheck' to perform static code analysis on C / C++ code
[1.794s] -- Configured cppcheck include dirs: /home/pi/ros2_ws/src/vesc/vesc_driver/include
[1.794s] -- Configured cppcheck exclude dirs and/or files: 
[1.797s] -- Added test 'cpplint' to check C / C++ code against the Google style
[1.797s] -- Configured cpplint exclude dirs and/or files: 
[1.797s] -- Added test 'flake8' to check Python code syntax and style conventions
[1.798s] -- Configured 'flake8' exclude dirs and/or files: 
[1.799s] -- Added test 'lint_cmake' to check CMake code style
[1.800s] -- Added test 'pep257' to check Python code against some of the docstring style conventions in PEP 257
[1.802s] -- Added test 'uncrustify' to check C / C++ code style
[1.802s] -- Configured uncrustify additional arguments: 
[1.803s] -- Added test 'xmllint' to check XML markup files
[1.826s] -- Configuring done (1.7s)
[2.064s] -- Generating done (0.2s)
[2.088s] -- Build files have been written to: /home/pi/ros2_ws/build/vesc_driver
[2.118s] Invoked command in '/home/pi/ros2_ws/build/vesc_driver' returned '0': CMAKE_PREFIX_PATH=/home/pi/ros2_ws/install/vesc_msgs:/home/pi/ros2_ws/install/vesc:/home/pi/ros2_ws/install/vesc_driver:/home/pi/ros2_ws/install/gazebo_ackermann_steering_vehicle:/opt/ros/kilted/opt/sdformat_vendor:/opt/ros/kilted/opt/gz_math_vendor:/opt/ros/kilted/opt/gz_utils_vendor:/opt/ros/kilted/opt/gz_tools_vendor:/opt/ros/kilted/opt/gz_cmake_vendor:/home/pi/ros2_ws/install/drive:/home/pi/ros2_ws/install/ackermann_vesc_adapter:/home/pi/ros2_ws/install/ackermann_teleop:/opt/ros/kilted DEBUGINFOD_URLS=https://debuginfod.ubuntu.com LD_LIBRARY_PATH=/home/pi/ros2_ws/install/vesc_msgs/lib:/home/pi/ros2_ws/install/vesc_driver/lib:/opt/ros/kilted/opt/zenoh_cpp_vendor/lib:/opt/ros/kilted/opt/sdformat_vendor/lib:/opt/ros/kilted/opt/gz_math_vendor/lib:/opt/ros/kilted/opt/gz_utils_vendor/lib:/opt/ros/kilted/opt/rviz_ogre_vendor/lib:/opt/ros/kilted/lib/aarch64-linux-gnu:/opt/ros/kilted/opt/gz_tools_vendor/lib:/opt/ros/kilted/opt/gz_cmake_vendor/lib:/opt/ros/kilted/lib /usr/bin/cmake /home/pi/ros2_ws/src/vesc/vesc_driver -DCMAKE_INSTALL_PREFIX=/home/pi/ros2_ws/install/vesc_driver
[2.123s] Invoking command in '/home/pi/ros2_ws/build/vesc_driver': CMAKE_PREFIX_PATH=/home/pi/ros2_ws/install/vesc_msgs:/home/pi/ros2_ws/install/vesc:/home/pi/ros2_ws/install/vesc_driver:/home/pi/ros2_ws/install/gazebo_ackermann_steering_vehicle:/opt/ros/kilted/opt/sdformat_vendor:/opt/ros/kilted/opt/gz_math_vendor:/opt/ros/kilted/opt/gz_utils_vendor:/opt/ros/kilted/opt/gz_tools_vendor:/opt/ros/kilted/opt/gz_cmake_vendor:/home/pi/ros2_ws/install/drive:/home/pi/ros2_ws/install/ackermann_vesc_adapter:/home/pi/ros2_ws/install/ackermann_teleop:/opt/ros/kilted DEBUGINFOD_URLS=https://debuginfod.ubuntu.com LD_LIBRARY_PATH=/home/pi/ros2_ws/install/vesc_msgs/lib:/home/pi/ros2_ws/install/vesc_driver/lib:/opt/ros/kilted/opt/zenoh_cpp_vendor/lib:/opt/ros/kilted/opt/sdformat_vendor/lib:/opt/ros/kilted/opt/gz_math_vendor/lib:/opt/ros/kilted/opt/gz_utils_vendor/lib:/opt/ros/kilted/opt/rviz_ogre_vendor/lib:/opt/ros/kilted/lib/aarch64-linux-gnu:/opt/ros/kilted/opt/gz_tools_vendor/lib:/opt/ros/kilted/opt/gz_cmake_vendor/lib:/opt/ros/kilted/lib /usr/bin/cmake --build /home/pi/ros2_ws/build/vesc_driver -- -j4 -l4
[2.253s] [ 20%] Built target vesc_driver_node
[2.282s] [ 70%] Built target vesc_driver
[2.335s] [100%] Built target vesc_device_namer
[2.357s] Invoked command in '/home/pi/ros2_ws/build/vesc_driver' returned '0': CMAKE_PREFIX_PATH=/home/pi/ros2_ws/install/vesc_msgs:/home/pi/ros2_ws/install/vesc:/home/pi/ros2_ws/install/vesc_driver:/home/pi/ros2_ws/install/gazebo_ackermann_steering_vehicle:/opt/ros/kilted/opt/sdformat_vendor:/opt/ros/kilted/opt/gz_math_vendor:/opt/ros/kilted/opt/gz_utils_vendor:/opt/ros/kilted/opt/gz_tools_vendor:/opt/ros/kilted/opt/gz_cmake_vendor:/home/pi/ros2_ws/install/drive:/home/pi/ros2_ws/install/ackermann_vesc_adapter:/home/pi/ros2_ws/install/ackermann_teleop:/opt/ros/kilted DEBUGINFOD_URLS=https://debuginfod.ubuntu.com LD_LIBRARY_PATH=/home/pi/ros2_ws/install/vesc_msgs/lib:/home/pi/ros2_ws/install/vesc_driver/lib:/opt/ros/kilted/opt/zenoh_cpp_vendor/lib:/opt/ros/kilted/opt/sdformat_vendor/lib:/opt/ros/kilted/opt/gz_math_vendor/lib:/opt/ros/kilted/opt/gz_utils_vendor/lib:/opt/ros/kilted/opt/rviz_ogre_vendor/lib:/opt/ros/kilted/lib/aarch64-linux-gnu:/opt/ros/kilted/opt/gz_tools_vendor/lib:/opt/ros/kilted/opt/gz_cmake_vendor/lib:/opt/ros/kilted/lib /usr/bin/cmake --build /home/pi/ros2_ws/build/vesc_driver -- -j4 -l4
[2.360s] Invoking command in '/home/pi/ros2_ws/build/vesc_driver': CMAKE_PREFIX_PATH=/home/pi/ros2_ws/install/vesc_msgs:/home/pi/ros2_ws/install/vesc:/home/pi/ros2_ws/install/vesc_driver:/home/pi/ros2_ws/install/gazebo_ackermann_steering_vehicle:/opt/ros/kilted/opt/sdformat_vendor:/opt/ros/kilted/opt/gz_math_vendor:/opt/ros/kilted/opt/gz_utils_vendor:/opt/ros/kilted/opt/gz_tools_vendor:/opt/ros/kilted/opt/gz_cmake_vendor:/home/pi/ros2_ws/install/drive:/home/pi/ros2_ws/install/ackermann_vesc_adapter:/home/pi/ros2_ws/install/ackermann_teleop:/opt/ros/kilted DEBUGINFOD_URLS=https://debuginfod.ubuntu.com LD_LIBRARY_PATH=/home/pi/ros2_ws/install/vesc_msgs/lib:/home/pi/ros2_ws/install/vesc_driver/lib:/opt/ros/kilted/opt/zenoh_cpp_vendor/lib:/opt/ros/kilted/opt/sdformat_vendor/lib:/opt/ros/kilted/opt/gz_math_vendor/lib:/opt/ros/kilted/opt/gz_utils_vendor/lib:/opt/ros/kilted/opt/rviz_ogre_vendor/lib:/opt/ros/kilted/lib/aarch64-linux-gnu:/opt/ros/kilted/opt/gz_tools_vendor/lib:/opt/ros/kilted/opt/gz_cmake_vendor/lib:/opt/ros/kilted/lib /usr/bin/cmake --install /home/pi/ros2_ws/build/vesc_driver
[2.375s] -- Install configuration: ""
[2.376s] -- Execute custom install script
[2.377s] -- Up-to-date symlink: /home/pi/ros2_ws/install/vesc_driver/lib/vesc_driver/vesc_driver_node
[2.379s] -- Up-to-date symlink: /home/pi/ros2_ws/install/vesc_driver/include/vesc_driver/vesc_driver/crc.hpp
[2.380s] -- Up-to-date symlink: /home/pi/ros2_ws/install/vesc_driver/include/vesc_driver/vesc_driver/datatypes.hpp
[2.380s] -- Up-to-date symlink: /home/pi/ros2_ws/install/vesc_driver/include/vesc_driver/vesc_driver/vesc_device_uuid_lookup.hpp
[2.381s] -- Up-to-date symlink: /home/pi/ros2_ws/install/vesc_driver/include/vesc_driver/vesc_driver/vesc_driver.hpp
[2.381s] -- Up-to-date symlink: /home/pi/ros2_ws/install/vesc_driver/include/vesc_driver/vesc_driver/vesc_interface.hpp
[2.381s] -- Up-to-date symlink: /home/pi/ros2_ws/install/vesc_driver/include/vesc_driver/vesc_driver/vesc_packet.hpp
[2.382s] -- Up-to-date symlink: /home/pi/ros2_ws/install/vesc_driver/include/vesc_driver/vesc_driver/vesc_packet_factory.hpp
[2.383s] -- Up-to-date symlink: /home/pi/ros2_ws/install/vesc_driver/share/vesc_driver/environment/library_path.sh
[2.383s] -- Up-to-date symlink: /home/pi/ros2_ws/install/vesc_driver/share/vesc_driver/environment/library_path.dsv
[2.383s] -- Up-to-date symlink: /home/pi/ros2_ws/install/vesc_driver/lib/libvesc_driver.so
[2.384s] -- Up-to-date symlink: /home/pi/ros2_ws/install/vesc_driver/lib/vesc_driver/vesc_device_namer
[2.384s] -- Up-to-date symlink: /home/pi/ros2_ws/install/vesc_driver/share/vesc_driver/launch/vesc_driver_node.launch.py
[2.384s] -- Up-to-date symlink: /home/pi/ros2_ws/install/vesc_driver/share/vesc_driver/params/vesc_config.yaml
[2.385s] -- Up-to-date symlink: /home/pi/ros2_ws/install/vesc_driver/share/ament_index/resource_index/package_run_dependencies/vesc_driver
[2.385s] -- Up-to-date symlink: /home/pi/ros2_ws/install/vesc_driver/share/ament_index/resource_index/parent_prefix_path/vesc_driver
[2.386s] -- Up-to-date symlink: /home/pi/ros2_ws/install/vesc_driver/share/vesc_driver/environment/ament_prefix_path.sh
[2.386s] -- Up-to-date symlink: /home/pi/ros2_ws/install/vesc_driver/share/vesc_driver/environment/ament_prefix_path.dsv
[2.387s] -- Up-to-date symlink: /home/pi/ros2_ws/install/vesc_driver/share/vesc_driver/environment/path.sh
[2.387s] -- Up-to-date symlink: /home/pi/ros2_ws/install/vesc_driver/share/vesc_driver/environment/path.dsv
[2.388s] -- Up-to-date symlink: /home/pi/ros2_ws/install/vesc_driver/share/vesc_driver/local_setup.bash
[2.388s] -- Up-to-date symlink: /home/pi/ros2_ws/install/vesc_driver/share/vesc_driver/local_setup.sh
[2.389s] -- Up-to-date symlink: /home/pi/ros2_ws/install/vesc_driver/share/vesc_driver/local_setup.zsh
[2.389s] -- Up-to-date symlink: /home/pi/ros2_ws/install/vesc_driver/share/vesc_driver/local_setup.dsv
[2.389s] -- Symlinking: /home/pi/ros2_ws/install/vesc_driver/share/vesc_driver/package.dsv
[2.410s] -- Up-to-date symlink: /home/pi/ros2_ws/install/vesc_driver/share/ament_index/resource_index/packages/vesc_driver
[2.411s] -- Up-to-date symlink: /home/pi/ros2_ws/install/vesc_driver/share/ament_index/resource_index/rclcpp_components/vesc_driver
[2.412s] -- Up-to-date symlink: /home/pi/ros2_ws/install/vesc_driver/share/vesc_driver/cmake/ament_cmake_export_dependencies-extras.cmake
[2.413s] -- Up-to-date symlink: /home/pi/ros2_ws/install/vesc_driver/share/vesc_driver/cmake/ament_cmake_export_include_directories-extras.cmake
[2.413s] -- Up-to-date symlink: /home/pi/ros2_ws/install/vesc_driver/share/vesc_driver/cmake/ament_cmake_export_libraries-extras.cmake
[2.414s] -- Up-to-date symlink: /home/pi/ros2_ws/install/vesc_driver/share/vesc_driver/cmake/vesc_driverConfig.cmake
[2.414s] -- Up-to-date symlink: /home/pi/ros2_ws/install/vesc_driver/share/vesc_driver/cmake/vesc_driverConfig-version.cmake
[2.415s] -- Up-to-date symlink: /home/pi/ros2_ws/install/vesc_driver/share/vesc_driver/package.xml
[2.418s] Invoked command in '/home/pi/ros2_ws/build/vesc_driver' returned '0': CMAKE_PREFIX_PATH=/home/pi/ros2_ws/install/vesc_msgs:/home/pi/ros2_ws/install/vesc:/home/pi/ros2_ws/install/vesc_driver:/home/pi/ros2_ws/install/gazebo_ackermann_steering_vehicle:/opt/ros/kilted/opt/sdformat_vendor:/opt/ros/kilted/opt/gz_math_vendor:/opt/ros/kilted/opt/gz_utils_vendor:/opt/ros/kilted/opt/gz_tools_vendor:/opt/ros/kilted/opt/gz_cmake_vendor:/home/pi/ros2_ws/install/drive:/home/pi/ros2_ws/install/ackermann_vesc_adapter:/home/pi/ros2_ws/install/ackermann_teleop:/opt/ros/kilted DEBUGINFOD_URLS=https://debuginfod.ubuntu.com LD_LIBRARY_PATH=/home/pi/ros2_ws/install/vesc_msgs/lib:/home/pi/ros2_ws/install/vesc_driver/lib:/opt/ros/kilted/opt/zenoh_cpp_vendor/lib:/opt/ros/kilted/opt/sdformat_vendor/lib:/opt/ros/kilted/opt/gz_math_vendor/lib:/opt/ros/kilted/opt/gz_utils_vendor/lib:/opt/ros/kilted/opt/rviz_ogre_vendor/lib:/opt/ros/kilted/lib/aarch64-linux-gnu:/opt/ros/kilted/opt/gz_tools_vendor/lib:/opt/ros/kilted/opt/gz_cmake_vendor/lib:/opt/ros/kilted/lib /usr/bin/cmake --install /home/pi/ros2_ws/build/vesc_driver
