-- The C compiler identification is GNU 13.3.0
-- The CXX compiler identification is GNU 13.3.0
-- Detecting C compiler ABI info
-- Detecting C compiler ABI info - done
-- Check for working C compiler: /usr/bin/cc - skipped
-- Detecting C compile features
-- Detecting C compile features - done
-- Detecting CXX compiler ABI info
-- Detecting CXX compiler ABI info - done
-- Check for working CXX compiler: /usr/bin/c++ - skipped
-- Detecting CXX compile features
-- Detecting CXX compile features - done
-- Found ament_cmake_auto: 2.7.3 (/opt/ros/kilted/share/ament_cmake_auto/cmake)
-- Found Python3: /usr/bin/python3 (found version "3.12.3") found components: Interpreter 
-- Override CMake install command with custom implementation using symlinks instead of copying resources
-- Configuring done (1.2s)
-- Generating done (0.0s)
-- Build files have been written to: /home/pi/ros2_ws/build/vesc
-- Install configuration: ""
-- Execute custom install script
-- Symlinking: /home/pi/ros2_ws/install/vesc/share/ament_index/resource_index/package_run_dependencies/vesc
-- Symlinking: /home/pi/ros2_ws/install/vesc/share/ament_index/resource_index/parent_prefix_path/vesc
-- Symlinking: /home/pi/ros2_ws/install/vesc/share/vesc/environment/ament_prefix_path.sh
-- Symlinking: /home/pi/ros2_ws/install/vesc/share/vesc/environment/ament_prefix_path.dsv
-- Symlinking: /home/pi/ros2_ws/install/vesc/share/vesc/environment/path.sh
-- Symlinking: /home/pi/ros2_ws/install/vesc/share/vesc/environment/path.dsv
-- Symlinking: /home/pi/ros2_ws/install/vesc/share/vesc/local_setup.bash
-- Symlinking: /home/pi/ros2_ws/install/vesc/share/vesc/local_setup.sh
-- Symlinking: /home/pi/ros2_ws/install/vesc/share/vesc/local_setup.zsh
-- Symlinking: /home/pi/ros2_ws/install/vesc/share/vesc/local_setup.dsv
-- Symlinking: /home/pi/ros2_ws/install/vesc/share/vesc/package.dsv
-- Symlinking: /home/pi/ros2_ws/install/vesc/share/ament_index/resource_index/packages/vesc
-- Symlinking: /home/pi/ros2_ws/install/vesc/share/vesc/cmake/vescConfig.cmake
-- Symlinking: /home/pi/ros2_ws/install/vesc/share/vesc/cmake/vescConfig-version.cmake
-- Symlinking: /home/pi/ros2_ws/install/vesc/share/vesc/package.xml
