[0.029s] Invoking command in '/home/pi/ros2_ws/build/vesc': CMAKE_PREFIX_PATH=/home/pi/ros2_ws/install/vesc_driver:/home/pi/ros2_ws/install/vesc_msgs:/home/pi/ros2_ws/install/vesc:/opt/ros/kilted/opt/sdformat_vendor:/opt/ros/kilted/opt/gz_math_vendor:/opt/ros/kilted/opt/gz_utils_vendor:/opt/ros/kilted/opt/gz_tools_vendor:/opt/ros/kilted/opt/gz_cmake_vendor:/home/pi/ros2_ws/install/drive:/opt/ros/kilted DEBUGINFOD_URLS=https://debuginfod.ubuntu.com /usr/bin/cmake /home/pi/ros2_ws/src/vesc/vesc -DAMENT_CMAKE_SYMLINK_INSTALL=1 -DCMAKE_INSTALL_PREFIX=/home/pi/ros2_ws/install/vesc
[0.142s] -- The C compiler identification is GNU 13.3.0
[0.251s] -- The CXX compiler identification is GNU 13.3.0
[0.280s] -- Detecting C compiler ABI info
[0.461s] -- Detecting C compiler ABI info - done
[0.476s] -- Check for working C compiler: /usr/bin/cc - skipped
[0.477s] -- Detecting C compile features
[0.477s] -- Detecting C compile features - done
[0.492s] -- Detecting CXX compiler ABI info
[0.686s] -- Detecting CXX compiler ABI info - done
[0.702s] -- Check for working CXX compiler: /usr/bin/c++ - skipped
[0.702s] -- Detecting CXX compile features
[0.703s] -- Detecting CXX compile features - done
[0.706s] -- Found ament_cmake_auto: 2.7.3 (/opt/ros/kilted/share/ament_cmake_auto/cmake)
[0.949s] -- Found Python3: /usr/bin/python3 (found version "3.12.3") found components: Interpreter 
[1.073s] -- Override CMake install command with custom implementation using symlinks instead of copying resources
[1.283s] -- Configuring done (1.2s)
[1.288s] -- Generating done (0.0s)
[1.291s] -- Build files have been written to: /home/pi/ros2_ws/build/vesc
[1.300s] Invoked command in '/home/pi/ros2_ws/build/vesc' returned '0': CMAKE_PREFIX_PATH=/home/pi/ros2_ws/install/vesc_driver:/home/pi/ros2_ws/install/vesc_msgs:/home/pi/ros2_ws/install/vesc:/opt/ros/kilted/opt/sdformat_vendor:/opt/ros/kilted/opt/gz_math_vendor:/opt/ros/kilted/opt/gz_utils_vendor:/opt/ros/kilted/opt/gz_tools_vendor:/opt/ros/kilted/opt/gz_cmake_vendor:/home/pi/ros2_ws/install/drive:/opt/ros/kilted DEBUGINFOD_URLS=https://debuginfod.ubuntu.com /usr/bin/cmake /home/pi/ros2_ws/src/vesc/vesc -DAMENT_CMAKE_SYMLINK_INSTALL=1 -DCMAKE_INSTALL_PREFIX=/home/pi/ros2_ws/install/vesc
[1.301s] Invoking command in '/home/pi/ros2_ws/build/vesc': CMAKE_PREFIX_PATH=/home/pi/ros2_ws/install/vesc_driver:/home/pi/ros2_ws/install/vesc_msgs:/home/pi/ros2_ws/install/vesc:/opt/ros/kilted/opt/sdformat_vendor:/opt/ros/kilted/opt/gz_math_vendor:/opt/ros/kilted/opt/gz_utils_vendor:/opt/ros/kilted/opt/gz_tools_vendor:/opt/ros/kilted/opt/gz_cmake_vendor:/home/pi/ros2_ws/install/drive:/opt/ros/kilted DEBUGINFOD_URLS=https://debuginfod.ubuntu.com /usr/bin/cmake --build /home/pi/ros2_ws/build/vesc -- -j4 -l4
[1.382s] Invoked command in '/home/pi/ros2_ws/build/vesc' returned '0': CMAKE_PREFIX_PATH=/home/pi/ros2_ws/install/vesc_driver:/home/pi/ros2_ws/install/vesc_msgs:/home/pi/ros2_ws/install/vesc:/opt/ros/kilted/opt/sdformat_vendor:/opt/ros/kilted/opt/gz_math_vendor:/opt/ros/kilted/opt/gz_utils_vendor:/opt/ros/kilted/opt/gz_tools_vendor:/opt/ros/kilted/opt/gz_cmake_vendor:/home/pi/ros2_ws/install/drive:/opt/ros/kilted DEBUGINFOD_URLS=https://debuginfod.ubuntu.com /usr/bin/cmake --build /home/pi/ros2_ws/build/vesc -- -j4 -l4
[1.384s] Invoking command in '/home/pi/ros2_ws/build/vesc': CMAKE_PREFIX_PATH=/home/pi/ros2_ws/install/vesc_driver:/home/pi/ros2_ws/install/vesc_msgs:/home/pi/ros2_ws/install/vesc:/opt/ros/kilted/opt/sdformat_vendor:/opt/ros/kilted/opt/gz_math_vendor:/opt/ros/kilted/opt/gz_utils_vendor:/opt/ros/kilted/opt/gz_tools_vendor:/opt/ros/kilted/opt/gz_cmake_vendor:/home/pi/ros2_ws/install/drive:/opt/ros/kilted DEBUGINFOD_URLS=https://debuginfod.ubuntu.com /usr/bin/cmake --install /home/pi/ros2_ws/build/vesc
[1.400s] -- Install configuration: ""
[1.401s] -- Execute custom install script
[1.401s] -- Symlinking: /home/pi/ros2_ws/install/vesc/share/ament_index/resource_index/package_run_dependencies/vesc
[1.423s] -- Symlinking: /home/pi/ros2_ws/install/vesc/share/ament_index/resource_index/parent_prefix_path/vesc
[1.442s] -- Symlinking: /home/pi/ros2_ws/install/vesc/share/vesc/environment/ament_prefix_path.sh
[1.461s] -- Symlinking: /home/pi/ros2_ws/install/vesc/share/vesc/environment/ament_prefix_path.dsv
[1.479s] -- Symlinking: /home/pi/ros2_ws/install/vesc/share/vesc/environment/path.sh
[1.498s] -- Symlinking: /home/pi/ros2_ws/install/vesc/share/vesc/environment/path.dsv
[1.517s] -- Symlinking: /home/pi/ros2_ws/install/vesc/share/vesc/local_setup.bash
[1.540s] -- Symlinking: /home/pi/ros2_ws/install/vesc/share/vesc/local_setup.sh
[1.560s] -- Symlinking: /home/pi/ros2_ws/install/vesc/share/vesc/local_setup.zsh
[1.579s] -- Symlinking: /home/pi/ros2_ws/install/vesc/share/vesc/local_setup.dsv
[1.597s] -- Symlinking: /home/pi/ros2_ws/install/vesc/share/vesc/package.dsv
[1.615s] -- Symlinking: /home/pi/ros2_ws/install/vesc/share/ament_index/resource_index/packages/vesc
[1.637s] -- Symlinking: /home/pi/ros2_ws/install/vesc/share/vesc/cmake/vescConfig.cmake
[1.656s] -- Symlinking: /home/pi/ros2_ws/install/vesc/share/vesc/cmake/vescConfig-version.cmake
[1.675s] -- Symlinking: /home/pi/ros2_ws/install/vesc/share/vesc/package.xml
[1.696s] Invoked command in '/home/pi/ros2_ws/build/vesc' returned '0': CMAKE_PREFIX_PATH=/home/pi/ros2_ws/install/vesc_driver:/home/pi/ros2_ws/install/vesc_msgs:/home/pi/ros2_ws/install/vesc:/opt/ros/kilted/opt/sdformat_vendor:/opt/ros/kilted/opt/gz_math_vendor:/opt/ros/kilted/opt/gz_utils_vendor:/opt/ros/kilted/opt/gz_tools_vendor:/opt/ros/kilted/opt/gz_cmake_vendor:/home/pi/ros2_ws/install/drive:/opt/ros/kilted DEBUGINFOD_URLS=https://debuginfod.ubuntu.com /usr/bin/cmake --install /home/pi/ros2_ws/build/vesc
