running develop
Removing /home/pi/ros2_ws/install/ackermann_teleop/lib/python3.12/site-packages/ackermann-teleop.egg-link (link to .)
running egg_info
writing ../../build/ackermann_teleop/ackermann_teleop.egg-info/PKG-INFO
writing dependency_links to ../../build/ackermann_teleop/ackermann_teleop.egg-info/dependency_links.txt
writing entry points to ../../build/ackermann_teleop/ackermann_teleop.egg-info/entry_points.txt
writing requirements to ../../build/ackermann_teleop/ackermann_teleop.egg-info/requires.txt
writing top-level names to ../../build/ackermann_teleop/ackermann_teleop.egg-info/top_level.txt
reading manifest file '../../build/ackermann_teleop/ackermann_teleop.egg-info/SOURCES.txt'
writing manifest file '../../build/ackermann_teleop/ackermann_teleop.egg-info/SOURCES.txt'
running build
running build_py
creating /home/pi/ros2_ws/build/ackermann_teleop/build
creating /home/pi/ros2_ws/build/ackermann_teleop/build/lib
creating /home/pi/ros2_ws/build/ackermann_teleop/build/lib/ackermann_teleop
copying ackermann_teleop/__init__.py -> /home/pi/ros2_ws/build/ackermann_teleop/build/lib/ackermann_teleop
copying ackermann_teleop/keyboard_teleop.py -> /home/pi/ros2_ws/build/ackermann_teleop/build/lib/ackermann_teleop
running install
running install_lib
creating /home/pi/ros2_ws/install/ackermann_teleop/lib/python3.12/site-packages/ackermann_teleop
copying /home/pi/ros2_ws/build/ackermann_teleop/build/lib/ackermann_teleop/__init__.py -> /home/pi/ros2_ws/install/ackermann_teleop/lib/python3.12/site-packages/ackermann_teleop
copying /home/pi/ros2_ws/build/ackermann_teleop/build/lib/ackermann_teleop/keyboard_teleop.py -> /home/pi/ros2_ws/install/ackermann_teleop/lib/python3.12/site-packages/ackermann_teleop
byte-compiling /home/pi/ros2_ws/install/ackermann_teleop/lib/python3.12/site-packages/ackermann_teleop/__init__.py to __init__.cpython-312.pyc
byte-compiling /home/pi/ros2_ws/install/ackermann_teleop/lib/python3.12/site-packages/ackermann_teleop/keyboard_teleop.py to keyboard_teleop.cpython-312.pyc
running install_data
copying resource/ackermann_teleop -> /home/pi/ros2_ws/install/ackermann_teleop/share/ament_index/resource_index/packages
copying package.xml -> /home/pi/ros2_ws/install/ackermann_teleop/share/ackermann_teleop
running install_egg_info
Copying ../../build/ackermann_teleop/ackermann_teleop.egg-info to /home/pi/ros2_ws/install/ackermann_teleop/lib/python3.12/site-packages/ackermann_teleop-0.0.0-py3.12.egg-info
running install_scripts
Installing keyboard_teleop script to /home/pi/ros2_ws/install/ackermann_teleop/lib/ackermann_teleop
writing list of installed files to '/home/pi/ros2_ws/build/ackermann_teleop/install.log'
