[3.123s] Invoking command in '/home/pi/ros2_ws/build/ackermann_teleop': DEBUGINFOD_URLS=https://debuginfod.ubuntu.com PYTHONPATH=/home/pi/ros2_ws/build/ackermann_teleop/prefix_override:/usr/lib/python3/dist-packages/colcon_core/task/python/colcon_distutils_commands:/home/pi/ros2_ws/install/ackermann_teleop/lib/python3.12/site-packages:${PYTHONPATH} /usr/bin/python3 -W ignore:setup.py install is deprecated -W ignore:easy_install command is deprecated setup.py develop --uninstall --editable --build-directory /home/pi/ros2_ws/build/ackermann_teleop/build
[3.754s] running develop
[4.187s] Removing /home/pi/ros2_ws/install/ackermann_teleop/lib/python3.12/site-packages/ackermann-teleop.egg-link (link to .)
[4.446s] Invoked command in '/home/pi/ros2_ws/build/ackermann_teleop' returned '0': DEBUGINFOD_URLS=https://debuginfod.ubuntu.com PYTHONPATH=/home/pi/ros2_ws/build/ackermann_teleop/prefix_override:/usr/lib/python3/dist-packages/colcon_core/task/python/colcon_distutils_commands:/home/pi/ros2_ws/install/ackermann_teleop/lib/python3.12/site-packages:${PYTHONPATH} /usr/bin/python3 -W ignore:setup.py install is deprecated -W ignore:easy_install command is deprecated setup.py develop --uninstall --editable --build-directory /home/pi/ros2_ws/build/ackermann_teleop/build
[4.447s] Invoking command in '/home/pi/ros2_ws/src/ackermann_teleop': DEBUGINFOD_URLS=https://debuginfod.ubuntu.com PYTHONPATH=/home/pi/ros2_ws/build/ackermann_teleop/prefix_override:/usr/lib/python3/dist-packages/colcon_core/task/python/colcon_distutils_commands:/home/pi/ros2_ws/install/ackermann_teleop/lib/python3.12/site-packages:${PYTHONPATH} /usr/bin/python3 -W ignore:setup.py install is deprecated -W ignore:easy_install command is deprecated setup.py egg_info --egg-base ../../build/ackermann_teleop build --build-base /home/pi/ros2_ws/build/ackermann_teleop/build install --record /home/pi/ros2_ws/build/ackermann_teleop/install.log --single-version-externally-managed install_data --force
[5.073s] running egg_info
[5.105s] writing ../../build/ackermann_teleop/ackermann_teleop.egg-info/PKG-INFO
[5.106s] writing dependency_links to ../../build/ackermann_teleop/ackermann_teleop.egg-info/dependency_links.txt
[5.110s] writing entry points to ../../build/ackermann_teleop/ackermann_teleop.egg-info/entry_points.txt
[5.111s] writing requirements to ../../build/ackermann_teleop/ackermann_teleop.egg-info/requires.txt
[5.115s] writing top-level names to ../../build/ackermann_teleop/ackermann_teleop.egg-info/top_level.txt
[5.192s] reading manifest file '../../build/ackermann_teleop/ackermann_teleop.egg-info/SOURCES.txt'
[5.194s] writing manifest file '../../build/ackermann_teleop/ackermann_teleop.egg-info/SOURCES.txt'
[5.194s] running build
[5.194s] running build_py
[5.195s] creating /home/pi/ros2_ws/build/ackermann_teleop/build
[5.195s] creating /home/pi/ros2_ws/build/ackermann_teleop/build/lib
[5.195s] creating /home/pi/ros2_ws/build/ackermann_teleop/build/lib/ackermann_teleop
[5.195s] copying ackermann_teleop/__init__.py -> /home/pi/ros2_ws/build/ackermann_teleop/build/lib/ackermann_teleop
[5.195s] copying ackermann_teleop/keyboard_teleop.py -> /home/pi/ros2_ws/build/ackermann_teleop/build/lib/ackermann_teleop
[5.197s] running install
[5.208s] running install_lib
[5.255s] creating /home/pi/ros2_ws/install/ackermann_teleop/lib/python3.12/site-packages/ackermann_teleop
[5.255s] copying /home/pi/ros2_ws/build/ackermann_teleop/build/lib/ackermann_teleop/__init__.py -> /home/pi/ros2_ws/install/ackermann_teleop/lib/python3.12/site-packages/ackermann_teleop
[5.256s] copying /home/pi/ros2_ws/build/ackermann_teleop/build/lib/ackermann_teleop/keyboard_teleop.py -> /home/pi/ros2_ws/install/ackermann_teleop/lib/python3.12/site-packages/ackermann_teleop
[5.256s] byte-compiling /home/pi/ros2_ws/install/ackermann_teleop/lib/python3.12/site-packages/ackermann_teleop/__init__.py to __init__.cpython-312.pyc
[5.257s] byte-compiling /home/pi/ros2_ws/install/ackermann_teleop/lib/python3.12/site-packages/ackermann_teleop/keyboard_teleop.py to keyboard_teleop.cpython-312.pyc
[5.258s] running install_data
[5.259s] copying resource/ackermann_teleop -> /home/pi/ros2_ws/install/ackermann_teleop/share/ament_index/resource_index/packages
[5.262s] copying package.xml -> /home/pi/ros2_ws/install/ackermann_teleop/share/ackermann_teleop
[5.262s] running install_egg_info
[5.297s] Copying ../../build/ackermann_teleop/ackermann_teleop.egg-info to /home/pi/ros2_ws/install/ackermann_teleop/lib/python3.12/site-packages/ackermann_teleop-0.0.0-py3.12.egg-info
[5.299s] running install_scripts
[5.592s] Installing keyboard_teleop script to /home/pi/ros2_ws/install/ackermann_teleop/lib/ackermann_teleop
[5.593s] writing list of installed files to '/home/pi/ros2_ws/build/ackermann_teleop/install.log'
[5.763s] Invoked command in '/home/pi/ros2_ws/src/ackermann_teleop' returned '0': DEBUGINFOD_URLS=https://debuginfod.ubuntu.com PYTHONPATH=/home/pi/ros2_ws/build/ackermann_teleop/prefix_override:/usr/lib/python3/dist-packages/colcon_core/task/python/colcon_distutils_commands:/home/pi/ros2_ws/install/ackermann_teleop/lib/python3.12/site-packages:${PYTHONPATH} /usr/bin/python3 -W ignore:setup.py install is deprecated -W ignore:easy_install command is deprecated setup.py egg_info --egg-base ../../build/ackermann_teleop build --build-base /home/pi/ros2_ws/build/ackermann_teleop/build install --record /home/pi/ros2_ws/build/ackermann_teleop/install.log --single-version-externally-managed install_data --force
