[3.063s] Invoking command in '/home/pi/ros2_ws/build/drive': DEBUGINFOD_URLS=https://debuginfod.ubuntu.com PYTHONPATH=/home/pi/ros2_ws/build/drive/prefix_override:/usr/lib/python3/dist-packages/colcon_core/task/python/colcon_distutils_commands:/home/pi/ros2_ws/install/drive/lib/python3.12/site-packages:${PYTHONPATH} /usr/bin/python3 -W ignore:setup.py install is deprecated -W ignore:easy_install command is deprecated setup.py develop --editable --build-directory /home/pi/ros2_ws/build/drive/build --no-deps symlink_data
[4.000s] running develop
[4.380s] running egg_info
[4.380s] creating drive.egg-info
[4.424s] writing drive.egg-info/PKG-INFO
[4.425s] writing dependency_links to drive.egg-info/dependency_links.txt
[4.426s] writing entry points to drive.egg-info/entry_points.txt
[4.427s] writing requirements to drive.egg-info/requires.txt
[4.427s] writing top-level names to drive.egg-info/top_level.txt
[4.428s] writing manifest file 'drive.egg-info/SOURCES.txt'
[4.521s] reading manifest file 'drive.egg-info/SOURCES.txt'
[4.523s] writing manifest file 'drive.egg-info/SOURCES.txt'
[4.588s] running build_ext
[4.588s] Creating /home/pi/ros2_ws/install/drive/lib/python3.12/site-packages/drive.egg-link (link to .)
[4.595s] Installing talker script to /home/pi/ros2_ws/install/drive/lib/drive
[4.595s] 
[4.596s] Installed /home/pi/ros2_ws/build/drive
[4.596s] running symlink_data
[4.596s] creating /home/pi/ros2_ws/install/drive/share/ament_index
[4.596s] creating /home/pi/ros2_ws/install/drive/share/ament_index/resource_index
[4.596s] creating /home/pi/ros2_ws/install/drive/share/ament_index/resource_index/packages
[4.602s] symbolically linking /home/pi/ros2_ws/build/drive/resource/drive -> /home/pi/ros2_ws/install/drive/share/ament_index/resource_index/packages
[4.602s] symbolically linking /home/pi/ros2_ws/build/drive/package.xml -> /home/pi/ros2_ws/install/drive/share/drive
[4.812s] Invoked command in '/home/pi/ros2_ws/build/drive' returned '0': DEBUGINFOD_URLS=https://debuginfod.ubuntu.com PYTHONPATH=/home/pi/ros2_ws/build/drive/prefix_override:/usr/lib/python3/dist-packages/colcon_core/task/python/colcon_distutils_commands:/home/pi/ros2_ws/install/drive/lib/python3.12/site-packages:${PYTHONPATH} /usr/bin/python3 -W ignore:setup.py install is deprecated -W ignore:easy_install command is deprecated setup.py develop --editable --build-directory /home/pi/ros2_ws/build/drive/build --no-deps symlink_data
