-- Found ament_cmake_auto: 2.7.3 (/opt/ros/kilted/share/ament_cmake_auto/cmake)
-- Override CMake install command with custom implementation using symlinks instead of copying resources
-- Configuring done (0.6s)
-- Generating done (0.0s)
-- Build files have been written to: /home/pi/ros2_ws/build/vesc
-- Install configuration: ""
-- Execute custom install script
-- Up-to-date symlink: /home/pi/ros2_ws/install/vesc/share/ament_index/resource_index/package_run_dependencies/vesc
-- Up-to-date symlink: /home/pi/ros2_ws/install/vesc/share/ament_index/resource_index/parent_prefix_path/vesc
-- Up-to-date symlink: /home/pi/ros2_ws/install/vesc/share/vesc/environment/ament_prefix_path.sh
-- Up-to-date symlink: /home/pi/ros2_ws/install/vesc/share/vesc/environment/ament_prefix_path.dsv
-- Up-to-date symlink: /home/pi/ros2_ws/install/vesc/share/vesc/environment/path.sh
-- Up-to-date symlink: /home/pi/ros2_ws/install/vesc/share/vesc/environment/path.dsv
-- Up-to-date symlink: /home/pi/ros2_ws/install/vesc/share/vesc/local_setup.bash
-- Up-to-date symlink: /home/pi/ros2_ws/install/vesc/share/vesc/local_setup.sh
-- Up-to-date symlink: /home/pi/ros2_ws/install/vesc/share/vesc/local_setup.zsh
-- Up-to-date symlink: /home/pi/ros2_ws/install/vesc/share/vesc/local_setup.dsv
-- Symlinking: /home/pi/ros2_ws/install/vesc/share/vesc/package.dsv
-- Up-to-date symlink: /home/pi/ros2_ws/install/vesc/share/ament_index/resource_index/packages/vesc
-- Up-to-date symlink: /home/pi/ros2_ws/install/vesc/share/vesc/cmake/vescConfig.cmake
-- Up-to-date symlink: /home/pi/ros2_ws/install/vesc/share/vesc/cmake/vescConfig-version.cmake
-- Up-to-date symlink: /home/pi/ros2_ws/install/vesc/share/vesc/package.xml
