[0.030s] Invoking command in '/home/pi/ros2_ws/build/vesc': CMAKE_PREFIX_PATH=/home/pi/ros2_ws/install/vesc_driver:/home/pi/ros2_ws/install/vesc_msgs:/home/pi/ros2_ws/install/vesc:/home/pi/ros2_ws/install/gazebo_ackermann_steering_vehicle:/opt/ros/kilted/opt/sdformat_vendor:/opt/ros/kilted/opt/gz_math_vendor:/opt/ros/kilted/opt/gz_utils_vendor:/opt/ros/kilted/opt/gz_tools_vendor:/opt/ros/kilted/opt/gz_cmake_vendor:/home/pi/ros2_ws/install/drive:/home/pi/ros2_ws/install/ackermann_vesc_adapter:/home/pi/ros2_ws/install/ackermann_teleop:/opt/ros/kilted DEBUGINFOD_URLS=https://debuginfod.ubuntu.com /usr/bin/cmake /home/pi/ros2_ws/src/vesc/vesc -DCMAKE_INSTALL_PREFIX=/home/pi/ros2_ws/install/vesc
[0.057s] -- Found ament_cmake_auto: 2.7.3 (/opt/ros/kilted/share/ament_cmake_auto/cmake)
[0.419s] -- Override CMake install command with custom implementation using symlinks instead of copying resources
[0.604s] -- Configuring done (0.6s)
[0.624s] -- Generating done (0.0s)
[0.639s] -- Build files have been written to: /home/pi/ros2_ws/build/vesc
[0.645s] Invoked command in '/home/pi/ros2_ws/build/vesc' returned '0': CMAKE_PREFIX_PATH=/home/pi/ros2_ws/install/vesc_driver:/home/pi/ros2_ws/install/vesc_msgs:/home/pi/ros2_ws/install/vesc:/home/pi/ros2_ws/install/gazebo_ackermann_steering_vehicle:/opt/ros/kilted/opt/sdformat_vendor:/opt/ros/kilted/opt/gz_math_vendor:/opt/ros/kilted/opt/gz_utils_vendor:/opt/ros/kilted/opt/gz_tools_vendor:/opt/ros/kilted/opt/gz_cmake_vendor:/home/pi/ros2_ws/install/drive:/home/pi/ros2_ws/install/ackermann_vesc_adapter:/home/pi/ros2_ws/install/ackermann_teleop:/opt/ros/kilted DEBUGINFOD_URLS=https://debuginfod.ubuntu.com /usr/bin/cmake /home/pi/ros2_ws/src/vesc/vesc -DCMAKE_INSTALL_PREFIX=/home/pi/ros2_ws/install/vesc
[0.648s] Invoking command in '/home/pi/ros2_ws/build/vesc': CMAKE_PREFIX_PATH=/home/pi/ros2_ws/install/vesc_driver:/home/pi/ros2_ws/install/vesc_msgs:/home/pi/ros2_ws/install/vesc:/home/pi/ros2_ws/install/gazebo_ackermann_steering_vehicle:/opt/ros/kilted/opt/sdformat_vendor:/opt/ros/kilted/opt/gz_math_vendor:/opt/ros/kilted/opt/gz_utils_vendor:/opt/ros/kilted/opt/gz_tools_vendor:/opt/ros/kilted/opt/gz_cmake_vendor:/home/pi/ros2_ws/install/drive:/home/pi/ros2_ws/install/ackermann_vesc_adapter:/home/pi/ros2_ws/install/ackermann_teleop:/opt/ros/kilted DEBUGINFOD_URLS=https://debuginfod.ubuntu.com /usr/bin/cmake --build /home/pi/ros2_ws/build/vesc -- -j4 -l4
[0.726s] Invoked command in '/home/pi/ros2_ws/build/vesc' returned '0': CMAKE_PREFIX_PATH=/home/pi/ros2_ws/install/vesc_driver:/home/pi/ros2_ws/install/vesc_msgs:/home/pi/ros2_ws/install/vesc:/home/pi/ros2_ws/install/gazebo_ackermann_steering_vehicle:/opt/ros/kilted/opt/sdformat_vendor:/opt/ros/kilted/opt/gz_math_vendor:/opt/ros/kilted/opt/gz_utils_vendor:/opt/ros/kilted/opt/gz_tools_vendor:/opt/ros/kilted/opt/gz_cmake_vendor:/home/pi/ros2_ws/install/drive:/home/pi/ros2_ws/install/ackermann_vesc_adapter:/home/pi/ros2_ws/install/ackermann_teleop:/opt/ros/kilted DEBUGINFOD_URLS=https://debuginfod.ubuntu.com /usr/bin/cmake --build /home/pi/ros2_ws/build/vesc -- -j4 -l4
[0.729s] Invoking command in '/home/pi/ros2_ws/build/vesc': CMAKE_PREFIX_PATH=/home/pi/ros2_ws/install/vesc_driver:/home/pi/ros2_ws/install/vesc_msgs:/home/pi/ros2_ws/install/vesc:/home/pi/ros2_ws/install/gazebo_ackermann_steering_vehicle:/opt/ros/kilted/opt/sdformat_vendor:/opt/ros/kilted/opt/gz_math_vendor:/opt/ros/kilted/opt/gz_utils_vendor:/opt/ros/kilted/opt/gz_tools_vendor:/opt/ros/kilted/opt/gz_cmake_vendor:/home/pi/ros2_ws/install/drive:/home/pi/ros2_ws/install/ackermann_vesc_adapter:/home/pi/ros2_ws/install/ackermann_teleop:/opt/ros/kilted DEBUGINFOD_URLS=https://debuginfod.ubuntu.com /usr/bin/cmake --install /home/pi/ros2_ws/build/vesc
[0.744s] -- Install configuration: ""
[0.745s] -- Execute custom install script
[0.746s] -- Up-to-date symlink: /home/pi/ros2_ws/install/vesc/share/ament_index/resource_index/package_run_dependencies/vesc
[0.747s] -- Up-to-date symlink: /home/pi/ros2_ws/install/vesc/share/ament_index/resource_index/parent_prefix_path/vesc
[0.748s] -- Up-to-date symlink: /home/pi/ros2_ws/install/vesc/share/vesc/environment/ament_prefix_path.sh
[0.748s] -- Up-to-date symlink: /home/pi/ros2_ws/install/vesc/share/vesc/environment/ament_prefix_path.dsv
[0.748s] -- Up-to-date symlink: /home/pi/ros2_ws/install/vesc/share/vesc/environment/path.sh
[0.749s] -- Up-to-date symlink: /home/pi/ros2_ws/install/vesc/share/vesc/environment/path.dsv
[0.749s] -- Up-to-date symlink: /home/pi/ros2_ws/install/vesc/share/vesc/local_setup.bash
[0.750s] -- Up-to-date symlink: /home/pi/ros2_ws/install/vesc/share/vesc/local_setup.sh
[0.750s] -- Up-to-date symlink: /home/pi/ros2_ws/install/vesc/share/vesc/local_setup.zsh
[0.751s] -- Up-to-date symlink: /home/pi/ros2_ws/install/vesc/share/vesc/local_setup.dsv
[0.751s] -- Symlinking: /home/pi/ros2_ws/install/vesc/share/vesc/package.dsv
[0.771s] -- Up-to-date symlink: /home/pi/ros2_ws/install/vesc/share/ament_index/resource_index/packages/vesc
[0.773s] -- Up-to-date symlink: /home/pi/ros2_ws/install/vesc/share/vesc/cmake/vescConfig.cmake
[0.775s] -- Up-to-date symlink: /home/pi/ros2_ws/install/vesc/share/vesc/cmake/vescConfig-version.cmake
[0.775s] -- Up-to-date symlink: /home/pi/ros2_ws/install/vesc/share/vesc/package.xml
[0.779s] Invoked command in '/home/pi/ros2_ws/build/vesc' returned '0': CMAKE_PREFIX_PATH=/home/pi/ros2_ws/install/vesc_driver:/home/pi/ros2_ws/install/vesc_msgs:/home/pi/ros2_ws/install/vesc:/home/pi/ros2_ws/install/gazebo_ackermann_steering_vehicle:/opt/ros/kilted/opt/sdformat_vendor:/opt/ros/kilted/opt/gz_math_vendor:/opt/ros/kilted/opt/gz_utils_vendor:/opt/ros/kilted/opt/gz_tools_vendor:/opt/ros/kilted/opt/gz_cmake_vendor:/home/pi/ros2_ws/install/drive:/home/pi/ros2_ws/install/ackermann_vesc_adapter:/home/pi/ros2_ws/install/ackermann_teleop:/opt/ros/kilted DEBUGINFOD_URLS=https://debuginfod.ubuntu.com /usr/bin/cmake --install /home/pi/ros2_ws/build/vesc
