[0.578s] DEBUG:colcon:Command line arguments: ['/usr/bin/colcon', 'build']
[0.579s] DEBUG:colcon:Parsed command line arguments: Namespace(log_base=None, log_level=None, verb_name='build', build_base='build', install_base='install', merge_install=False, symlink_install=False, test_result_base=None, continue_on_error=False, executor='parallel', parallel_workers=4, event_handlers=None, ignore_user_meta=False, metas=['./colcon.meta'], base_paths=['.'], packages_ignore=None, packages_ignore_regex=None, paths=None, packages_up_to=None, packages_up_to_regex=None, packages_above=None, packages_above_and_dependencies=None, packages_above_depth=None, packages_select_by_dep=None, packages_skip_by_dep=None, packages_skip_up_to=None, packages_select_build_failed=False, packages_skip_build_finished=False, packages_select_test_failures=False, packages_skip_test_passed=False, packages_select=None, packages_skip=None, packages_select_regex=None, packages_skip_regex=None, packages_start=None, packages_end=None, allow_overriding=[], cmake_args=None, cmake_target=None, cmake_target_skip_unavailable=False, cmake_clean_cache=False, cmake_clean_first=False, cmake_force_configure=False, ament_cmake_args=None, catkin_cmake_args=None, catkin_skip_building_tests=False, mixin_files=None, mixin=None, verb_parser=<colcon_mixin.mixin.mixin_argument.MixinArgumentDecorator object at 0xffffa4475070>, verb_extension=<colcon_core.verb.build.BuildVerb object at 0xffffa4639910>, main=<bound method BuildVerb.main of <colcon_core.verb.build.BuildVerb object at 0xffffa4639910>>, mixin_verb=('build',))
[0.697s] Level 1:colcon.colcon_core.package_discovery:discover_packages(colcon_meta) check parameters
[0.697s] Level 1:colcon.colcon_core.package_discovery:discover_packages(recursive) check parameters
[0.697s] Level 1:colcon.colcon_core.package_discovery:discover_packages(ignore) check parameters
[0.697s] Level 1:colcon.colcon_core.package_discovery:discover_packages(path) check parameters
[0.698s] Level 1:colcon.colcon_core.package_discovery:discover_packages(colcon_meta) discover
[0.698s] Level 1:colcon.colcon_core.package_discovery:discover_packages(recursive) discover
[0.698s] INFO:colcon.colcon_core.package_discovery:Crawling recursively for packages in '/home/pi/ros2_ws'
[0.698s] Level 1:colcon.colcon_core.package_identification:_identify(.) by extensions ['ignore', 'ignore_ament_install']
[0.698s] Level 1:colcon.colcon_core.package_identification:_identify(.) by extension 'ignore'
[0.698s] Level 1:colcon.colcon_core.package_identification:_identify(.) by extension 'ignore_ament_install'
[0.698s] Level 1:colcon.colcon_core.package_identification:_identify(.) by extensions ['colcon_pkg']
[0.698s] Level 1:colcon.colcon_core.package_identification:_identify(.) by extension 'colcon_pkg'
[0.698s] Level 1:colcon.colcon_core.package_identification:_identify(.) by extensions ['colcon_meta']
[0.698s] Level 1:colcon.colcon_core.package_identification:_identify(.) by extension 'colcon_meta'
[0.698s] Level 1:colcon.colcon_core.package_identification:_identify(.) by extensions ['ros']
[0.698s] Level 1:colcon.colcon_core.package_identification:_identify(.) by extension 'ros'
[0.761s] Level 1:colcon.colcon_core.package_identification:_identify(.) by extensions ['cmake', 'python']
[0.761s] Level 1:colcon.colcon_core.package_identification:_identify(.) by extension 'cmake'
[0.761s] Level 1:colcon.colcon_core.package_identification:_identify(.) by extension 'python'
[0.761s] Level 1:colcon.colcon_core.package_identification:_identify(.) by extensions ['python_setup_py']
[0.761s] Level 1:colcon.colcon_core.package_identification:_identify(.) by extension 'python_setup_py'
[0.761s] Level 1:colcon.colcon_core.package_identification:_identify(build) by extensions ['ignore', 'ignore_ament_install']
[0.761s] Level 1:colcon.colcon_core.package_identification:_identify(build) by extension 'ignore'
[0.761s] Level 1:colcon.colcon_core.package_identification:_identify(build) ignored
[0.761s] Level 1:colcon.colcon_core.package_identification:_identify(install) by extensions ['ignore', 'ignore_ament_install']
[0.761s] Level 1:colcon.colcon_core.package_identification:_identify(install) by extension 'ignore'
[0.762s] Level 1:colcon.colcon_core.package_identification:_identify(install) ignored
[0.762s] Level 1:colcon.colcon_core.package_identification:_identify(log) by extensions ['ignore', 'ignore_ament_install']
[0.762s] Level 1:colcon.colcon_core.package_identification:_identify(log) by extension 'ignore'
[0.762s] Level 1:colcon.colcon_core.package_identification:_identify(log) ignored
[0.762s] Level 1:colcon.colcon_core.package_identification:_identify(src) by extensions ['ignore', 'ignore_ament_install']
[0.762s] Level 1:colcon.colcon_core.package_identification:_identify(src) by extension 'ignore'
[0.762s] Level 1:colcon.colcon_core.package_identification:_identify(src) by extension 'ignore_ament_install'
[0.762s] Level 1:colcon.colcon_core.package_identification:_identify(src) by extensions ['colcon_pkg']
[0.762s] Level 1:colcon.colcon_core.package_identification:_identify(src) by extension 'colcon_pkg'
[0.762s] Level 1:colcon.colcon_core.package_identification:_identify(src) by extensions ['colcon_meta']
[0.762s] Level 1:colcon.colcon_core.package_identification:_identify(src) by extension 'colcon_meta'
[0.762s] Level 1:colcon.colcon_core.package_identification:_identify(src) by extensions ['ros']
[0.762s] Level 1:colcon.colcon_core.package_identification:_identify(src) by extension 'ros'
[0.762s] Level 1:colcon.colcon_core.package_identification:_identify(src) by extensions ['cmake', 'python']
[0.762s] Level 1:colcon.colcon_core.package_identification:_identify(src) by extension 'cmake'
[0.762s] Level 1:colcon.colcon_core.package_identification:_identify(src) by extension 'python'
[0.762s] Level 1:colcon.colcon_core.package_identification:_identify(src) by extensions ['python_setup_py']
[0.762s] Level 1:colcon.colcon_core.package_identification:_identify(src) by extension 'python_setup_py'
[0.763s] Level 1:colcon.colcon_core.package_identification:_identify(src/ackermann_teleop) by extensions ['ignore', 'ignore_ament_install']
[0.763s] Level 1:colcon.colcon_core.package_identification:_identify(src/ackermann_teleop) by extension 'ignore'
[0.763s] Level 1:colcon.colcon_core.package_identification:_identify(src/ackermann_teleop) by extension 'ignore_ament_install'
[0.763s] Level 1:colcon.colcon_core.package_identification:_identify(src/ackermann_teleop) by extensions ['colcon_pkg']
[0.763s] Level 1:colcon.colcon_core.package_identification:_identify(src/ackermann_teleop) by extension 'colcon_pkg'
[0.763s] Level 1:colcon.colcon_core.package_identification:_identify(src/ackermann_teleop) by extensions ['colcon_meta']
[0.763s] Level 1:colcon.colcon_core.package_identification:_identify(src/ackermann_teleop) by extension 'colcon_meta'
[0.763s] Level 1:colcon.colcon_core.package_identification:_identify(src/ackermann_teleop) by extensions ['ros']
[0.763s] Level 1:colcon.colcon_core.package_identification:_identify(src/ackermann_teleop) by extension 'ros'
[0.769s] DEBUG:colcon.colcon_core.package_identification:Package 'src/ackermann_teleop' with type 'ros.ament_python' and name 'ackermann_teleop'
[0.769s] Level 1:colcon.colcon_core.package_identification:_identify(src/ackermann_vesc_adapter) by extensions ['ignore', 'ignore_ament_install']
[0.769s] Level 1:colcon.colcon_core.package_identification:_identify(src/ackermann_vesc_adapter) by extension 'ignore'
[0.769s] Level 1:colcon.colcon_core.package_identification:_identify(src/ackermann_vesc_adapter) by extension 'ignore_ament_install'
[0.769s] Level 1:colcon.colcon_core.package_identification:_identify(src/ackermann_vesc_adapter) by extensions ['colcon_pkg']
[0.769s] Level 1:colcon.colcon_core.package_identification:_identify(src/ackermann_vesc_adapter) by extension 'colcon_pkg'
[0.769s] Level 1:colcon.colcon_core.package_identification:_identify(src/ackermann_vesc_adapter) by extensions ['colcon_meta']
[0.769s] Level 1:colcon.colcon_core.package_identification:_identify(src/ackermann_vesc_adapter) by extension 'colcon_meta'
[0.769s] Level 1:colcon.colcon_core.package_identification:_identify(src/ackermann_vesc_adapter) by extensions ['ros']
[0.769s] Level 1:colcon.colcon_core.package_identification:_identify(src/ackermann_vesc_adapter) by extension 'ros'
[0.771s] DEBUG:colcon.colcon_core.package_identification:Package 'src/ackermann_vesc_adapter' with type 'ros.ament_python' and name 'ackermann_vesc_adapter'
[0.771s] Level 1:colcon.colcon_core.package_identification:_identify(src/build) by extensions ['ignore', 'ignore_ament_install']
[0.771s] Level 1:colcon.colcon_core.package_identification:_identify(src/build) by extension 'ignore'
[0.771s] Level 1:colcon.colcon_core.package_identification:_identify(src/build) ignored
[0.771s] Level 1:colcon.colcon_core.package_identification:_identify(src/drive) by extensions ['ignore', 'ignore_ament_install']
[0.771s] Level 1:colcon.colcon_core.package_identification:_identify(src/drive) by extension 'ignore'
[0.771s] Level 1:colcon.colcon_core.package_identification:_identify(src/drive) by extension 'ignore_ament_install'
[0.771s] Level 1:colcon.colcon_core.package_identification:_identify(src/drive) by extensions ['colcon_pkg']
[0.771s] Level 1:colcon.colcon_core.package_identification:_identify(src/drive) by extension 'colcon_pkg'
[0.771s] Level 1:colcon.colcon_core.package_identification:_identify(src/drive) by extensions ['colcon_meta']
[0.771s] Level 1:colcon.colcon_core.package_identification:_identify(src/drive) by extension 'colcon_meta'
[0.771s] Level 1:colcon.colcon_core.package_identification:_identify(src/drive) by extensions ['ros']
[0.771s] Level 1:colcon.colcon_core.package_identification:_identify(src/drive) by extension 'ros'
[0.773s] DEBUG:colcon.colcon_core.package_identification:Package 'src/drive' with type 'ros.ament_python' and name 'drive'
[0.773s] Level 1:colcon.colcon_core.package_identification:_identify(src/gazebo_ackermann_steering_vehicle) by extensions ['ignore', 'ignore_ament_install']
[0.773s] Level 1:colcon.colcon_core.package_identification:_identify(src/gazebo_ackermann_steering_vehicle) by extension 'ignore'
[0.773s] Level 1:colcon.colcon_core.package_identification:_identify(src/gazebo_ackermann_steering_vehicle) by extension 'ignore_ament_install'
[0.773s] Level 1:colcon.colcon_core.package_identification:_identify(src/gazebo_ackermann_steering_vehicle) by extensions ['colcon_pkg']
[0.773s] Level 1:colcon.colcon_core.package_identification:_identify(src/gazebo_ackermann_steering_vehicle) by extension 'colcon_pkg'
[0.773s] Level 1:colcon.colcon_core.package_identification:_identify(src/gazebo_ackermann_steering_vehicle) by extensions ['colcon_meta']
[0.773s] Level 1:colcon.colcon_core.package_identification:_identify(src/gazebo_ackermann_steering_vehicle) by extension 'colcon_meta'
[0.773s] Level 1:colcon.colcon_core.package_identification:_identify(src/gazebo_ackermann_steering_vehicle) by extensions ['ros']
[0.773s] Level 1:colcon.colcon_core.package_identification:_identify(src/gazebo_ackermann_steering_vehicle) by extension 'ros'
[0.775s] DEBUG:colcon.colcon_core.package_identification:Package 'src/gazebo_ackermann_steering_vehicle' with type 'ros.ament_cmake' and name 'gazebo_ackermann_steering_vehicle'
[0.775s] Level 1:colcon.colcon_core.package_identification:_identify(src/install) by extensions ['ignore', 'ignore_ament_install']
[0.775s] Level 1:colcon.colcon_core.package_identification:_identify(src/install) by extension 'ignore'
[0.775s] Level 1:colcon.colcon_core.package_identification:_identify(src/install) ignored
[0.775s] Level 1:colcon.colcon_core.package_identification:_identify(src/log) by extensions ['ignore', 'ignore_ament_install']
[0.775s] Level 1:colcon.colcon_core.package_identification:_identify(src/log) by extension 'ignore'
[0.775s] Level 1:colcon.colcon_core.package_identification:_identify(src/log) ignored
[0.775s] Level 1:colcon.colcon_core.package_identification:_identify(src/vesc) by extensions ['ignore', 'ignore_ament_install']
[0.775s] Level 1:colcon.colcon_core.package_identification:_identify(src/vesc) by extension 'ignore'
[0.776s] Level 1:colcon.colcon_core.package_identification:_identify(src/vesc) by extension 'ignore_ament_install'
[0.776s] Level 1:colcon.colcon_core.package_identification:_identify(src/vesc) by extensions ['colcon_pkg']
[0.776s] Level 1:colcon.colcon_core.package_identification:_identify(src/vesc) by extension 'colcon_pkg'
[0.776s] Level 1:colcon.colcon_core.package_identification:_identify(src/vesc) by extensions ['colcon_meta']
[0.776s] Level 1:colcon.colcon_core.package_identification:_identify(src/vesc) by extension 'colcon_meta'
[0.776s] Level 1:colcon.colcon_core.package_identification:_identify(src/vesc) by extensions ['ros']
[0.776s] Level 1:colcon.colcon_core.package_identification:_identify(src/vesc) by extension 'ros'
[0.776s] Level 1:colcon.colcon_core.package_identification:_identify(src/vesc) by extensions ['cmake', 'python']
[0.776s] Level 1:colcon.colcon_core.package_identification:_identify(src/vesc) by extension 'cmake'
[0.776s] Level 1:colcon.colcon_core.package_identification:_identify(src/vesc) by extension 'python'
[0.776s] Level 1:colcon.colcon_core.package_identification:_identify(src/vesc) by extensions ['python_setup_py']
[0.776s] Level 1:colcon.colcon_core.package_identification:_identify(src/vesc) by extension 'python_setup_py'
[0.776s] Level 1:colcon.colcon_core.package_identification:_identify(src/vesc/vesc) by extensions ['ignore', 'ignore_ament_install']
[0.776s] Level 1:colcon.colcon_core.package_identification:_identify(src/vesc/vesc) by extension 'ignore'
[0.776s] Level 1:colcon.colcon_core.package_identification:_identify(src/vesc/vesc) by extension 'ignore_ament_install'
[0.776s] Level 1:colcon.colcon_core.package_identification:_identify(src/vesc/vesc) by extensions ['colcon_pkg']
[0.776s] Level 1:colcon.colcon_core.package_identification:_identify(src/vesc/vesc) by extension 'colcon_pkg'
[0.777s] Level 1:colcon.colcon_core.package_identification:_identify(src/vesc/vesc) by extensions ['colcon_meta']
[0.777s] Level 1:colcon.colcon_core.package_identification:_identify(src/vesc/vesc) by extension 'colcon_meta'
[0.777s] Level 1:colcon.colcon_core.package_identification:_identify(src/vesc/vesc) by extensions ['ros']
[0.777s] Level 1:colcon.colcon_core.package_identification:_identify(src/vesc/vesc) by extension 'ros'
[0.778s] DEBUG:colcon.colcon_core.package_identification:Package 'src/vesc/vesc' with type 'ros.ament_cmake' and name 'vesc'
[0.778s] Level 1:colcon.colcon_core.package_identification:_identify(src/vesc/vesc_driver) by extensions ['ignore', 'ignore_ament_install']
[0.778s] Level 1:colcon.colcon_core.package_identification:_identify(src/vesc/vesc_driver) by extension 'ignore'
[0.778s] Level 1:colcon.colcon_core.package_identification:_identify(src/vesc/vesc_driver) by extension 'ignore_ament_install'
[0.778s] Level 1:colcon.colcon_core.package_identification:_identify(src/vesc/vesc_driver) by extensions ['colcon_pkg']
[0.778s] Level 1:colcon.colcon_core.package_identification:_identify(src/vesc/vesc_driver) by extension 'colcon_pkg'
[0.778s] Level 1:colcon.colcon_core.package_identification:_identify(src/vesc/vesc_driver) by extensions ['colcon_meta']
[0.778s] Level 1:colcon.colcon_core.package_identification:_identify(src/vesc/vesc_driver) by extension 'colcon_meta'
[0.778s] Level 1:colcon.colcon_core.package_identification:_identify(src/vesc/vesc_driver) by extensions ['ros']
[0.778s] Level 1:colcon.colcon_core.package_identification:_identify(src/vesc/vesc_driver) by extension 'ros'
[0.780s] DEBUG:colcon.colcon_core.package_identification:Package 'src/vesc/vesc_driver' with type 'ros.ament_cmake' and name 'vesc_driver'
[0.780s] Level 1:colcon.colcon_core.package_identification:_identify(src/vesc/vesc_msgs) by extensions ['ignore', 'ignore_ament_install']
[0.781s] Level 1:colcon.colcon_core.package_identification:_identify(src/vesc/vesc_msgs) by extension 'ignore'
[0.781s] Level 1:colcon.colcon_core.package_identification:_identify(src/vesc/vesc_msgs) by extension 'ignore_ament_install'
[0.781s] Level 1:colcon.colcon_core.package_identification:_identify(src/vesc/vesc_msgs) by extensions ['colcon_pkg']
[0.781s] Level 1:colcon.colcon_core.package_identification:_identify(src/vesc/vesc_msgs) by extension 'colcon_pkg'
[0.781s] Level 1:colcon.colcon_core.package_identification:_identify(src/vesc/vesc_msgs) by extensions ['colcon_meta']
[0.781s] Level 1:colcon.colcon_core.package_identification:_identify(src/vesc/vesc_msgs) by extension 'colcon_meta'
[0.781s] Level 1:colcon.colcon_core.package_identification:_identify(src/vesc/vesc_msgs) by extensions ['ros']
[0.781s] Level 1:colcon.colcon_core.package_identification:_identify(src/vesc/vesc_msgs) by extension 'ros'
[0.782s] DEBUG:colcon.colcon_core.package_identification:Package 'src/vesc/vesc_msgs' with type 'ros.ament_cmake' and name 'vesc_msgs'
[0.782s] Level 1:colcon.colcon_core.package_discovery:discover_packages(recursive) using defaults
[0.782s] Level 1:colcon.colcon_core.package_discovery:discover_packages(ignore) discover
[0.782s] Level 1:colcon.colcon_core.package_discovery:discover_packages(ignore) using defaults
[0.782s] Level 1:colcon.colcon_core.package_discovery:discover_packages(path) discover
[0.782s] Level 1:colcon.colcon_core.package_discovery:discover_packages(path) using defaults
[0.832s] Level 1:colcon.colcon_core.package_discovery:discover_packages(prefix_path) check parameters
[0.832s] Level 1:colcon.colcon_core.package_discovery:discover_packages(prefix_path) discover
[0.838s] DEBUG:colcon.colcon_installed_package_information.package_discovery:Found 7 installed packages in /home/pi/ros2_ws/install
[0.841s] DEBUG:colcon.colcon_installed_package_information.package_discovery:Found 327 installed packages in /opt/ros/kilted
[0.845s] Level 1:colcon.colcon_core.package_discovery:discover_packages(prefix_path) using defaults
[0.936s] Level 5:colcon.colcon_core.verb:set package 'ackermann_teleop' build argument 'cmake_args' from command line to 'None'
[0.936s] Level 5:colcon.colcon_core.verb:set package 'ackermann_teleop' build argument 'cmake_target' from command line to 'None'
[0.936s] Level 5:colcon.colcon_core.verb:set package 'ackermann_teleop' build argument 'cmake_target_skip_unavailable' from command line to 'False'
[0.936s] Level 5:colcon.colcon_core.verb:set package 'ackermann_teleop' build argument 'cmake_clean_cache' from command line to 'False'
[0.936s] Level 5:colcon.colcon_core.verb:set package 'ackermann_teleop' build argument 'cmake_clean_first' from command line to 'False'
[0.936s] Level 5:colcon.colcon_core.verb:set package 'ackermann_teleop' build argument 'cmake_force_configure' from command line to 'False'
[0.936s] Level 5:colcon.colcon_core.verb:set package 'ackermann_teleop' build argument 'ament_cmake_args' from command line to 'None'
[0.936s] Level 5:colcon.colcon_core.verb:set package 'ackermann_teleop' build argument 'catkin_cmake_args' from command line to 'None'
[0.936s] Level 5:colcon.colcon_core.verb:set package 'ackermann_teleop' build argument 'catkin_skip_building_tests' from command line to 'False'
[0.936s] DEBUG:colcon.colcon_core.verb:Building package 'ackermann_teleop' with the following arguments: {'ament_cmake_args': None, 'build_base': '/home/pi/ros2_ws/build/ackermann_teleop', 'catkin_cmake_args': None, 'catkin_skip_building_tests': False, 'cmake_args': None, 'cmake_clean_cache': False, 'cmake_clean_first': False, 'cmake_force_configure': False, 'cmake_target': None, 'cmake_target_skip_unavailable': False, 'install_base': '/home/pi/ros2_ws/install/ackermann_teleop', 'merge_install': False, 'path': '/home/pi/ros2_ws/src/ackermann_teleop', 'symlink_install': False, 'test_result_base': None}
[0.937s] Level 5:colcon.colcon_core.verb:set package 'ackermann_vesc_adapter' build argument 'cmake_args' from command line to 'None'
[0.937s] Level 5:colcon.colcon_core.verb:set package 'ackermann_vesc_adapter' build argument 'cmake_target' from command line to 'None'
[0.937s] Level 5:colcon.colcon_core.verb:set package 'ackermann_vesc_adapter' build argument 'cmake_target_skip_unavailable' from command line to 'False'
[0.937s] Level 5:colcon.colcon_core.verb:set package 'ackermann_vesc_adapter' build argument 'cmake_clean_cache' from command line to 'False'
[0.937s] Level 5:colcon.colcon_core.verb:set package 'ackermann_vesc_adapter' build argument 'cmake_clean_first' from command line to 'False'
[0.937s] Level 5:colcon.colcon_core.verb:set package 'ackermann_vesc_adapter' build argument 'cmake_force_configure' from command line to 'False'
[0.937s] Level 5:colcon.colcon_core.verb:set package 'ackermann_vesc_adapter' build argument 'ament_cmake_args' from command line to 'None'
[0.937s] Level 5:colcon.colcon_core.verb:set package 'ackermann_vesc_adapter' build argument 'catkin_cmake_args' from command line to 'None'
[0.937s] Level 5:colcon.colcon_core.verb:set package 'ackermann_vesc_adapter' build argument 'catkin_skip_building_tests' from command line to 'False'
[0.937s] DEBUG:colcon.colcon_core.verb:Building package 'ackermann_vesc_adapter' with the following arguments: {'ament_cmake_args': None, 'build_base': '/home/pi/ros2_ws/build/ackermann_vesc_adapter', 'catkin_cmake_args': None, 'catkin_skip_building_tests': False, 'cmake_args': None, 'cmake_clean_cache': False, 'cmake_clean_first': False, 'cmake_force_configure': False, 'cmake_target': None, 'cmake_target_skip_unavailable': False, 'install_base': '/home/pi/ros2_ws/install/ackermann_vesc_adapter', 'merge_install': False, 'path': '/home/pi/ros2_ws/src/ackermann_vesc_adapter', 'symlink_install': False, 'test_result_base': None}
[0.937s] Level 5:colcon.colcon_core.verb:set package 'drive' build argument 'cmake_args' from command line to 'None'
[0.937s] Level 5:colcon.colcon_core.verb:set package 'drive' build argument 'cmake_target' from command line to 'None'
[0.938s] Level 5:colcon.colcon_core.verb:set package 'drive' build argument 'cmake_target_skip_unavailable' from command line to 'False'
[0.938s] Level 5:colcon.colcon_core.verb:set package 'drive' build argument 'cmake_clean_cache' from command line to 'False'
[0.938s] Level 5:colcon.colcon_core.verb:set package 'drive' build argument 'cmake_clean_first' from command line to 'False'
[0.938s] Level 5:colcon.colcon_core.verb:set package 'drive' build argument 'cmake_force_configure' from command line to 'False'
[0.938s] Level 5:colcon.colcon_core.verb:set package 'drive' build argument 'ament_cmake_args' from command line to 'None'
[0.938s] Level 5:colcon.colcon_core.verb:set package 'drive' build argument 'catkin_cmake_args' from command line to 'None'
[0.938s] Level 5:colcon.colcon_core.verb:set package 'drive' build argument 'catkin_skip_building_tests' from command line to 'False'
[0.938s] DEBUG:colcon.colcon_core.verb:Building package 'drive' with the following arguments: {'ament_cmake_args': None, 'build_base': '/home/pi/ros2_ws/build/drive', 'catkin_cmake_args': None, 'catkin_skip_building_tests': False, 'cmake_args': None, 'cmake_clean_cache': False, 'cmake_clean_first': False, 'cmake_force_configure': False, 'cmake_target': None, 'cmake_target_skip_unavailable': False, 'install_base': '/home/pi/ros2_ws/install/drive', 'merge_install': False, 'path': '/home/pi/ros2_ws/src/drive', 'symlink_install': False, 'test_result_base': None}
[0.938s] Level 5:colcon.colcon_core.verb:set package 'gazebo_ackermann_steering_vehicle' build argument 'cmake_args' from command line to 'None'
[0.938s] Level 5:colcon.colcon_core.verb:set package 'gazebo_ackermann_steering_vehicle' build argument 'cmake_target' from command line to 'None'
[0.938s] Level 5:colcon.colcon_core.verb:set package 'gazebo_ackermann_steering_vehicle' build argument 'cmake_target_skip_unavailable' from command line to 'False'
[0.938s] Level 5:colcon.colcon_core.verb:set package 'gazebo_ackermann_steering_vehicle' build argument 'cmake_clean_cache' from command line to 'False'
[0.938s] Level 5:colcon.colcon_core.verb:set package 'gazebo_ackermann_steering_vehicle' build argument 'cmake_clean_first' from command line to 'False'
[0.938s] Level 5:colcon.colcon_core.verb:set package 'gazebo_ackermann_steering_vehicle' build argument 'cmake_force_configure' from command line to 'False'
[0.938s] Level 5:colcon.colcon_core.verb:set package 'gazebo_ackermann_steering_vehicle' build argument 'ament_cmake_args' from command line to 'None'
[0.938s] Level 5:colcon.colcon_core.verb:set package 'gazebo_ackermann_steering_vehicle' build argument 'catkin_cmake_args' from command line to 'None'
[0.938s] Level 5:colcon.colcon_core.verb:set package 'gazebo_ackermann_steering_vehicle' build argument 'catkin_skip_building_tests' from command line to 'False'
[0.938s] DEBUG:colcon.colcon_core.verb:Building package 'gazebo_ackermann_steering_vehicle' with the following arguments: {'ament_cmake_args': None, 'build_base': '/home/pi/ros2_ws/build/gazebo_ackermann_steering_vehicle', 'catkin_cmake_args': None, 'catkin_skip_building_tests': False, 'cmake_args': None, 'cmake_clean_cache': False, 'cmake_clean_first': False, 'cmake_force_configure': False, 'cmake_target': None, 'cmake_target_skip_unavailable': False, 'install_base': '/home/pi/ros2_ws/install/gazebo_ackermann_steering_vehicle', 'merge_install': False, 'path': '/home/pi/ros2_ws/src/gazebo_ackermann_steering_vehicle', 'symlink_install': False, 'test_result_base': None}
[0.939s] Level 5:colcon.colcon_core.verb:set package 'vesc_msgs' build argument 'cmake_args' from command line to 'None'
[0.939s] Level 5:colcon.colcon_core.verb:set package 'vesc_msgs' build argument 'cmake_target' from command line to 'None'
[0.939s] Level 5:colcon.colcon_core.verb:set package 'vesc_msgs' build argument 'cmake_target_skip_unavailable' from command line to 'False'
[0.939s] Level 5:colcon.colcon_core.verb:set package 'vesc_msgs' build argument 'cmake_clean_cache' from command line to 'False'
[0.939s] Level 5:colcon.colcon_core.verb:set package 'vesc_msgs' build argument 'cmake_clean_first' from command line to 'False'
[0.939s] Level 5:colcon.colcon_core.verb:set package 'vesc_msgs' build argument 'cmake_force_configure' from command line to 'False'
[0.939s] Level 5:colcon.colcon_core.verb:set package 'vesc_msgs' build argument 'ament_cmake_args' from command line to 'None'
[0.939s] Level 5:colcon.colcon_core.verb:set package 'vesc_msgs' build argument 'catkin_cmake_args' from command line to 'None'
[0.939s] Level 5:colcon.colcon_core.verb:set package 'vesc_msgs' build argument 'catkin_skip_building_tests' from command line to 'False'
[0.939s] DEBUG:colcon.colcon_core.verb:Building package 'vesc_msgs' with the following arguments: {'ament_cmake_args': None, 'build_base': '/home/pi/ros2_ws/build/vesc_msgs', 'catkin_cmake_args': None, 'catkin_skip_building_tests': False, 'cmake_args': None, 'cmake_clean_cache': False, 'cmake_clean_first': False, 'cmake_force_configure': False, 'cmake_target': None, 'cmake_target_skip_unavailable': False, 'install_base': '/home/pi/ros2_ws/install/vesc_msgs', 'merge_install': False, 'path': '/home/pi/ros2_ws/src/vesc/vesc_msgs', 'symlink_install': False, 'test_result_base': None}
[0.939s] Level 5:colcon.colcon_core.verb:set package 'vesc_driver' build argument 'cmake_args' from command line to 'None'
[0.939s] Level 5:colcon.colcon_core.verb:set package 'vesc_driver' build argument 'cmake_target' from command line to 'None'
[0.939s] Level 5:colcon.colcon_core.verb:set package 'vesc_driver' build argument 'cmake_target_skip_unavailable' from command line to 'False'
[0.939s] Level 5:colcon.colcon_core.verb:set package 'vesc_driver' build argument 'cmake_clean_cache' from command line to 'False'
[0.939s] Level 5:colcon.colcon_core.verb:set package 'vesc_driver' build argument 'cmake_clean_first' from command line to 'False'
[0.939s] Level 5:colcon.colcon_core.verb:set package 'vesc_driver' build argument 'cmake_force_configure' from command line to 'False'
[0.939s] Level 5:colcon.colcon_core.verb:set package 'vesc_driver' build argument 'ament_cmake_args' from command line to 'None'
[0.939s] Level 5:colcon.colcon_core.verb:set package 'vesc_driver' build argument 'catkin_cmake_args' from command line to 'None'
[0.939s] Level 5:colcon.colcon_core.verb:set package 'vesc_driver' build argument 'catkin_skip_building_tests' from command line to 'False'
[0.939s] DEBUG:colcon.colcon_core.verb:Building package 'vesc_driver' with the following arguments: {'ament_cmake_args': None, 'build_base': '/home/pi/ros2_ws/build/vesc_driver', 'catkin_cmake_args': None, 'catkin_skip_building_tests': False, 'cmake_args': None, 'cmake_clean_cache': False, 'cmake_clean_first': False, 'cmake_force_configure': False, 'cmake_target': None, 'cmake_target_skip_unavailable': False, 'install_base': '/home/pi/ros2_ws/install/vesc_driver', 'merge_install': False, 'path': '/home/pi/ros2_ws/src/vesc/vesc_driver', 'symlink_install': False, 'test_result_base': None}
[0.940s] Level 5:colcon.colcon_core.verb:set package 'vesc' build argument 'cmake_args' from command line to 'None'
[0.940s] Level 5:colcon.colcon_core.verb:set package 'vesc' build argument 'cmake_target' from command line to 'None'
[0.940s] Level 5:colcon.colcon_core.verb:set package 'vesc' build argument 'cmake_target_skip_unavailable' from command line to 'False'
[0.940s] Level 5:colcon.colcon_core.verb:set package 'vesc' build argument 'cmake_clean_cache' from command line to 'False'
[0.940s] Level 5:colcon.colcon_core.verb:set package 'vesc' build argument 'cmake_clean_first' from command line to 'False'
[0.940s] Level 5:colcon.colcon_core.verb:set package 'vesc' build argument 'cmake_force_configure' from command line to 'False'
[0.940s] Level 5:colcon.colcon_core.verb:set package 'vesc' build argument 'ament_cmake_args' from command line to 'None'
[0.940s] Level 5:colcon.colcon_core.verb:set package 'vesc' build argument 'catkin_cmake_args' from command line to 'None'
[0.940s] Level 5:colcon.colcon_core.verb:set package 'vesc' build argument 'catkin_skip_building_tests' from command line to 'False'
[0.940s] DEBUG:colcon.colcon_core.verb:Building package 'vesc' with the following arguments: {'ament_cmake_args': None, 'build_base': '/home/pi/ros2_ws/build/vesc', 'catkin_cmake_args': None, 'catkin_skip_building_tests': False, 'cmake_args': None, 'cmake_clean_cache': False, 'cmake_clean_first': False, 'cmake_force_configure': False, 'cmake_target': None, 'cmake_target_skip_unavailable': False, 'install_base': '/home/pi/ros2_ws/install/vesc', 'merge_install': False, 'path': '/home/pi/ros2_ws/src/vesc/vesc', 'symlink_install': False, 'test_result_base': None}
[0.940s] INFO:colcon.colcon_core.executor:Executing jobs using 'parallel' executor
[0.941s] DEBUG:colcon.colcon_parallel_executor.executor.parallel:run_until_complete
[0.943s] INFO:colcon.colcon_ros.task.ament_cmake.build:Building ROS package in '/home/pi/ros2_ws/src/vesc/vesc_msgs' with build type 'ament_cmake'
[0.943s] INFO:colcon.colcon_cmake.task.cmake.build:Building CMake package in '/home/pi/ros2_ws/src/vesc/vesc_msgs'
[0.958s] INFO:colcon.colcon_core.plugin_system:Skipping extension 'colcon_core.shell.bat': Not used on non-Windows systems
[0.959s] INFO:colcon.colcon_core.shell:Skip shell extension 'powershell' for command environment: Not usable outside of PowerShell
[0.959s] DEBUG:colcon.colcon_core.shell:Skip shell extension 'dsv' for command environment
[0.966s] INFO:colcon.colcon_ros.task.ament_python.build:Building ROS package in '/home/pi/ros2_ws/src/ackermann_teleop' with build type 'ament_python'
[0.966s] Level 1:colcon.colcon_core.shell:create_environment_hook('ackermann_teleop', 'ament_prefix_path')
[0.966s] INFO:colcon.colcon_core.shell:Creating environment hook '/home/pi/ros2_ws/install/ackermann_teleop/share/ackermann_teleop/hook/ament_prefix_path.ps1'
[0.970s] INFO:colcon.colcon_core.shell:Creating environment descriptor '/home/pi/ros2_ws/install/ackermann_teleop/share/ackermann_teleop/hook/ament_prefix_path.dsv'
[0.972s] INFO:colcon.colcon_core.shell:Creating environment hook '/home/pi/ros2_ws/install/ackermann_teleop/share/ackermann_teleop/hook/ament_prefix_path.sh'
[0.974s] INFO:colcon.colcon_core.shell:Skip shell extension 'powershell' for command environment: Not usable outside of PowerShell
[0.974s] DEBUG:colcon.colcon_core.shell:Skip shell extension 'dsv' for command environment
[0.982s] INFO:colcon.colcon_ros.task.ament_python.build:Building ROS package in '/home/pi/ros2_ws/src/ackermann_vesc_adapter' with build type 'ament_python'
[0.982s] Level 1:colcon.colcon_core.shell:create_environment_hook('ackermann_vesc_adapter', 'ament_prefix_path')
[0.982s] INFO:colcon.colcon_core.shell:Creating environment hook '/home/pi/ros2_ws/install/ackermann_vesc_adapter/share/ackermann_vesc_adapter/hook/ament_prefix_path.ps1'
[0.983s] INFO:colcon.colcon_core.shell:Creating environment descriptor '/home/pi/ros2_ws/install/ackermann_vesc_adapter/share/ackermann_vesc_adapter/hook/ament_prefix_path.dsv'
[0.984s] INFO:colcon.colcon_core.shell:Creating environment hook '/home/pi/ros2_ws/install/ackermann_vesc_adapter/share/ackermann_vesc_adapter/hook/ament_prefix_path.sh'
[0.985s] INFO:colcon.colcon_core.shell:Skip shell extension 'powershell' for command environment: Not usable outside of PowerShell
[0.985s] DEBUG:colcon.colcon_core.shell:Skip shell extension 'dsv' for command environment
[0.990s] INFO:colcon.colcon_ros.task.ament_python.build:Building ROS package in '/home/pi/ros2_ws/src/drive' with build type 'ament_python'
[0.991s] Level 1:colcon.colcon_core.shell:create_environment_hook('drive', 'ament_prefix_path')
[0.992s] INFO:colcon.colcon_core.shell:Creating environment hook '/home/pi/ros2_ws/install/drive/share/drive/hook/ament_prefix_path.ps1'
[0.994s] INFO:colcon.colcon_core.shell:Creating environment descriptor '/home/pi/ros2_ws/install/drive/share/drive/hook/ament_prefix_path.dsv'
[0.997s] INFO:colcon.colcon_core.shell:Creating environment hook '/home/pi/ros2_ws/install/drive/share/drive/hook/ament_prefix_path.sh'
[0.999s] INFO:colcon.colcon_core.shell:Skip shell extension 'powershell' for command environment: Not usable outside of PowerShell
[0.999s] DEBUG:colcon.colcon_core.shell:Skip shell extension 'dsv' for command environment
[1.023s] DEBUG:colcon.colcon_core.event_handler.log_command:Invoking command in '/home/pi/ros2_ws/build/vesc_msgs': CMAKE_PREFIX_PATH=${CMAKE_PREFIX_PATH}:/home/pi/ros2_ws/install/drive:/home/pi/ros2_ws/install/ackermann_vesc_adapter:/home/pi/ros2_ws/install/ackermann_teleop:/opt/ros/kilted DEBUGINFOD_URLS=https://debuginfod.ubuntu.com /usr/bin/cmake /home/pi/ros2_ws/src/vesc/vesc_msgs -DCMAKE_INSTALL_PREFIX=/home/pi/ros2_ws/install/vesc_msgs
[1.419s] INFO:colcon.colcon_core.task.python.build:Building Python package in '/home/pi/ros2_ws/src/ackermann_teleop'
[1.420s] INFO:colcon.colcon_core.shell:Skip shell extension 'powershell' for command environment: Not usable outside of PowerShell
[1.420s] DEBUG:colcon.colcon_core.shell:Skip shell extension 'dsv' for command environment
[1.803s] INFO:colcon.colcon_core.task.python.build:Building Python package in '/home/pi/ros2_ws/src/ackermann_vesc_adapter'
[1.804s] INFO:colcon.colcon_core.shell:Skip shell extension 'powershell' for command environment: Not usable outside of PowerShell
[1.804s] DEBUG:colcon.colcon_core.shell:Skip shell extension 'dsv' for command environment
[2.195s] INFO:colcon.colcon_core.task.python.build:Building Python package in '/home/pi/ros2_ws/src/drive'
[2.195s] INFO:colcon.colcon_core.shell:Skip shell extension 'powershell' for command environment: Not usable outside of PowerShell
[2.195s] DEBUG:colcon.colcon_core.shell:Skip shell extension 'dsv' for command environment
[4.089s] DEBUG:colcon.colcon_core.event_handler.log_command:Invoking command in '/home/pi/ros2_ws/build/ackermann_teleop': DEBUGINFOD_URLS=https://debuginfod.ubuntu.com PYTHONPATH=/home/pi/ros2_ws/build/ackermann_teleop/prefix_override:/usr/lib/python3/dist-packages/colcon_core/task/python/colcon_distutils_commands:/home/pi/ros2_ws/install/ackermann_teleop/lib/python3.12/site-packages:${PYTHONPATH} /usr/bin/python3 -W ignore:setup.py install is deprecated -W ignore:easy_install command is deprecated setup.py develop --uninstall --editable --build-directory /home/pi/ros2_ws/build/ackermann_teleop/build
[4.097s] DEBUG:colcon.colcon_core.event_handler.log_command:Invoking command in '/home/pi/ros2_ws/build/ackermann_vesc_adapter': DEBUGINFOD_URLS=https://debuginfod.ubuntu.com PYTHONPATH=/home/pi/ros2_ws/build/ackermann_vesc_adapter/prefix_override:/usr/lib/python3/dist-packages/colcon_core/task/python/colcon_distutils_commands:/home/pi/ros2_ws/install/ackermann_vesc_adapter/lib/python3.12/site-packages:${PYTHONPATH} /usr/bin/python3 -W ignore:setup.py install is deprecated -W ignore:easy_install command is deprecated setup.py develop --uninstall --editable --build-directory /home/pi/ros2_ws/build/ackermann_vesc_adapter/build
[4.105s] DEBUG:colcon.colcon_core.event_handler.log_command:Invoking command in '/home/pi/ros2_ws/build/drive': DEBUGINFOD_URLS=https://debuginfod.ubuntu.com PYTHONPATH=/home/pi/ros2_ws/build/drive/prefix_override:/usr/lib/python3/dist-packages/colcon_core/task/python/colcon_distutils_commands:/home/pi/ros2_ws/install/drive/lib/python3.12/site-packages:${PYTHONPATH} /usr/bin/python3 -W ignore:setup.py install is deprecated -W ignore:easy_install command is deprecated setup.py develop --uninstall --editable --build-directory /home/pi/ros2_ws/build/drive/build
[4.752s] DEBUG:colcon.colcon_core.event_handler.log_command:Invoked command in '/home/pi/ros2_ws/build/vesc_msgs' returned '0': CMAKE_PREFIX_PATH=${CMAKE_PREFIX_PATH}:/home/pi/ros2_ws/install/drive:/home/pi/ros2_ws/install/ackermann_vesc_adapter:/home/pi/ros2_ws/install/ackermann_teleop:/opt/ros/kilted DEBUGINFOD_URLS=https://debuginfod.ubuntu.com /usr/bin/cmake /home/pi/ros2_ws/src/vesc/vesc_msgs -DCMAKE_INSTALL_PREFIX=/home/pi/ros2_ws/install/vesc_msgs
[4.753s] DEBUG:colcon.colcon_core.event_handler.log_command:Invoking command in '/home/pi/ros2_ws/build/vesc_msgs': CMAKE_PREFIX_PATH=${CMAKE_PREFIX_PATH}:/home/pi/ros2_ws/install/drive:/home/pi/ros2_ws/install/ackermann_vesc_adapter:/home/pi/ros2_ws/install/ackermann_teleop:/opt/ros/kilted DEBUGINFOD_URLS=https://debuginfod.ubuntu.com /usr/bin/cmake --build /home/pi/ros2_ws/build/vesc_msgs -- -j4 -l4
[5.319s] DEBUG:colcon.colcon_core.event_handler.log_command:Invoked command in '/home/pi/ros2_ws/build/ackermann_vesc_adapter' returned '0': DEBUGINFOD_URLS=https://debuginfod.ubuntu.com PYTHONPATH=/home/pi/ros2_ws/build/ackermann_vesc_adapter/prefix_override:/usr/lib/python3/dist-packages/colcon_core/task/python/colcon_distutils_commands:/home/pi/ros2_ws/install/ackermann_vesc_adapter/lib/python3.12/site-packages:${PYTHONPATH} /usr/bin/python3 -W ignore:setup.py install is deprecated -W ignore:easy_install command is deprecated setup.py develop --uninstall --editable --build-directory /home/pi/ros2_ws/build/ackermann_vesc_adapter/build
[5.331s] DEBUG:colcon.colcon_core.event_handler.log_command:Invoking command in '/home/pi/ros2_ws/src/ackermann_vesc_adapter': DEBUGINFOD_URLS=https://debuginfod.ubuntu.com PYTHONPATH=/home/pi/ros2_ws/build/ackermann_vesc_adapter/prefix_override:/usr/lib/python3/dist-packages/colcon_core/task/python/colcon_distutils_commands:/home/pi/ros2_ws/install/ackermann_vesc_adapter/lib/python3.12/site-packages:${PYTHONPATH} /usr/bin/python3 -W ignore:setup.py install is deprecated -W ignore:easy_install command is deprecated setup.py egg_info --egg-base ../../build/ackermann_vesc_adapter build --build-base /home/pi/ros2_ws/build/ackermann_vesc_adapter/build install --record /home/pi/ros2_ws/build/ackermann_vesc_adapter/install.log --single-version-externally-managed install_data --force
[5.412s] DEBUG:colcon.colcon_core.event_handler.log_command:Invoked command in '/home/pi/ros2_ws/build/ackermann_teleop' returned '0': DEBUGINFOD_URLS=https://debuginfod.ubuntu.com PYTHONPATH=/home/pi/ros2_ws/build/ackermann_teleop/prefix_override:/usr/lib/python3/dist-packages/colcon_core/task/python/colcon_distutils_commands:/home/pi/ros2_ws/install/ackermann_teleop/lib/python3.12/site-packages:${PYTHONPATH} /usr/bin/python3 -W ignore:setup.py install is deprecated -W ignore:easy_install command is deprecated setup.py develop --uninstall --editable --build-directory /home/pi/ros2_ws/build/ackermann_teleop/build
[5.413s] DEBUG:colcon.colcon_core.event_handler.log_command:Invoking command in '/home/pi/ros2_ws/src/ackermann_teleop': DEBUGINFOD_URLS=https://debuginfod.ubuntu.com PYTHONPATH=/home/pi/ros2_ws/build/ackermann_teleop/prefix_override:/usr/lib/python3/dist-packages/colcon_core/task/python/colcon_distutils_commands:/home/pi/ros2_ws/install/ackermann_teleop/lib/python3.12/site-packages:${PYTHONPATH} /usr/bin/python3 -W ignore:setup.py install is deprecated -W ignore:easy_install command is deprecated setup.py egg_info --egg-base ../../build/ackermann_teleop build --build-base /home/pi/ros2_ws/build/ackermann_teleop/build install --record /home/pi/ros2_ws/build/ackermann_teleop/install.log --single-version-externally-managed install_data --force
[5.489s] DEBUG:colcon.colcon_core.event_handler.log_command:Invoked command in '/home/pi/ros2_ws/build/drive' returned '0': DEBUGINFOD_URLS=https://debuginfod.ubuntu.com PYTHONPATH=/home/pi/ros2_ws/build/drive/prefix_override:/usr/lib/python3/dist-packages/colcon_core/task/python/colcon_distutils_commands:/home/pi/ros2_ws/install/drive/lib/python3.12/site-packages:${PYTHONPATH} /usr/bin/python3 -W ignore:setup.py install is deprecated -W ignore:easy_install command is deprecated setup.py develop --uninstall --editable --build-directory /home/pi/ros2_ws/build/drive/build
[5.492s] DEBUG:colcon.colcon_core.event_handler.log_command:Invoking command in '/home/pi/ros2_ws/src/drive': DEBUGINFOD_URLS=https://debuginfod.ubuntu.com PYTHONPATH=/home/pi/ros2_ws/build/drive/prefix_override:/usr/lib/python3/dist-packages/colcon_core/task/python/colcon_distutils_commands:/home/pi/ros2_ws/install/drive/lib/python3.12/site-packages:${PYTHONPATH} /usr/bin/python3 -W ignore:setup.py install is deprecated -W ignore:easy_install command is deprecated setup.py egg_info --egg-base ../../build/drive build --build-base /home/pi/ros2_ws/build/drive/build install --record /home/pi/ros2_ws/build/drive/install.log --single-version-externally-managed install_data --force
[6.070s] DEBUG:colcon.colcon_core.event_handler.log_command:Invoked command in '/home/pi/ros2_ws/build/vesc_msgs' returned '0': CMAKE_PREFIX_PATH=${CMAKE_PREFIX_PATH}:/home/pi/ros2_ws/install/drive:/home/pi/ros2_ws/install/ackermann_vesc_adapter:/home/pi/ros2_ws/install/ackermann_teleop:/opt/ros/kilted DEBUGINFOD_URLS=https://debuginfod.ubuntu.com /usr/bin/cmake --build /home/pi/ros2_ws/build/vesc_msgs -- -j4 -l4
[6.103s] DEBUG:colcon.colcon_core.event_handler.log_command:Invoking command in '/home/pi/ros2_ws/build/vesc_msgs': CMAKE_PREFIX_PATH=${CMAKE_PREFIX_PATH}:/home/pi/ros2_ws/install/drive:/home/pi/ros2_ws/install/ackermann_vesc_adapter:/home/pi/ros2_ws/install/ackermann_teleop:/opt/ros/kilted DEBUGINFOD_URLS=https://debuginfod.ubuntu.com /usr/bin/cmake --install /home/pi/ros2_ws/build/vesc_msgs
[6.402s] Level 1:colcon.colcon_core.environment:create_environment_scripts_only(vesc_msgs)
[6.403s] DEBUG:colcon.colcon_core.event_handler.log_command:Invoked command in '/home/pi/ros2_ws/build/vesc_msgs' returned '0': CMAKE_PREFIX_PATH=${CMAKE_PREFIX_PATH}:/home/pi/ros2_ws/install/drive:/home/pi/ros2_ws/install/ackermann_vesc_adapter:/home/pi/ros2_ws/install/ackermann_teleop:/opt/ros/kilted DEBUGINFOD_URLS=https://debuginfod.ubuntu.com /usr/bin/cmake --install /home/pi/ros2_ws/build/vesc_msgs
[6.415s] Level 1:colcon.colcon_core.environment:checking '/home/pi/ros2_ws/install/vesc_msgs' for CMake module files
[6.416s] Level 1:colcon.colcon_core.environment:checking '/home/pi/ros2_ws/install/vesc_msgs' for CMake config files
[6.416s] Level 1:colcon.colcon_core.shell:create_environment_hook('vesc_msgs', 'cmake_prefix_path')
[6.417s] INFO:colcon.colcon_core.shell:Creating environment hook '/home/pi/ros2_ws/install/vesc_msgs/share/vesc_msgs/hook/cmake_prefix_path.ps1'
[6.418s] INFO:colcon.colcon_core.shell:Creating environment descriptor '/home/pi/ros2_ws/install/vesc_msgs/share/vesc_msgs/hook/cmake_prefix_path.dsv'
[6.419s] INFO:colcon.colcon_core.shell:Creating environment hook '/home/pi/ros2_ws/install/vesc_msgs/share/vesc_msgs/hook/cmake_prefix_path.sh'
[6.420s] Level 1:colcon.colcon_core.environment:checking '/home/pi/ros2_ws/install/vesc_msgs/lib'
[6.421s] Level 1:colcon.colcon_core.shell:create_environment_hook('vesc_msgs', 'ld_library_path_lib')
[6.421s] INFO:colcon.colcon_core.shell:Creating environment hook '/home/pi/ros2_ws/install/vesc_msgs/share/vesc_msgs/hook/ld_library_path_lib.ps1'
[6.422s] INFO:colcon.colcon_core.shell:Creating environment descriptor '/home/pi/ros2_ws/install/vesc_msgs/share/vesc_msgs/hook/ld_library_path_lib.dsv'
[6.423s] INFO:colcon.colcon_core.shell:Creating environment hook '/home/pi/ros2_ws/install/vesc_msgs/share/vesc_msgs/hook/ld_library_path_lib.sh'
[6.426s] Level 1:colcon.colcon_core.environment:checking '/home/pi/ros2_ws/install/vesc_msgs/bin'
[6.426s] Level 1:colcon.colcon_core.environment:checking '/home/pi/ros2_ws/install/vesc_msgs/lib/pkgconfig/vesc_msgs.pc'
[6.426s] Level 1:colcon.colcon_core.environment:checking '/home/pi/ros2_ws/install/vesc_msgs/lib/python3.12/site-packages'
[6.427s] Level 1:colcon.colcon_core.shell:create_environment_hook('vesc_msgs', 'pythonpath')
[6.427s] INFO:colcon.colcon_core.shell:Creating environment hook '/home/pi/ros2_ws/install/vesc_msgs/share/vesc_msgs/hook/pythonpath.ps1'
[6.428s] INFO:colcon.colcon_core.shell:Creating environment descriptor '/home/pi/ros2_ws/install/vesc_msgs/share/vesc_msgs/hook/pythonpath.dsv'
[6.429s] INFO:colcon.colcon_core.shell:Creating environment hook '/home/pi/ros2_ws/install/vesc_msgs/share/vesc_msgs/hook/pythonpath.sh'
[6.432s] Level 1:colcon.colcon_core.environment:checking '/home/pi/ros2_ws/install/vesc_msgs/bin'
[6.432s] INFO:colcon.colcon_core.shell:Creating package script '/home/pi/ros2_ws/install/vesc_msgs/share/vesc_msgs/package.ps1'
[6.435s] INFO:colcon.colcon_core.shell:Creating package descriptor '/home/pi/ros2_ws/install/vesc_msgs/share/vesc_msgs/package.dsv'
[6.438s] INFO:colcon.colcon_core.shell:Creating package script '/home/pi/ros2_ws/install/vesc_msgs/share/vesc_msgs/package.sh'
[6.439s] INFO:colcon.colcon_core.shell:Creating package script '/home/pi/ros2_ws/install/vesc_msgs/share/vesc_msgs/package.bash'
[6.442s] INFO:colcon.colcon_core.shell:Creating package script '/home/pi/ros2_ws/install/vesc_msgs/share/vesc_msgs/package.zsh'
[6.445s] Level 1:colcon.colcon_core.environment:create_file_with_runtime_dependencies(/home/pi/ros2_ws/install/vesc_msgs/share/colcon-core/packages/vesc_msgs)
[6.447s] Level 1:colcon.colcon_core.environment:create_environment_scripts_only(vesc_msgs)
[6.447s] Level 1:colcon.colcon_core.environment:checking '/home/pi/ros2_ws/install/vesc_msgs' for CMake module files
[6.448s] Level 1:colcon.colcon_core.environment:checking '/home/pi/ros2_ws/install/vesc_msgs' for CMake config files
[6.449s] Level 1:colcon.colcon_core.shell:create_environment_hook('vesc_msgs', 'cmake_prefix_path')
[6.449s] INFO:colcon.colcon_core.shell:Creating environment hook '/home/pi/ros2_ws/install/vesc_msgs/share/vesc_msgs/hook/cmake_prefix_path.ps1'
[6.450s] INFO:colcon.colcon_core.shell:Creating environment descriptor '/home/pi/ros2_ws/install/vesc_msgs/share/vesc_msgs/hook/cmake_prefix_path.dsv'
[6.451s] INFO:colcon.colcon_core.shell:Creating environment hook '/home/pi/ros2_ws/install/vesc_msgs/share/vesc_msgs/hook/cmake_prefix_path.sh'
[6.452s] Level 1:colcon.colcon_core.environment:checking '/home/pi/ros2_ws/install/vesc_msgs/lib'
[6.452s] Level 1:colcon.colcon_core.shell:create_environment_hook('vesc_msgs', 'ld_library_path_lib')
[6.452s] INFO:colcon.colcon_core.shell:Creating environment hook '/home/pi/ros2_ws/install/vesc_msgs/share/vesc_msgs/hook/ld_library_path_lib.ps1'
[6.453s] INFO:colcon.colcon_core.shell:Creating environment descriptor '/home/pi/ros2_ws/install/vesc_msgs/share/vesc_msgs/hook/ld_library_path_lib.dsv'
[6.454s] INFO:colcon.colcon_core.shell:Creating environment hook '/home/pi/ros2_ws/install/vesc_msgs/share/vesc_msgs/hook/ld_library_path_lib.sh'
[6.455s] Level 1:colcon.colcon_core.environment:checking '/home/pi/ros2_ws/install/vesc_msgs/bin'
[6.455s] Level 1:colcon.colcon_core.environment:checking '/home/pi/ros2_ws/install/vesc_msgs/lib/pkgconfig/vesc_msgs.pc'
[6.456s] Level 1:colcon.colcon_core.environment:checking '/home/pi/ros2_ws/install/vesc_msgs/lib/python3.12/site-packages'
[6.456s] Level 1:colcon.colcon_core.shell:create_environment_hook('vesc_msgs', 'pythonpath')
[6.456s] INFO:colcon.colcon_core.shell:Creating environment hook '/home/pi/ros2_ws/install/vesc_msgs/share/vesc_msgs/hook/pythonpath.ps1'
[6.457s] INFO:colcon.colcon_core.shell:Creating environment descriptor '/home/pi/ros2_ws/install/vesc_msgs/share/vesc_msgs/hook/pythonpath.dsv'
[6.458s] INFO:colcon.colcon_core.shell:Creating environment hook '/home/pi/ros2_ws/install/vesc_msgs/share/vesc_msgs/hook/pythonpath.sh'
[6.459s] Level 1:colcon.colcon_core.environment:checking '/home/pi/ros2_ws/install/vesc_msgs/bin'
[6.460s] INFO:colcon.colcon_core.shell:Creating package script '/home/pi/ros2_ws/install/vesc_msgs/share/vesc_msgs/package.ps1'
[6.461s] INFO:colcon.colcon_core.shell:Creating package descriptor '/home/pi/ros2_ws/install/vesc_msgs/share/vesc_msgs/package.dsv'
[6.463s] INFO:colcon.colcon_core.shell:Creating package script '/home/pi/ros2_ws/install/vesc_msgs/share/vesc_msgs/package.sh'
[6.464s] INFO:colcon.colcon_core.shell:Creating package script '/home/pi/ros2_ws/install/vesc_msgs/share/vesc_msgs/package.bash'
[6.465s] INFO:colcon.colcon_core.shell:Creating package script '/home/pi/ros2_ws/install/vesc_msgs/share/vesc_msgs/package.zsh'
[6.467s] Level 1:colcon.colcon_core.environment:create_file_with_runtime_dependencies(/home/pi/ros2_ws/install/vesc_msgs/share/colcon-core/packages/vesc_msgs)
[6.469s] INFO:colcon.colcon_ros.task.ament_cmake.build:Building ROS package in '/home/pi/ros2_ws/src/vesc/vesc_driver' with build type 'ament_cmake'
[6.469s] INFO:colcon.colcon_cmake.task.cmake.build:Building CMake package in '/home/pi/ros2_ws/src/vesc/vesc_driver'
[6.469s] INFO:colcon.colcon_core.shell:Skip shell extension 'powershell' for command environment: Not usable outside of PowerShell
[6.471s] DEBUG:colcon.colcon_core.shell:Skip shell extension 'dsv' for command environment
[6.531s] DEBUG:colcon.colcon_core.event_handler.log_command:Invoking command in '/home/pi/ros2_ws/build/vesc_driver': CMAKE_PREFIX_PATH=/home/pi/ros2_ws/install/vesc_msgs:/home/pi/ros2_ws/install/vesc:/home/pi/ros2_ws/install/vesc_driver:/home/pi/ros2_ws/install/gazebo_ackermann_steering_vehicle:/opt/ros/kilted/opt/sdformat_vendor:/opt/ros/kilted/opt/gz_math_vendor:/opt/ros/kilted/opt/gz_utils_vendor:/opt/ros/kilted/opt/gz_tools_vendor:/opt/ros/kilted/opt/gz_cmake_vendor:/home/pi/ros2_ws/install/drive:/home/pi/ros2_ws/install/ackermann_vesc_adapter:/home/pi/ros2_ws/install/ackermann_teleop:/opt/ros/kilted DEBUGINFOD_URLS=https://debuginfod.ubuntu.com LD_LIBRARY_PATH=/home/pi/ros2_ws/install/vesc_msgs/lib:/home/pi/ros2_ws/install/vesc_driver/lib:/opt/ros/kilted/opt/zenoh_cpp_vendor/lib:/opt/ros/kilted/opt/sdformat_vendor/lib:/opt/ros/kilted/opt/gz_math_vendor/lib:/opt/ros/kilted/opt/gz_utils_vendor/lib:/opt/ros/kilted/opt/rviz_ogre_vendor/lib:/opt/ros/kilted/lib/aarch64-linux-gnu:/opt/ros/kilted/opt/gz_tools_vendor/lib:/opt/ros/kilted/opt/gz_cmake_vendor/lib:/opt/ros/kilted/lib /usr/bin/cmake /home/pi/ros2_ws/src/vesc/vesc_driver -DCMAKE_INSTALL_PREFIX=/home/pi/ros2_ws/install/vesc_driver
[6.642s] Level 1:colcon.colcon_core.environment:checking '/home/pi/ros2_ws/install/ackermann_vesc_adapter' for CMake module files
[6.647s] Level 1:colcon.colcon_core.environment:checking '/home/pi/ros2_ws/install/ackermann_vesc_adapter' for CMake config files
[6.649s] Level 1:colcon.colcon_core.environment:checking '/home/pi/ros2_ws/install/ackermann_vesc_adapter/lib'
[6.646s] DEBUG:colcon.colcon_core.event_handler.log_command:Invoked command in '/home/pi/ros2_ws/src/ackermann_vesc_adapter' returned '0': DEBUGINFOD_URLS=https://debuginfod.ubuntu.com PYTHONPATH=/home/pi/ros2_ws/build/ackermann_vesc_adapter/prefix_override:/usr/lib/python3/dist-packages/colcon_core/task/python/colcon_distutils_commands:/home/pi/ros2_ws/install/ackermann_vesc_adapter/lib/python3.12/site-packages:${PYTHONPATH} /usr/bin/python3 -W ignore:setup.py install is deprecated -W ignore:easy_install command is deprecated setup.py egg_info --egg-base ../../build/ackermann_vesc_adapter build --build-base /home/pi/ros2_ws/build/ackermann_vesc_adapter/build install --record /home/pi/ros2_ws/build/ackermann_vesc_adapter/install.log --single-version-externally-managed install_data --force
[6.650s] Level 1:colcon.colcon_core.environment:checking '/home/pi/ros2_ws/install/ackermann_vesc_adapter/bin'
[6.651s] Level 1:colcon.colcon_core.environment:checking '/home/pi/ros2_ws/install/ackermann_vesc_adapter/lib/pkgconfig/ackermann_vesc_adapter.pc'
[6.651s] Level 1:colcon.colcon_core.environment:checking '/home/pi/ros2_ws/install/ackermann_vesc_adapter/lib/python3.12/site-packages'
[6.651s] Level 1:colcon.colcon_core.shell:create_environment_hook('ackermann_vesc_adapter', 'pythonpath')
[6.652s] INFO:colcon.colcon_core.shell:Creating environment hook '/home/pi/ros2_ws/install/ackermann_vesc_adapter/share/ackermann_vesc_adapter/hook/pythonpath.ps1'
[6.654s] INFO:colcon.colcon_core.shell:Creating environment descriptor '/home/pi/ros2_ws/install/ackermann_vesc_adapter/share/ackermann_vesc_adapter/hook/pythonpath.dsv'
[6.655s] INFO:colcon.colcon_core.shell:Creating environment hook '/home/pi/ros2_ws/install/ackermann_vesc_adapter/share/ackermann_vesc_adapter/hook/pythonpath.sh'
[6.657s] Level 1:colcon.colcon_core.environment:checking '/home/pi/ros2_ws/install/ackermann_vesc_adapter/bin'
[6.657s] Level 1:colcon.colcon_core.environment:create_environment_scripts_only(ackermann_vesc_adapter)
[6.658s] INFO:colcon.colcon_core.shell:Creating package script '/home/pi/ros2_ws/install/ackermann_vesc_adapter/share/ackermann_vesc_adapter/package.ps1'
[6.659s] INFO:colcon.colcon_core.shell:Creating package descriptor '/home/pi/ros2_ws/install/ackermann_vesc_adapter/share/ackermann_vesc_adapter/package.dsv'
[6.661s] INFO:colcon.colcon_core.shell:Creating package script '/home/pi/ros2_ws/install/ackermann_vesc_adapter/share/ackermann_vesc_adapter/package.sh'
[6.662s] INFO:colcon.colcon_core.shell:Creating package script '/home/pi/ros2_ws/install/ackermann_vesc_adapter/share/ackermann_vesc_adapter/package.bash'
[6.664s] INFO:colcon.colcon_core.shell:Creating package script '/home/pi/ros2_ws/install/ackermann_vesc_adapter/share/ackermann_vesc_adapter/package.zsh'
[6.665s] Level 1:colcon.colcon_core.environment:create_file_with_runtime_dependencies(/home/pi/ros2_ws/install/ackermann_vesc_adapter/share/colcon-core/packages/ackermann_vesc_adapter)
[6.669s] INFO:colcon.colcon_ros.task.ament_cmake.build:Building ROS package in '/home/pi/ros2_ws/src/gazebo_ackermann_steering_vehicle' with build type 'ament_cmake'
[6.670s] INFO:colcon.colcon_cmake.task.cmake.build:Building CMake package in '/home/pi/ros2_ws/src/gazebo_ackermann_steering_vehicle'
[6.670s] INFO:colcon.colcon_core.shell:Skip shell extension 'powershell' for command environment: Not usable outside of PowerShell
[6.671s] DEBUG:colcon.colcon_core.shell:Skip shell extension 'dsv' for command environment
[6.704s] DEBUG:colcon.colcon_core.event_handler.log_command:Invoking command in '/home/pi/ros2_ws/build/gazebo_ackermann_steering_vehicle': CMAKE_PREFIX_PATH=${CMAKE_PREFIX_PATH}:/home/pi/ros2_ws/install/drive:/home/pi/ros2_ws/install/ackermann_vesc_adapter:/home/pi/ros2_ws/install/ackermann_teleop:/opt/ros/kilted DEBUGINFOD_URLS=https://debuginfod.ubuntu.com /usr/bin/cmake /home/pi/ros2_ws/src/gazebo_ackermann_steering_vehicle -DCMAKE_INSTALL_PREFIX=/home/pi/ros2_ws/install/gazebo_ackermann_steering_vehicle
[6.728s] Level 1:colcon.colcon_core.environment:checking '/home/pi/ros2_ws/install/ackermann_teleop' for CMake module files
[6.730s] Level 1:colcon.colcon_core.environment:checking '/home/pi/ros2_ws/install/ackermann_teleop' for CMake config files
[6.729s] DEBUG:colcon.colcon_core.event_handler.log_command:Invoked command in '/home/pi/ros2_ws/src/ackermann_teleop' returned '0': DEBUGINFOD_URLS=https://debuginfod.ubuntu.com PYTHONPATH=/home/pi/ros2_ws/build/ackermann_teleop/prefix_override:/usr/lib/python3/dist-packages/colcon_core/task/python/colcon_distutils_commands:/home/pi/ros2_ws/install/ackermann_teleop/lib/python3.12/site-packages:${PYTHONPATH} /usr/bin/python3 -W ignore:setup.py install is deprecated -W ignore:easy_install command is deprecated setup.py egg_info --egg-base ../../build/ackermann_teleop build --build-base /home/pi/ros2_ws/build/ackermann_teleop/build install --record /home/pi/ros2_ws/build/ackermann_teleop/install.log --single-version-externally-managed install_data --force
[6.732s] Level 1:colcon.colcon_core.environment:checking '/home/pi/ros2_ws/install/ackermann_teleop/lib'
[6.733s] Level 1:colcon.colcon_core.environment:checking '/home/pi/ros2_ws/install/ackermann_teleop/bin'
[6.733s] Level 1:colcon.colcon_core.environment:checking '/home/pi/ros2_ws/install/ackermann_teleop/lib/pkgconfig/ackermann_teleop.pc'
[6.733s] Level 1:colcon.colcon_core.environment:checking '/home/pi/ros2_ws/install/ackermann_teleop/lib/python3.12/site-packages'
[6.734s] Level 1:colcon.colcon_core.shell:create_environment_hook('ackermann_teleop', 'pythonpath')
[6.735s] INFO:colcon.colcon_core.shell:Creating environment hook '/home/pi/ros2_ws/install/ackermann_teleop/share/ackermann_teleop/hook/pythonpath.ps1'
[6.736s] INFO:colcon.colcon_core.shell:Creating environment descriptor '/home/pi/ros2_ws/install/ackermann_teleop/share/ackermann_teleop/hook/pythonpath.dsv'
[6.737s] INFO:colcon.colcon_core.shell:Creating environment hook '/home/pi/ros2_ws/install/ackermann_teleop/share/ackermann_teleop/hook/pythonpath.sh'
[6.740s] Level 1:colcon.colcon_core.environment:checking '/home/pi/ros2_ws/install/ackermann_teleop/bin'
[6.740s] Level 1:colcon.colcon_core.environment:create_environment_scripts_only(ackermann_teleop)
[6.740s] INFO:colcon.colcon_core.shell:Creating package script '/home/pi/ros2_ws/install/ackermann_teleop/share/ackermann_teleop/package.ps1'
[6.741s] INFO:colcon.colcon_core.shell:Creating package descriptor '/home/pi/ros2_ws/install/ackermann_teleop/share/ackermann_teleop/package.dsv'
[6.743s] INFO:colcon.colcon_core.shell:Creating package script '/home/pi/ros2_ws/install/ackermann_teleop/share/ackermann_teleop/package.sh'
[6.744s] INFO:colcon.colcon_core.shell:Creating package script '/home/pi/ros2_ws/install/ackermann_teleop/share/ackermann_teleop/package.bash'
[6.745s] INFO:colcon.colcon_core.shell:Creating package script '/home/pi/ros2_ws/install/ackermann_teleop/share/ackermann_teleop/package.zsh'
[6.746s] Level 1:colcon.colcon_core.environment:create_file_with_runtime_dependencies(/home/pi/ros2_ws/install/ackermann_teleop/share/colcon-core/packages/ackermann_teleop)
[6.780s] Level 1:colcon.colcon_core.environment:checking '/home/pi/ros2_ws/install/drive' for CMake module files
[6.781s] DEBUG:colcon.colcon_core.event_handler.log_command:Invoked command in '/home/pi/ros2_ws/src/drive' returned '0': DEBUGINFOD_URLS=https://debuginfod.ubuntu.com PYTHONPATH=/home/pi/ros2_ws/build/drive/prefix_override:/usr/lib/python3/dist-packages/colcon_core/task/python/colcon_distutils_commands:/home/pi/ros2_ws/install/drive/lib/python3.12/site-packages:${PYTHONPATH} /usr/bin/python3 -W ignore:setup.py install is deprecated -W ignore:easy_install command is deprecated setup.py egg_info --egg-base ../../build/drive build --build-base /home/pi/ros2_ws/build/drive/build install --record /home/pi/ros2_ws/build/drive/install.log --single-version-externally-managed install_data --force
[6.782s] Level 1:colcon.colcon_core.environment:checking '/home/pi/ros2_ws/install/drive' for CMake config files
[6.783s] Level 1:colcon.colcon_core.environment:checking '/home/pi/ros2_ws/install/drive/lib'
[6.783s] Level 1:colcon.colcon_core.environment:checking '/home/pi/ros2_ws/install/drive/bin'
[6.783s] Level 1:colcon.colcon_core.environment:checking '/home/pi/ros2_ws/install/drive/lib/pkgconfig/drive.pc'
[6.784s] Level 1:colcon.colcon_core.environment:checking '/home/pi/ros2_ws/install/drive/lib/python3.12/site-packages'
[6.784s] Level 1:colcon.colcon_core.shell:create_environment_hook('drive', 'pythonpath')
[6.784s] INFO:colcon.colcon_core.shell:Creating environment hook '/home/pi/ros2_ws/install/drive/share/drive/hook/pythonpath.ps1'
[6.785s] INFO:colcon.colcon_core.shell:Creating environment descriptor '/home/pi/ros2_ws/install/drive/share/drive/hook/pythonpath.dsv'
[6.786s] INFO:colcon.colcon_core.shell:Creating environment hook '/home/pi/ros2_ws/install/drive/share/drive/hook/pythonpath.sh'
[6.787s] Level 1:colcon.colcon_core.environment:checking '/home/pi/ros2_ws/install/drive/bin'
[6.787s] Level 1:colcon.colcon_core.environment:create_environment_scripts_only(drive)
[6.788s] INFO:colcon.colcon_core.shell:Creating package script '/home/pi/ros2_ws/install/drive/share/drive/package.ps1'
[6.789s] INFO:colcon.colcon_core.shell:Creating package descriptor '/home/pi/ros2_ws/install/drive/share/drive/package.dsv'
[6.789s] INFO:colcon.colcon_core.shell:Creating package script '/home/pi/ros2_ws/install/drive/share/drive/package.sh'
[6.790s] INFO:colcon.colcon_core.shell:Creating package script '/home/pi/ros2_ws/install/drive/share/drive/package.bash'
[6.791s] INFO:colcon.colcon_core.shell:Creating package script '/home/pi/ros2_ws/install/drive/share/drive/package.zsh'
[6.793s] Level 1:colcon.colcon_core.environment:create_file_with_runtime_dependencies(/home/pi/ros2_ws/install/drive/share/colcon-core/packages/drive)
[8.275s] DEBUG:colcon.colcon_core.event_handler.log_command:Invoked command in '/home/pi/ros2_ws/build/gazebo_ackermann_steering_vehicle' returned '0': CMAKE_PREFIX_PATH=${CMAKE_PREFIX_PATH}:/home/pi/ros2_ws/install/drive:/home/pi/ros2_ws/install/ackermann_vesc_adapter:/home/pi/ros2_ws/install/ackermann_teleop:/opt/ros/kilted DEBUGINFOD_URLS=https://debuginfod.ubuntu.com /usr/bin/cmake /home/pi/ros2_ws/src/gazebo_ackermann_steering_vehicle -DCMAKE_INSTALL_PREFIX=/home/pi/ros2_ws/install/gazebo_ackermann_steering_vehicle
[8.277s] DEBUG:colcon.colcon_core.event_handler.log_command:Invoking command in '/home/pi/ros2_ws/build/gazebo_ackermann_steering_vehicle': CMAKE_PREFIX_PATH=${CMAKE_PREFIX_PATH}:/home/pi/ros2_ws/install/drive:/home/pi/ros2_ws/install/ackermann_vesc_adapter:/home/pi/ros2_ws/install/ackermann_teleop:/opt/ros/kilted DEBUGINFOD_URLS=https://debuginfod.ubuntu.com /usr/bin/cmake --build /home/pi/ros2_ws/build/gazebo_ackermann_steering_vehicle -- -j4 -l4
[8.480s] DEBUG:colcon.colcon_core.event_handler.log_command:Invoked command in '/home/pi/ros2_ws/build/gazebo_ackermann_steering_vehicle' returned '0': CMAKE_PREFIX_PATH=${CMAKE_PREFIX_PATH}:/home/pi/ros2_ws/install/drive:/home/pi/ros2_ws/install/ackermann_vesc_adapter:/home/pi/ros2_ws/install/ackermann_teleop:/opt/ros/kilted DEBUGINFOD_URLS=https://debuginfod.ubuntu.com /usr/bin/cmake --build /home/pi/ros2_ws/build/gazebo_ackermann_steering_vehicle -- -j4 -l4
[8.483s] DEBUG:colcon.colcon_core.event_handler.log_command:Invoking command in '/home/pi/ros2_ws/build/gazebo_ackermann_steering_vehicle': CMAKE_PREFIX_PATH=${CMAKE_PREFIX_PATH}:/home/pi/ros2_ws/install/drive:/home/pi/ros2_ws/install/ackermann_vesc_adapter:/home/pi/ros2_ws/install/ackermann_teleop:/opt/ros/kilted DEBUGINFOD_URLS=https://debuginfod.ubuntu.com /usr/bin/cmake --install /home/pi/ros2_ws/build/gazebo_ackermann_steering_vehicle
[8.557s] Level 1:colcon.colcon_core.environment:create_environment_scripts_only(gazebo_ackermann_steering_vehicle)
[8.557s] Level 1:colcon.colcon_core.environment:checking '/home/pi/ros2_ws/install/gazebo_ackermann_steering_vehicle' for CMake module files
[8.558s] DEBUG:colcon.colcon_core.event_handler.log_command:Invoked command in '/home/pi/ros2_ws/build/gazebo_ackermann_steering_vehicle' returned '0': CMAKE_PREFIX_PATH=${CMAKE_PREFIX_PATH}:/home/pi/ros2_ws/install/drive:/home/pi/ros2_ws/install/ackermann_vesc_adapter:/home/pi/ros2_ws/install/ackermann_teleop:/opt/ros/kilted DEBUGINFOD_URLS=https://debuginfod.ubuntu.com /usr/bin/cmake --install /home/pi/ros2_ws/build/gazebo_ackermann_steering_vehicle
[8.559s] Level 1:colcon.colcon_core.environment:checking '/home/pi/ros2_ws/install/gazebo_ackermann_steering_vehicle' for CMake config files
[8.560s] Level 1:colcon.colcon_core.shell:create_environment_hook('gazebo_ackermann_steering_vehicle', 'cmake_prefix_path')
[8.560s] INFO:colcon.colcon_core.shell:Creating environment hook '/home/pi/ros2_ws/install/gazebo_ackermann_steering_vehicle/share/gazebo_ackermann_steering_vehicle/hook/cmake_prefix_path.ps1'
[8.561s] INFO:colcon.colcon_core.shell:Creating environment descriptor '/home/pi/ros2_ws/install/gazebo_ackermann_steering_vehicle/share/gazebo_ackermann_steering_vehicle/hook/cmake_prefix_path.dsv'
[8.562s] INFO:colcon.colcon_core.shell:Creating environment hook '/home/pi/ros2_ws/install/gazebo_ackermann_steering_vehicle/share/gazebo_ackermann_steering_vehicle/hook/cmake_prefix_path.sh'
[8.563s] Level 1:colcon.colcon_core.environment:checking '/home/pi/ros2_ws/install/gazebo_ackermann_steering_vehicle/lib'
[8.563s] Level 1:colcon.colcon_core.environment:checking '/home/pi/ros2_ws/install/gazebo_ackermann_steering_vehicle/bin'
[8.563s] Level 1:colcon.colcon_core.environment:checking '/home/pi/ros2_ws/install/gazebo_ackermann_steering_vehicle/lib/pkgconfig/gazebo_ackermann_steering_vehicle.pc'
[8.564s] Level 1:colcon.colcon_core.environment:checking '/home/pi/ros2_ws/install/gazebo_ackermann_steering_vehicle/lib/python3.12/site-packages'
[8.564s] Level 1:colcon.colcon_core.environment:checking '/home/pi/ros2_ws/install/gazebo_ackermann_steering_vehicle/bin'
[8.565s] INFO:colcon.colcon_core.shell:Creating package script '/home/pi/ros2_ws/install/gazebo_ackermann_steering_vehicle/share/gazebo_ackermann_steering_vehicle/package.ps1'
[8.566s] INFO:colcon.colcon_core.shell:Creating package descriptor '/home/pi/ros2_ws/install/gazebo_ackermann_steering_vehicle/share/gazebo_ackermann_steering_vehicle/package.dsv'
[8.566s] INFO:colcon.colcon_core.shell:Creating package script '/home/pi/ros2_ws/install/gazebo_ackermann_steering_vehicle/share/gazebo_ackermann_steering_vehicle/package.sh'
[8.567s] INFO:colcon.colcon_core.shell:Creating package script '/home/pi/ros2_ws/install/gazebo_ackermann_steering_vehicle/share/gazebo_ackermann_steering_vehicle/package.bash'
[8.568s] INFO:colcon.colcon_core.shell:Creating package script '/home/pi/ros2_ws/install/gazebo_ackermann_steering_vehicle/share/gazebo_ackermann_steering_vehicle/package.zsh'
[8.569s] Level 1:colcon.colcon_core.environment:create_file_with_runtime_dependencies(/home/pi/ros2_ws/install/gazebo_ackermann_steering_vehicle/share/colcon-core/packages/gazebo_ackermann_steering_vehicle)
[8.570s] Level 1:colcon.colcon_core.environment:create_environment_scripts_only(gazebo_ackermann_steering_vehicle)
[8.571s] Level 1:colcon.colcon_core.environment:checking '/home/pi/ros2_ws/install/gazebo_ackermann_steering_vehicle' for CMake module files
[8.571s] Level 1:colcon.colcon_core.environment:checking '/home/pi/ros2_ws/install/gazebo_ackermann_steering_vehicle' for CMake config files
[8.572s] Level 1:colcon.colcon_core.shell:create_environment_hook('gazebo_ackermann_steering_vehicle', 'cmake_prefix_path')
[8.572s] INFO:colcon.colcon_core.shell:Creating environment hook '/home/pi/ros2_ws/install/gazebo_ackermann_steering_vehicle/share/gazebo_ackermann_steering_vehicle/hook/cmake_prefix_path.ps1'
[8.573s] INFO:colcon.colcon_core.shell:Creating environment descriptor '/home/pi/ros2_ws/install/gazebo_ackermann_steering_vehicle/share/gazebo_ackermann_steering_vehicle/hook/cmake_prefix_path.dsv'
[8.576s] INFO:colcon.colcon_core.shell:Creating environment hook '/home/pi/ros2_ws/install/gazebo_ackermann_steering_vehicle/share/gazebo_ackermann_steering_vehicle/hook/cmake_prefix_path.sh'
[8.577s] Level 1:colcon.colcon_core.environment:checking '/home/pi/ros2_ws/install/gazebo_ackermann_steering_vehicle/lib'
[8.578s] Level 1:colcon.colcon_core.environment:checking '/home/pi/ros2_ws/install/gazebo_ackermann_steering_vehicle/bin'
[8.578s] Level 1:colcon.colcon_core.environment:checking '/home/pi/ros2_ws/install/gazebo_ackermann_steering_vehicle/lib/pkgconfig/gazebo_ackermann_steering_vehicle.pc'
[8.578s] Level 1:colcon.colcon_core.environment:checking '/home/pi/ros2_ws/install/gazebo_ackermann_steering_vehicle/lib/python3.12/site-packages'
[8.578s] Level 1:colcon.colcon_core.environment:checking '/home/pi/ros2_ws/install/gazebo_ackermann_steering_vehicle/bin'
[8.579s] INFO:colcon.colcon_core.shell:Creating package script '/home/pi/ros2_ws/install/gazebo_ackermann_steering_vehicle/share/gazebo_ackermann_steering_vehicle/package.ps1'
[8.579s] INFO:colcon.colcon_core.shell:Creating package descriptor '/home/pi/ros2_ws/install/gazebo_ackermann_steering_vehicle/share/gazebo_ackermann_steering_vehicle/package.dsv'
[8.581s] INFO:colcon.colcon_core.shell:Creating package script '/home/pi/ros2_ws/install/gazebo_ackermann_steering_vehicle/share/gazebo_ackermann_steering_vehicle/package.sh'
[8.582s] INFO:colcon.colcon_core.shell:Creating package script '/home/pi/ros2_ws/install/gazebo_ackermann_steering_vehicle/share/gazebo_ackermann_steering_vehicle/package.bash'
[8.583s] INFO:colcon.colcon_core.shell:Creating package script '/home/pi/ros2_ws/install/gazebo_ackermann_steering_vehicle/share/gazebo_ackermann_steering_vehicle/package.zsh'
[8.585s] Level 1:colcon.colcon_core.environment:create_file_with_runtime_dependencies(/home/pi/ros2_ws/install/gazebo_ackermann_steering_vehicle/share/colcon-core/packages/gazebo_ackermann_steering_vehicle)
[8.590s] DEBUG:colcon.colcon_core.event_handler.log_command:Invoked command in '/home/pi/ros2_ws/build/vesc_driver' returned '0': CMAKE_PREFIX_PATH=/home/pi/ros2_ws/install/vesc_msgs:/home/pi/ros2_ws/install/vesc:/home/pi/ros2_ws/install/vesc_driver:/home/pi/ros2_ws/install/gazebo_ackermann_steering_vehicle:/opt/ros/kilted/opt/sdformat_vendor:/opt/ros/kilted/opt/gz_math_vendor:/opt/ros/kilted/opt/gz_utils_vendor:/opt/ros/kilted/opt/gz_tools_vendor:/opt/ros/kilted/opt/gz_cmake_vendor:/home/pi/ros2_ws/install/drive:/home/pi/ros2_ws/install/ackermann_vesc_adapter:/home/pi/ros2_ws/install/ackermann_teleop:/opt/ros/kilted DEBUGINFOD_URLS=https://debuginfod.ubuntu.com LD_LIBRARY_PATH=/home/pi/ros2_ws/install/vesc_msgs/lib:/home/pi/ros2_ws/install/vesc_driver/lib:/opt/ros/kilted/opt/zenoh_cpp_vendor/lib:/opt/ros/kilted/opt/sdformat_vendor/lib:/opt/ros/kilted/opt/gz_math_vendor/lib:/opt/ros/kilted/opt/gz_utils_vendor/lib:/opt/ros/kilted/opt/rviz_ogre_vendor/lib:/opt/ros/kilted/lib/aarch64-linux-gnu:/opt/ros/kilted/opt/gz_tools_vendor/lib:/opt/ros/kilted/opt/gz_cmake_vendor/lib:/opt/ros/kilted/lib /usr/bin/cmake /home/pi/ros2_ws/src/vesc/vesc_driver -DCMAKE_INSTALL_PREFIX=/home/pi/ros2_ws/install/vesc_driver
[8.593s] DEBUG:colcon.colcon_core.event_handler.log_command:Invoking command in '/home/pi/ros2_ws/build/vesc_driver': CMAKE_PREFIX_PATH=/home/pi/ros2_ws/install/vesc_msgs:/home/pi/ros2_ws/install/vesc:/home/pi/ros2_ws/install/vesc_driver:/home/pi/ros2_ws/install/gazebo_ackermann_steering_vehicle:/opt/ros/kilted/opt/sdformat_vendor:/opt/ros/kilted/opt/gz_math_vendor:/opt/ros/kilted/opt/gz_utils_vendor:/opt/ros/kilted/opt/gz_tools_vendor:/opt/ros/kilted/opt/gz_cmake_vendor:/home/pi/ros2_ws/install/drive:/home/pi/ros2_ws/install/ackermann_vesc_adapter:/home/pi/ros2_ws/install/ackermann_teleop:/opt/ros/kilted DEBUGINFOD_URLS=https://debuginfod.ubuntu.com LD_LIBRARY_PATH=/home/pi/ros2_ws/install/vesc_msgs/lib:/home/pi/ros2_ws/install/vesc_driver/lib:/opt/ros/kilted/opt/zenoh_cpp_vendor/lib:/opt/ros/kilted/opt/sdformat_vendor/lib:/opt/ros/kilted/opt/gz_math_vendor/lib:/opt/ros/kilted/opt/gz_utils_vendor/lib:/opt/ros/kilted/opt/rviz_ogre_vendor/lib:/opt/ros/kilted/lib/aarch64-linux-gnu:/opt/ros/kilted/opt/gz_tools_vendor/lib:/opt/ros/kilted/opt/gz_cmake_vendor/lib:/opt/ros/kilted/lib /usr/bin/cmake --build /home/pi/ros2_ws/build/vesc_driver -- -j4 -l4
[8.828s] DEBUG:colcon.colcon_core.event_handler.log_command:Invoked command in '/home/pi/ros2_ws/build/vesc_driver' returned '0': CMAKE_PREFIX_PATH=/home/pi/ros2_ws/install/vesc_msgs:/home/pi/ros2_ws/install/vesc:/home/pi/ros2_ws/install/vesc_driver:/home/pi/ros2_ws/install/gazebo_ackermann_steering_vehicle:/opt/ros/kilted/opt/sdformat_vendor:/opt/ros/kilted/opt/gz_math_vendor:/opt/ros/kilted/opt/gz_utils_vendor:/opt/ros/kilted/opt/gz_tools_vendor:/opt/ros/kilted/opt/gz_cmake_vendor:/home/pi/ros2_ws/install/drive:/home/pi/ros2_ws/install/ackermann_vesc_adapter:/home/pi/ros2_ws/install/ackermann_teleop:/opt/ros/kilted DEBUGINFOD_URLS=https://debuginfod.ubuntu.com LD_LIBRARY_PATH=/home/pi/ros2_ws/install/vesc_msgs/lib:/home/pi/ros2_ws/install/vesc_driver/lib:/opt/ros/kilted/opt/zenoh_cpp_vendor/lib:/opt/ros/kilted/opt/sdformat_vendor/lib:/opt/ros/kilted/opt/gz_math_vendor/lib:/opt/ros/kilted/opt/gz_utils_vendor/lib:/opt/ros/kilted/opt/rviz_ogre_vendor/lib:/opt/ros/kilted/lib/aarch64-linux-gnu:/opt/ros/kilted/opt/gz_tools_vendor/lib:/opt/ros/kilted/opt/gz_cmake_vendor/lib:/opt/ros/kilted/lib /usr/bin/cmake --build /home/pi/ros2_ws/build/vesc_driver -- -j4 -l4
[8.830s] DEBUG:colcon.colcon_core.event_handler.log_command:Invoking command in '/home/pi/ros2_ws/build/vesc_driver': CMAKE_PREFIX_PATH=/home/pi/ros2_ws/install/vesc_msgs:/home/pi/ros2_ws/install/vesc:/home/pi/ros2_ws/install/vesc_driver:/home/pi/ros2_ws/install/gazebo_ackermann_steering_vehicle:/opt/ros/kilted/opt/sdformat_vendor:/opt/ros/kilted/opt/gz_math_vendor:/opt/ros/kilted/opt/gz_utils_vendor:/opt/ros/kilted/opt/gz_tools_vendor:/opt/ros/kilted/opt/gz_cmake_vendor:/home/pi/ros2_ws/install/drive:/home/pi/ros2_ws/install/ackermann_vesc_adapter:/home/pi/ros2_ws/install/ackermann_teleop:/opt/ros/kilted DEBUGINFOD_URLS=https://debuginfod.ubuntu.com LD_LIBRARY_PATH=/home/pi/ros2_ws/install/vesc_msgs/lib:/home/pi/ros2_ws/install/vesc_driver/lib:/opt/ros/kilted/opt/zenoh_cpp_vendor/lib:/opt/ros/kilted/opt/sdformat_vendor/lib:/opt/ros/kilted/opt/gz_math_vendor/lib:/opt/ros/kilted/opt/gz_utils_vendor/lib:/opt/ros/kilted/opt/rviz_ogre_vendor/lib:/opt/ros/kilted/lib/aarch64-linux-gnu:/opt/ros/kilted/opt/gz_tools_vendor/lib:/opt/ros/kilted/opt/gz_cmake_vendor/lib:/opt/ros/kilted/lib /usr/bin/cmake --install /home/pi/ros2_ws/build/vesc_driver
[8.888s] Level 1:colcon.colcon_core.environment:create_environment_scripts_only(vesc_driver)
[8.888s] Level 1:colcon.colcon_core.environment:checking '/home/pi/ros2_ws/install/vesc_driver' for CMake module files
[8.889s] DEBUG:colcon.colcon_core.event_handler.log_command:Invoked command in '/home/pi/ros2_ws/build/vesc_driver' returned '0': CMAKE_PREFIX_PATH=/home/pi/ros2_ws/install/vesc_msgs:/home/pi/ros2_ws/install/vesc:/home/pi/ros2_ws/install/vesc_driver:/home/pi/ros2_ws/install/gazebo_ackermann_steering_vehicle:/opt/ros/kilted/opt/sdformat_vendor:/opt/ros/kilted/opt/gz_math_vendor:/opt/ros/kilted/opt/gz_utils_vendor:/opt/ros/kilted/opt/gz_tools_vendor:/opt/ros/kilted/opt/gz_cmake_vendor:/home/pi/ros2_ws/install/drive:/home/pi/ros2_ws/install/ackermann_vesc_adapter:/home/pi/ros2_ws/install/ackermann_teleop:/opt/ros/kilted DEBUGINFOD_URLS=https://debuginfod.ubuntu.com LD_LIBRARY_PATH=/home/pi/ros2_ws/install/vesc_msgs/lib:/home/pi/ros2_ws/install/vesc_driver/lib:/opt/ros/kilted/opt/zenoh_cpp_vendor/lib:/opt/ros/kilted/opt/sdformat_vendor/lib:/opt/ros/kilted/opt/gz_math_vendor/lib:/opt/ros/kilted/opt/gz_utils_vendor/lib:/opt/ros/kilted/opt/rviz_ogre_vendor/lib:/opt/ros/kilted/lib/aarch64-linux-gnu:/opt/ros/kilted/opt/gz_tools_vendor/lib:/opt/ros/kilted/opt/gz_cmake_vendor/lib:/opt/ros/kilted/lib /usr/bin/cmake --install /home/pi/ros2_ws/build/vesc_driver
[8.890s] Level 1:colcon.colcon_core.environment:checking '/home/pi/ros2_ws/install/vesc_driver' for CMake config files
[8.891s] Level 1:colcon.colcon_core.shell:create_environment_hook('vesc_driver', 'cmake_prefix_path')
[8.891s] INFO:colcon.colcon_core.shell:Creating environment hook '/home/pi/ros2_ws/install/vesc_driver/share/vesc_driver/hook/cmake_prefix_path.ps1'
[8.892s] INFO:colcon.colcon_core.shell:Creating environment descriptor '/home/pi/ros2_ws/install/vesc_driver/share/vesc_driver/hook/cmake_prefix_path.dsv'
[8.893s] INFO:colcon.colcon_core.shell:Creating environment hook '/home/pi/ros2_ws/install/vesc_driver/share/vesc_driver/hook/cmake_prefix_path.sh'
[8.894s] Level 1:colcon.colcon_core.environment:checking '/home/pi/ros2_ws/install/vesc_driver/lib'
[8.894s] Level 1:colcon.colcon_core.shell:create_environment_hook('vesc_driver', 'ld_library_path_lib')
[8.894s] INFO:colcon.colcon_core.shell:Creating environment hook '/home/pi/ros2_ws/install/vesc_driver/share/vesc_driver/hook/ld_library_path_lib.ps1'
[8.895s] INFO:colcon.colcon_core.shell:Creating environment descriptor '/home/pi/ros2_ws/install/vesc_driver/share/vesc_driver/hook/ld_library_path_lib.dsv'
[8.895s] INFO:colcon.colcon_core.shell:Creating environment hook '/home/pi/ros2_ws/install/vesc_driver/share/vesc_driver/hook/ld_library_path_lib.sh'
[8.897s] Level 1:colcon.colcon_core.environment:checking '/home/pi/ros2_ws/install/vesc_driver/bin'
[8.897s] Level 1:colcon.colcon_core.environment:checking '/home/pi/ros2_ws/install/vesc_driver/lib/pkgconfig/vesc_driver.pc'
[8.898s] Level 1:colcon.colcon_core.environment:checking '/home/pi/ros2_ws/install/vesc_driver/lib/python3.12/site-packages'
[8.899s] Level 1:colcon.colcon_core.environment:checking '/home/pi/ros2_ws/install/vesc_driver/bin'
[8.900s] INFO:colcon.colcon_core.shell:Creating package script '/home/pi/ros2_ws/install/vesc_driver/share/vesc_driver/package.ps1'
[8.902s] INFO:colcon.colcon_core.shell:Creating package descriptor '/home/pi/ros2_ws/install/vesc_driver/share/vesc_driver/package.dsv'
[8.903s] INFO:colcon.colcon_core.shell:Creating package script '/home/pi/ros2_ws/install/vesc_driver/share/vesc_driver/package.sh'
[8.905s] INFO:colcon.colcon_core.shell:Creating package script '/home/pi/ros2_ws/install/vesc_driver/share/vesc_driver/package.bash'
[8.906s] INFO:colcon.colcon_core.shell:Creating package script '/home/pi/ros2_ws/install/vesc_driver/share/vesc_driver/package.zsh'
[8.908s] Level 1:colcon.colcon_core.environment:create_file_with_runtime_dependencies(/home/pi/ros2_ws/install/vesc_driver/share/colcon-core/packages/vesc_driver)
[8.910s] Level 1:colcon.colcon_core.environment:create_environment_scripts_only(vesc_driver)
[8.911s] Level 1:colcon.colcon_core.environment:checking '/home/pi/ros2_ws/install/vesc_driver' for CMake module files
[8.912s] Level 1:colcon.colcon_core.environment:checking '/home/pi/ros2_ws/install/vesc_driver' for CMake config files
[8.912s] Level 1:colcon.colcon_core.shell:create_environment_hook('vesc_driver', 'cmake_prefix_path')
[8.912s] INFO:colcon.colcon_core.shell:Creating environment hook '/home/pi/ros2_ws/install/vesc_driver/share/vesc_driver/hook/cmake_prefix_path.ps1'
[8.913s] INFO:colcon.colcon_core.shell:Creating environment descriptor '/home/pi/ros2_ws/install/vesc_driver/share/vesc_driver/hook/cmake_prefix_path.dsv'
[8.915s] INFO:colcon.colcon_core.shell:Creating environment hook '/home/pi/ros2_ws/install/vesc_driver/share/vesc_driver/hook/cmake_prefix_path.sh'
[8.916s] Level 1:colcon.colcon_core.environment:checking '/home/pi/ros2_ws/install/vesc_driver/lib'
[8.916s] Level 1:colcon.colcon_core.shell:create_environment_hook('vesc_driver', 'ld_library_path_lib')
[8.917s] INFO:colcon.colcon_core.shell:Creating environment hook '/home/pi/ros2_ws/install/vesc_driver/share/vesc_driver/hook/ld_library_path_lib.ps1'
[8.917s] INFO:colcon.colcon_core.shell:Creating environment descriptor '/home/pi/ros2_ws/install/vesc_driver/share/vesc_driver/hook/ld_library_path_lib.dsv'
[8.919s] INFO:colcon.colcon_core.shell:Creating environment hook '/home/pi/ros2_ws/install/vesc_driver/share/vesc_driver/hook/ld_library_path_lib.sh'
[8.920s] Level 1:colcon.colcon_core.environment:checking '/home/pi/ros2_ws/install/vesc_driver/bin'
[8.920s] Level 1:colcon.colcon_core.environment:checking '/home/pi/ros2_ws/install/vesc_driver/lib/pkgconfig/vesc_driver.pc'
[8.920s] Level 1:colcon.colcon_core.environment:checking '/home/pi/ros2_ws/install/vesc_driver/lib/python3.12/site-packages'
[8.921s] Level 1:colcon.colcon_core.environment:checking '/home/pi/ros2_ws/install/vesc_driver/bin'
[8.921s] INFO:colcon.colcon_core.shell:Creating package script '/home/pi/ros2_ws/install/vesc_driver/share/vesc_driver/package.ps1'
[8.922s] INFO:colcon.colcon_core.shell:Creating package descriptor '/home/pi/ros2_ws/install/vesc_driver/share/vesc_driver/package.dsv'
[8.923s] INFO:colcon.colcon_core.shell:Creating package script '/home/pi/ros2_ws/install/vesc_driver/share/vesc_driver/package.sh'
[8.924s] INFO:colcon.colcon_core.shell:Creating package script '/home/pi/ros2_ws/install/vesc_driver/share/vesc_driver/package.bash'
[8.924s] INFO:colcon.colcon_core.shell:Creating package script '/home/pi/ros2_ws/install/vesc_driver/share/vesc_driver/package.zsh'
[8.925s] Level 1:colcon.colcon_core.environment:create_file_with_runtime_dependencies(/home/pi/ros2_ws/install/vesc_driver/share/colcon-core/packages/vesc_driver)
[8.926s] INFO:colcon.colcon_ros.task.ament_cmake.build:Building ROS package in '/home/pi/ros2_ws/src/vesc/vesc' with build type 'ament_cmake'
[8.926s] INFO:colcon.colcon_cmake.task.cmake.build:Building CMake package in '/home/pi/ros2_ws/src/vesc/vesc'
[8.927s] INFO:colcon.colcon_core.shell:Skip shell extension 'powershell' for command environment: Not usable outside of PowerShell
[8.927s] DEBUG:colcon.colcon_core.shell:Skip shell extension 'dsv' for command environment
[8.958s] DEBUG:colcon.colcon_core.event_handler.log_command:Invoking command in '/home/pi/ros2_ws/build/vesc': CMAKE_PREFIX_PATH=/home/pi/ros2_ws/install/vesc_driver:/home/pi/ros2_ws/install/vesc_msgs:/home/pi/ros2_ws/install/vesc:/home/pi/ros2_ws/install/gazebo_ackermann_steering_vehicle:/opt/ros/kilted/opt/sdformat_vendor:/opt/ros/kilted/opt/gz_math_vendor:/opt/ros/kilted/opt/gz_utils_vendor:/opt/ros/kilted/opt/gz_tools_vendor:/opt/ros/kilted/opt/gz_cmake_vendor:/home/pi/ros2_ws/install/drive:/home/pi/ros2_ws/install/ackermann_vesc_adapter:/home/pi/ros2_ws/install/ackermann_teleop:/opt/ros/kilted DEBUGINFOD_URLS=https://debuginfod.ubuntu.com /usr/bin/cmake /home/pi/ros2_ws/src/vesc/vesc -DCMAKE_INSTALL_PREFIX=/home/pi/ros2_ws/install/vesc
[9.573s] DEBUG:colcon.colcon_core.event_handler.log_command:Invoked command in '/home/pi/ros2_ws/build/vesc' returned '0': CMAKE_PREFIX_PATH=/home/pi/ros2_ws/install/vesc_driver:/home/pi/ros2_ws/install/vesc_msgs:/home/pi/ros2_ws/install/vesc:/home/pi/ros2_ws/install/gazebo_ackermann_steering_vehicle:/opt/ros/kilted/opt/sdformat_vendor:/opt/ros/kilted/opt/gz_math_vendor:/opt/ros/kilted/opt/gz_utils_vendor:/opt/ros/kilted/opt/gz_tools_vendor:/opt/ros/kilted/opt/gz_cmake_vendor:/home/pi/ros2_ws/install/drive:/home/pi/ros2_ws/install/ackermann_vesc_adapter:/home/pi/ros2_ws/install/ackermann_teleop:/opt/ros/kilted DEBUGINFOD_URLS=https://debuginfod.ubuntu.com /usr/bin/cmake /home/pi/ros2_ws/src/vesc/vesc -DCMAKE_INSTALL_PREFIX=/home/pi/ros2_ws/install/vesc
[9.575s] DEBUG:colcon.colcon_core.event_handler.log_command:Invoking command in '/home/pi/ros2_ws/build/vesc': CMAKE_PREFIX_PATH=/home/pi/ros2_ws/install/vesc_driver:/home/pi/ros2_ws/install/vesc_msgs:/home/pi/ros2_ws/install/vesc:/home/pi/ros2_ws/install/gazebo_ackermann_steering_vehicle:/opt/ros/kilted/opt/sdformat_vendor:/opt/ros/kilted/opt/gz_math_vendor:/opt/ros/kilted/opt/gz_utils_vendor:/opt/ros/kilted/opt/gz_tools_vendor:/opt/ros/kilted/opt/gz_cmake_vendor:/home/pi/ros2_ws/install/drive:/home/pi/ros2_ws/install/ackermann_vesc_adapter:/home/pi/ros2_ws/install/ackermann_teleop:/opt/ros/kilted DEBUGINFOD_URLS=https://debuginfod.ubuntu.com /usr/bin/cmake --build /home/pi/ros2_ws/build/vesc -- -j4 -l4
[9.654s] DEBUG:colcon.colcon_core.event_handler.log_command:Invoked command in '/home/pi/ros2_ws/build/vesc' returned '0': CMAKE_PREFIX_PATH=/home/pi/ros2_ws/install/vesc_driver:/home/pi/ros2_ws/install/vesc_msgs:/home/pi/ros2_ws/install/vesc:/home/pi/ros2_ws/install/gazebo_ackermann_steering_vehicle:/opt/ros/kilted/opt/sdformat_vendor:/opt/ros/kilted/opt/gz_math_vendor:/opt/ros/kilted/opt/gz_utils_vendor:/opt/ros/kilted/opt/gz_tools_vendor:/opt/ros/kilted/opt/gz_cmake_vendor:/home/pi/ros2_ws/install/drive:/home/pi/ros2_ws/install/ackermann_vesc_adapter:/home/pi/ros2_ws/install/ackermann_teleop:/opt/ros/kilted DEBUGINFOD_URLS=https://debuginfod.ubuntu.com /usr/bin/cmake --build /home/pi/ros2_ws/build/vesc -- -j4 -l4
[9.656s] DEBUG:colcon.colcon_core.event_handler.log_command:Invoking command in '/home/pi/ros2_ws/build/vesc': CMAKE_PREFIX_PATH=/home/pi/ros2_ws/install/vesc_driver:/home/pi/ros2_ws/install/vesc_msgs:/home/pi/ros2_ws/install/vesc:/home/pi/ros2_ws/install/gazebo_ackermann_steering_vehicle:/opt/ros/kilted/opt/sdformat_vendor:/opt/ros/kilted/opt/gz_math_vendor:/opt/ros/kilted/opt/gz_utils_vendor:/opt/ros/kilted/opt/gz_tools_vendor:/opt/ros/kilted/opt/gz_cmake_vendor:/home/pi/ros2_ws/install/drive:/home/pi/ros2_ws/install/ackermann_vesc_adapter:/home/pi/ros2_ws/install/ackermann_teleop:/opt/ros/kilted DEBUGINFOD_URLS=https://debuginfod.ubuntu.com /usr/bin/cmake --install /home/pi/ros2_ws/build/vesc
[9.706s] Level 1:colcon.colcon_core.environment:create_environment_scripts_only(vesc)
[9.707s] Level 1:colcon.colcon_core.environment:checking '/home/pi/ros2_ws/install/vesc' for CMake module files
[9.707s] DEBUG:colcon.colcon_core.event_handler.log_command:Invoked command in '/home/pi/ros2_ws/build/vesc' returned '0': CMAKE_PREFIX_PATH=/home/pi/ros2_ws/install/vesc_driver:/home/pi/ros2_ws/install/vesc_msgs:/home/pi/ros2_ws/install/vesc:/home/pi/ros2_ws/install/gazebo_ackermann_steering_vehicle:/opt/ros/kilted/opt/sdformat_vendor:/opt/ros/kilted/opt/gz_math_vendor:/opt/ros/kilted/opt/gz_utils_vendor:/opt/ros/kilted/opt/gz_tools_vendor:/opt/ros/kilted/opt/gz_cmake_vendor:/home/pi/ros2_ws/install/drive:/home/pi/ros2_ws/install/ackermann_vesc_adapter:/home/pi/ros2_ws/install/ackermann_teleop:/opt/ros/kilted DEBUGINFOD_URLS=https://debuginfod.ubuntu.com /usr/bin/cmake --install /home/pi/ros2_ws/build/vesc
[9.708s] Level 1:colcon.colcon_core.environment:checking '/home/pi/ros2_ws/install/vesc' for CMake config files
[9.708s] Level 1:colcon.colcon_core.shell:create_environment_hook('vesc', 'cmake_prefix_path')
[9.708s] INFO:colcon.colcon_core.shell:Creating environment hook '/home/pi/ros2_ws/install/vesc/share/vesc/hook/cmake_prefix_path.ps1'
[9.709s] INFO:colcon.colcon_core.shell:Creating environment descriptor '/home/pi/ros2_ws/install/vesc/share/vesc/hook/cmake_prefix_path.dsv'
[9.710s] INFO:colcon.colcon_core.shell:Creating environment hook '/home/pi/ros2_ws/install/vesc/share/vesc/hook/cmake_prefix_path.sh'
[9.711s] Level 1:colcon.colcon_core.environment:checking '/home/pi/ros2_ws/install/vesc/bin'
[9.711s] Level 1:colcon.colcon_core.environment:checking '/home/pi/ros2_ws/install/vesc/lib/pkgconfig/vesc.pc'
[9.712s] Level 1:colcon.colcon_core.environment:checking '/home/pi/ros2_ws/install/vesc/lib/python3.12/site-packages'
[9.712s] Level 1:colcon.colcon_core.environment:checking '/home/pi/ros2_ws/install/vesc/bin'
[9.712s] INFO:colcon.colcon_core.shell:Creating package script '/home/pi/ros2_ws/install/vesc/share/vesc/package.ps1'
[9.713s] INFO:colcon.colcon_core.shell:Creating package descriptor '/home/pi/ros2_ws/install/vesc/share/vesc/package.dsv'
[9.714s] INFO:colcon.colcon_core.shell:Creating package script '/home/pi/ros2_ws/install/vesc/share/vesc/package.sh'
[9.714s] INFO:colcon.colcon_core.shell:Creating package script '/home/pi/ros2_ws/install/vesc/share/vesc/package.bash'
[9.715s] INFO:colcon.colcon_core.shell:Creating package script '/home/pi/ros2_ws/install/vesc/share/vesc/package.zsh'
[9.716s] Level 1:colcon.colcon_core.environment:create_file_with_runtime_dependencies(/home/pi/ros2_ws/install/vesc/share/colcon-core/packages/vesc)
[9.717s] Level 1:colcon.colcon_core.environment:create_environment_scripts_only(vesc)
[9.717s] Level 1:colcon.colcon_core.environment:checking '/home/pi/ros2_ws/install/vesc' for CMake module files
[9.718s] Level 1:colcon.colcon_core.environment:checking '/home/pi/ros2_ws/install/vesc' for CMake config files
[9.718s] Level 1:colcon.colcon_core.shell:create_environment_hook('vesc', 'cmake_prefix_path')
[9.718s] INFO:colcon.colcon_core.shell:Creating environment hook '/home/pi/ros2_ws/install/vesc/share/vesc/hook/cmake_prefix_path.ps1'
[9.719s] INFO:colcon.colcon_core.shell:Creating environment descriptor '/home/pi/ros2_ws/install/vesc/share/vesc/hook/cmake_prefix_path.dsv'
[9.720s] INFO:colcon.colcon_core.shell:Creating environment hook '/home/pi/ros2_ws/install/vesc/share/vesc/hook/cmake_prefix_path.sh'
[9.722s] Level 1:colcon.colcon_core.environment:checking '/home/pi/ros2_ws/install/vesc/bin'
[9.722s] Level 1:colcon.colcon_core.environment:checking '/home/pi/ros2_ws/install/vesc/lib/pkgconfig/vesc.pc'
[9.722s] Level 1:colcon.colcon_core.environment:checking '/home/pi/ros2_ws/install/vesc/lib/python3.12/site-packages'
[9.723s] Level 1:colcon.colcon_core.environment:checking '/home/pi/ros2_ws/install/vesc/bin'
[9.723s] INFO:colcon.colcon_core.shell:Creating package script '/home/pi/ros2_ws/install/vesc/share/vesc/package.ps1'
[9.724s] INFO:colcon.colcon_core.shell:Creating package descriptor '/home/pi/ros2_ws/install/vesc/share/vesc/package.dsv'
[9.726s] INFO:colcon.colcon_core.shell:Creating package script '/home/pi/ros2_ws/install/vesc/share/vesc/package.sh'
[9.727s] INFO:colcon.colcon_core.shell:Creating package script '/home/pi/ros2_ws/install/vesc/share/vesc/package.bash'
[9.729s] INFO:colcon.colcon_core.shell:Creating package script '/home/pi/ros2_ws/install/vesc/share/vesc/package.zsh'
[9.730s] Level 1:colcon.colcon_core.environment:create_file_with_runtime_dependencies(/home/pi/ros2_ws/install/vesc/share/colcon-core/packages/vesc)
[9.732s] DEBUG:colcon.colcon_parallel_executor.executor.parallel:closing loop
[9.732s] DEBUG:colcon.colcon_parallel_executor.executor.parallel:loop closed
[9.732s] DEBUG:colcon.colcon_parallel_executor.executor.parallel:run_until_complete finished with '0'
[9.733s] DEBUG:colcon.colcon_core.event_reactor:joining thread
[9.752s] INFO:colcon.colcon_core.plugin_system:Skipping extension 'colcon_notification.desktop_notification.terminal_notifier': Not used on non-Darwin systems
[9.752s] INFO:colcon.colcon_core.plugin_system:Skipping extension 'colcon_notification.desktop_notification.win32': Not used on non-Windows systems
[9.753s] INFO:colcon.colcon_notification.desktop_notification:Sending desktop notification using 'notify2'
[9.780s] DEBUG:colcon.colcon_core.event_reactor:joined thread
[9.781s] INFO:colcon.colcon_core.shell:Creating prefix script '/home/pi/ros2_ws/install/local_setup.ps1'
[9.783s] INFO:colcon.colcon_core.shell:Creating prefix util module '/home/pi/ros2_ws/install/_local_setup_util_ps1.py'
[9.786s] INFO:colcon.colcon_core.shell:Creating prefix chain script '/home/pi/ros2_ws/install/setup.ps1'
[9.789s] INFO:colcon.colcon_core.shell:Creating prefix script '/home/pi/ros2_ws/install/local_setup.sh'
[9.791s] INFO:colcon.colcon_core.shell:Creating prefix util module '/home/pi/ros2_ws/install/_local_setup_util_sh.py'
[9.792s] INFO:colcon.colcon_core.shell:Creating prefix chain script '/home/pi/ros2_ws/install/setup.sh'
[9.795s] INFO:colcon.colcon_core.shell:Creating prefix script '/home/pi/ros2_ws/install/local_setup.bash'
[9.797s] INFO:colcon.colcon_core.shell:Creating prefix chain script '/home/pi/ros2_ws/install/setup.bash'
[9.801s] INFO:colcon.colcon_core.shell:Creating prefix script '/home/pi/ros2_ws/install/local_setup.zsh'
[9.803s] INFO:colcon.colcon_core.shell:Creating prefix chain script '/home/pi/ros2_ws/install/setup.zsh'
