[0.079s] Invoking command in '/home/pi/ros2_ws/build/vesc_msgs': CMAKE_PREFIX_PATH=${CMAKE_PREFIX_PATH}:/home/pi/ros2_ws/install/drive:/home/pi/ros2_ws/install/ackermann_vesc_adapter:/home/pi/ros2_ws/install/ackermann_teleop:/opt/ros/kilted DEBUGINFOD_URLS=https://debuginfod.ubuntu.com /usr/bin/cmake /home/pi/ros2_ws/src/vesc/vesc_msgs -DCMAKE_INSTALL_PREFIX=/home/pi/ros2_ws/install/vesc_msgs
[0.867s] -- Found ament_cmake_auto: 2.7.3 (/opt/ros/kilted/share/ament_cmake_auto/cmake)
[0.868s] -- Found Python3: /usr/bin/python3 (found version "3.12.3") found components: Interpreter 
[0.868s] -- Override CMake install command with custom implementation using symlinks instead of copying resources
[0.868s] -- Using all available rosidl_typesupport_c: rosidl_typesupport_fastrtps_c;rosidl_typesupport_introspection_c
[0.868s] -- Using all available rosidl_typesupport_cpp: rosidl_typesupport_fastrtps_cpp;rosidl_typesupport_introspection_cpp
[0.924s] -- Found rosidl_adapter: 4.9.5 (/opt/ros/kilted/share/rosidl_adapter/cmake)
[1.560s] -- Found ament_cmake_ros_core: 0.14.3 (/opt/ros/kilted/share/ament_cmake_ros_core/cmake)
[1.893s] -- Using all available rosidl_typesupport_c: rosidl_typesupport_fastrtps_c;rosidl_typesupport_introspection_c
[2.366s] -- Using all available rosidl_typesupport_cpp: rosidl_typesupport_fastrtps_cpp;rosidl_typesupport_introspection_cpp
[3.283s] -- Found Python3: /usr/bin/python3 (found version "3.12.3") found components: Interpreter Development NumPy Development.Module Development.Embed 
[3.372s] -- Found ament_lint_auto: 0.19.2 (/opt/ros/kilted/share/ament_lint_auto/cmake)
[3.437s] -- Added test 'copyright' to check source files copyright and LICENSE
[3.442s] -- Added test 'lint_cmake' to check CMake code style
[3.445s] -- Added test 'xmllint' to check XML markup files
[3.455s] -- Configuring done (3.2s)
[3.715s] -- Generating done (0.2s)
[3.783s] -- Build files have been written to: /home/pi/ros2_ws/build/vesc_msgs
[3.809s] Invoked command in '/home/pi/ros2_ws/build/vesc_msgs' returned '0': CMAKE_PREFIX_PATH=${CMAKE_PREFIX_PATH}:/home/pi/ros2_ws/install/drive:/home/pi/ros2_ws/install/ackermann_vesc_adapter:/home/pi/ros2_ws/install/ackermann_teleop:/opt/ros/kilted DEBUGINFOD_URLS=https://debuginfod.ubuntu.com /usr/bin/cmake /home/pi/ros2_ws/src/vesc/vesc_msgs -DCMAKE_INSTALL_PREFIX=/home/pi/ros2_ws/install/vesc_msgs
[3.809s] Invoking command in '/home/pi/ros2_ws/build/vesc_msgs': CMAKE_PREFIX_PATH=${CMAKE_PREFIX_PATH}:/home/pi/ros2_ws/install/drive:/home/pi/ros2_ws/install/ackermann_vesc_adapter:/home/pi/ros2_ws/install/ackermann_teleop:/opt/ros/kilted DEBUGINFOD_URLS=https://debuginfod.ubuntu.com /usr/bin/cmake --build /home/pi/ros2_ws/build/vesc_msgs -- -j4 -l4
[3.957s] [  0%] Built target ament_cmake_python_symlink_vesc_msgs
[3.971s] [  1%] Built target vesc_msgs__rosidl_generator_type_description
[4.087s] [  3%] Built target vesc_msgs__cpp
[4.116s] [ 25%] Built target vesc_msgs__rosidl_generator_c
[4.273s] [ 34%] Built target vesc_msgs__rosidl_typesupport_introspection_c
[4.273s] [ 43%] Built target vesc_msgs__rosidl_typesupport_cpp
[4.278s] [ 53%] Built target vesc_msgs__rosidl_typesupport_fastrtps_c
[4.425s] [ 62%] Built target vesc_msgs__rosidl_typesupport_fastrtps_cpp
[4.425s] [ 71%] Built target vesc_msgs__rosidl_typesupport_c
[4.462s] [ 81%] Built target vesc_msgs__rosidl_typesupport_introspection_cpp
[4.564s] [ 81%] Built target vesc_msgs
[4.679s] [ 82%] Built target vesc_msgs__py
[4.808s] [ 90%] Built target vesc_msgs__rosidl_generator_py
[4.838s] running egg_info
[4.880s] writing vesc_msgs.egg-info/PKG-INFO
[4.880s] writing dependency_links to vesc_msgs.egg-info/dependency_links.txt
[4.882s] writing top-level names to vesc_msgs.egg-info/top_level.txt
[4.924s] [ 93%] Built target vesc_msgs_s__rosidl_typesupport_c
[4.931s] [ 96%] Built target vesc_msgs_s__rosidl_typesupport_fastrtps_c
[4.931s] [100%] Built target vesc_msgs_s__rosidl_typesupport_introspection_c
[5.005s] reading manifest file 'vesc_msgs.egg-info/SOURCES.txt'
[5.007s] writing manifest file 'vesc_msgs.egg-info/SOURCES.txt'
[5.104s] [100%] Built target ament_cmake_python_build_vesc_msgs_egg
[5.127s] Invoked command in '/home/pi/ros2_ws/build/vesc_msgs' returned '0': CMAKE_PREFIX_PATH=${CMAKE_PREFIX_PATH}:/home/pi/ros2_ws/install/drive:/home/pi/ros2_ws/install/ackermann_vesc_adapter:/home/pi/ros2_ws/install/ackermann_teleop:/opt/ros/kilted DEBUGINFOD_URLS=https://debuginfod.ubuntu.com /usr/bin/cmake --build /home/pi/ros2_ws/build/vesc_msgs -- -j4 -l4
[5.160s] Invoking command in '/home/pi/ros2_ws/build/vesc_msgs': CMAKE_PREFIX_PATH=${CMAKE_PREFIX_PATH}:/home/pi/ros2_ws/install/drive:/home/pi/ros2_ws/install/ackermann_vesc_adapter:/home/pi/ros2_ws/install/ackermann_teleop:/opt/ros/kilted DEBUGINFOD_URLS=https://debuginfod.ubuntu.com /usr/bin/cmake --install /home/pi/ros2_ws/build/vesc_msgs
[5.180s] -- Install configuration: ""
[5.183s] -- Execute custom install script
[5.184s] -- Up-to-date symlink: /home/pi/ros2_ws/install/vesc_msgs/share/ament_index/resource_index/rosidl_interfaces/vesc_msgs
[5.186s] -- Up-to-date symlink: /home/pi/ros2_ws/install/vesc_msgs/share/vesc_msgs/msg/VescState.json
[5.187s] -- Up-to-date symlink: /home/pi/ros2_ws/install/vesc_msgs/share/vesc_msgs/msg/VescStateStamped.json
[5.188s] -- Up-to-date symlink: /home/pi/ros2_ws/install/vesc_msgs/share/vesc_msgs/msg/VescImu.json
[5.189s] -- Up-to-date symlink: /home/pi/ros2_ws/install/vesc_msgs/share/vesc_msgs/msg/VescImuStamped.json
[5.192s] -- Up-to-date symlink: /home/pi/ros2_ws/install/vesc_msgs/include/vesc_msgs/vesc_msgs/msg/detail/vesc_imu__functions.h
[5.193s] -- Up-to-date symlink: /home/pi/ros2_ws/install/vesc_msgs/include/vesc_msgs/vesc_msgs/msg/detail/vesc_imu__struct.h
[5.194s] -- Up-to-date symlink: /home/pi/ros2_ws/install/vesc_msgs/include/vesc_msgs/vesc_msgs/msg/detail/vesc_imu__type_support.h
[5.194s] -- Up-to-date symlink: /home/pi/ros2_ws/install/vesc_msgs/include/vesc_msgs/vesc_msgs/msg/detail/vesc_imu_stamped__functions.h
[5.195s] -- Up-to-date symlink: /home/pi/ros2_ws/install/vesc_msgs/include/vesc_msgs/vesc_msgs/msg/detail/vesc_imu_stamped__struct.h
[5.196s] -- Up-to-date symlink: /home/pi/ros2_ws/install/vesc_msgs/include/vesc_msgs/vesc_msgs/msg/detail/vesc_imu_stamped__type_support.h
[5.198s] -- Up-to-date symlink: /home/pi/ros2_ws/install/vesc_msgs/include/vesc_msgs/vesc_msgs/msg/detail/vesc_state__functions.h
[5.198s] -- Up-to-date symlink: /home/pi/ros2_ws/install/vesc_msgs/include/vesc_msgs/vesc_msgs/msg/detail/vesc_state__struct.h
[5.199s] -- Up-to-date symlink: /home/pi/ros2_ws/install/vesc_msgs/include/vesc_msgs/vesc_msgs/msg/detail/vesc_state__type_support.h
[5.199s] -- Up-to-date symlink: /home/pi/ros2_ws/install/vesc_msgs/include/vesc_msgs/vesc_msgs/msg/detail/vesc_state_stamped__functions.h
[5.199s] -- Up-to-date symlink: /home/pi/ros2_ws/install/vesc_msgs/include/vesc_msgs/vesc_msgs/msg/detail/vesc_state_stamped__struct.h
[5.200s] -- Up-to-date symlink: /home/pi/ros2_ws/install/vesc_msgs/include/vesc_msgs/vesc_msgs/msg/detail/vesc_state_stamped__type_support.h
[5.200s] -- Up-to-date symlink: /home/pi/ros2_ws/install/vesc_msgs/include/vesc_msgs/vesc_msgs/msg/rosidl_generator_c__visibility_control.h
[5.201s] -- Up-to-date symlink: /home/pi/ros2_ws/install/vesc_msgs/include/vesc_msgs/vesc_msgs/msg/vesc_imu.h
[5.202s] -- Up-to-date symlink: /home/pi/ros2_ws/install/vesc_msgs/include/vesc_msgs/vesc_msgs/msg/vesc_imu_stamped.h
[5.202s] -- Up-to-date symlink: /home/pi/ros2_ws/install/vesc_msgs/include/vesc_msgs/vesc_msgs/msg/vesc_state.h
[5.204s] -- Up-to-date symlink: /home/pi/ros2_ws/install/vesc_msgs/include/vesc_msgs/vesc_msgs/msg/vesc_state_stamped.h
[5.204s] -- Up-to-date symlink: /home/pi/ros2_ws/install/vesc_msgs/share/vesc_msgs/environment/library_path.sh
[5.206s] -- Up-to-date symlink: /home/pi/ros2_ws/install/vesc_msgs/share/vesc_msgs/environment/library_path.dsv
[5.206s] -- Up-to-date symlink: /home/pi/ros2_ws/install/vesc_msgs/include/vesc_msgs/vesc_msgs/msg/detail/vesc_imu__rosidl_typesupport_fastrtps_c.h
[5.207s] -- Up-to-date symlink: /home/pi/ros2_ws/install/vesc_msgs/include/vesc_msgs/vesc_msgs/msg/detail/vesc_imu_stamped__rosidl_typesupport_fastrtps_c.h
[5.208s] -- Up-to-date symlink: /home/pi/ros2_ws/install/vesc_msgs/include/vesc_msgs/vesc_msgs/msg/detail/vesc_state__rosidl_typesupport_fastrtps_c.h
[5.209s] -- Up-to-date symlink: /home/pi/ros2_ws/install/vesc_msgs/include/vesc_msgs/vesc_msgs/msg/detail/vesc_state_stamped__rosidl_typesupport_fastrtps_c.h
[5.210s] -- Up-to-date symlink: /home/pi/ros2_ws/install/vesc_msgs/include/vesc_msgs/vesc_msgs/msg/rosidl_typesupport_fastrtps_c__visibility_control.h
[5.210s] -- Up-to-date symlink: /home/pi/ros2_ws/install/vesc_msgs/include/vesc_msgs/vesc_msgs/msg/detail/vesc_imu__rosidl_typesupport_introspection_c.h
[5.211s] -- Up-to-date symlink: /home/pi/ros2_ws/install/vesc_msgs/include/vesc_msgs/vesc_msgs/msg/detail/vesc_imu_stamped__rosidl_typesupport_introspection_c.h
[5.212s] -- Up-to-date symlink: /home/pi/ros2_ws/install/vesc_msgs/include/vesc_msgs/vesc_msgs/msg/detail/vesc_state__rosidl_typesupport_introspection_c.h
[5.212s] -- Up-to-date symlink: /home/pi/ros2_ws/install/vesc_msgs/include/vesc_msgs/vesc_msgs/msg/detail/vesc_state_stamped__rosidl_typesupport_introspection_c.h
[5.214s] -- Up-to-date symlink: /home/pi/ros2_ws/install/vesc_msgs/include/vesc_msgs/vesc_msgs/msg/rosidl_typesupport_introspection_c__visibility_control.h
[5.214s] -- Up-to-date symlink: /home/pi/ros2_ws/install/vesc_msgs/include/vesc_msgs/vesc_msgs/msg/detail/vesc_imu__builder.hpp
[5.215s] -- Up-to-date symlink: /home/pi/ros2_ws/install/vesc_msgs/include/vesc_msgs/vesc_msgs/msg/detail/vesc_imu__struct.hpp
[5.216s] -- Up-to-date symlink: /home/pi/ros2_ws/install/vesc_msgs/include/vesc_msgs/vesc_msgs/msg/detail/vesc_imu__traits.hpp
[5.217s] -- Up-to-date symlink: /home/pi/ros2_ws/install/vesc_msgs/include/vesc_msgs/vesc_msgs/msg/detail/vesc_imu__type_support.hpp
[5.219s] -- Up-to-date symlink: /home/pi/ros2_ws/install/vesc_msgs/include/vesc_msgs/vesc_msgs/msg/detail/vesc_imu_stamped__builder.hpp
[5.220s] -- Up-to-date symlink: /home/pi/ros2_ws/install/vesc_msgs/include/vesc_msgs/vesc_msgs/msg/detail/vesc_imu_stamped__struct.hpp
[5.220s] -- Up-to-date symlink: /home/pi/ros2_ws/install/vesc_msgs/include/vesc_msgs/vesc_msgs/msg/detail/vesc_imu_stamped__traits.hpp
[5.221s] -- Up-to-date symlink: /home/pi/ros2_ws/install/vesc_msgs/include/vesc_msgs/vesc_msgs/msg/detail/vesc_imu_stamped__type_support.hpp
[5.222s] -- Up-to-date symlink: /home/pi/ros2_ws/install/vesc_msgs/include/vesc_msgs/vesc_msgs/msg/detail/vesc_state__builder.hpp
[5.222s] -- Up-to-date symlink: /home/pi/ros2_ws/install/vesc_msgs/include/vesc_msgs/vesc_msgs/msg/detail/vesc_state__struct.hpp
[5.223s] -- Up-to-date symlink: /home/pi/ros2_ws/install/vesc_msgs/include/vesc_msgs/vesc_msgs/msg/detail/vesc_state__traits.hpp
[5.223s] -- Up-to-date symlink: /home/pi/ros2_ws/install/vesc_msgs/include/vesc_msgs/vesc_msgs/msg/detail/vesc_state__type_support.hpp
[5.224s] -- Up-to-date symlink: /home/pi/ros2_ws/install/vesc_msgs/include/vesc_msgs/vesc_msgs/msg/detail/vesc_state_stamped__builder.hpp
[5.224s] -- Up-to-date symlink: /home/pi/ros2_ws/install/vesc_msgs/include/vesc_msgs/vesc_msgs/msg/detail/vesc_state_stamped__struct.hpp
[5.225s] -- Up-to-date symlink: /home/pi/ros2_ws/install/vesc_msgs/include/vesc_msgs/vesc_msgs/msg/detail/vesc_state_stamped__traits.hpp
[5.226s] -- Up-to-date symlink: /home/pi/ros2_ws/install/vesc_msgs/include/vesc_msgs/vesc_msgs/msg/detail/vesc_state_stamped__type_support.hpp
[5.226s] -- Up-to-date symlink: /home/pi/ros2_ws/install/vesc_msgs/include/vesc_msgs/vesc_msgs/msg/rosidl_generator_cpp__visibility_control.hpp
[5.227s] -- Up-to-date symlink: /home/pi/ros2_ws/install/vesc_msgs/include/vesc_msgs/vesc_msgs/msg/vesc_imu.hpp
[5.228s] -- Up-to-date symlink: /home/pi/ros2_ws/install/vesc_msgs/include/vesc_msgs/vesc_msgs/msg/vesc_imu_stamped.hpp
[5.228s] -- Up-to-date symlink: /home/pi/ros2_ws/install/vesc_msgs/include/vesc_msgs/vesc_msgs/msg/vesc_state.hpp
[5.229s] -- Up-to-date symlink: /home/pi/ros2_ws/install/vesc_msgs/include/vesc_msgs/vesc_msgs/msg/vesc_state_stamped.hpp
[5.230s] -- Up-to-date symlink: /home/pi/ros2_ws/install/vesc_msgs/include/vesc_msgs/vesc_msgs/msg/detail/vesc_imu__rosidl_typesupport_fastrtps_cpp.hpp
[5.231s] -- Up-to-date symlink: /home/pi/ros2_ws/install/vesc_msgs/include/vesc_msgs/vesc_msgs/msg/detail/vesc_imu_stamped__rosidl_typesupport_fastrtps_cpp.hpp
[5.231s] -- Up-to-date symlink: /home/pi/ros2_ws/install/vesc_msgs/include/vesc_msgs/vesc_msgs/msg/detail/vesc_state__rosidl_typesupport_fastrtps_cpp.hpp
[5.232s] -- Up-to-date symlink: /home/pi/ros2_ws/install/vesc_msgs/include/vesc_msgs/vesc_msgs/msg/detail/vesc_state_stamped__rosidl_typesupport_fastrtps_cpp.hpp
[5.233s] -- Up-to-date symlink: /home/pi/ros2_ws/install/vesc_msgs/include/vesc_msgs/vesc_msgs/msg/rosidl_typesupport_fastrtps_cpp__visibility_control.h
[5.234s] -- Up-to-date symlink: /home/pi/ros2_ws/install/vesc_msgs/include/vesc_msgs/vesc_msgs/msg/detail/vesc_imu__rosidl_typesupport_introspection_cpp.hpp
[5.235s] -- Up-to-date symlink: /home/pi/ros2_ws/install/vesc_msgs/include/vesc_msgs/vesc_msgs/msg/detail/vesc_imu_stamped__rosidl_typesupport_introspection_cpp.hpp
[5.236s] -- Up-to-date symlink: /home/pi/ros2_ws/install/vesc_msgs/include/vesc_msgs/vesc_msgs/msg/detail/vesc_state__rosidl_typesupport_introspection_cpp.hpp
[5.238s] -- Up-to-date symlink: /home/pi/ros2_ws/install/vesc_msgs/include/vesc_msgs/vesc_msgs/msg/detail/vesc_state_stamped__rosidl_typesupport_introspection_cpp.hpp
[5.239s] -- Up-to-date symlink: /home/pi/ros2_ws/install/vesc_msgs/share/vesc_msgs/environment/pythonpath.sh
[5.240s] -- Up-to-date symlink: /home/pi/ros2_ws/install/vesc_msgs/share/vesc_msgs/environment/pythonpath.dsv
[5.240s] -- Up-to-date symlink: /home/pi/ros2_ws/install/vesc_msgs/lib/python3.12/site-packages/vesc_msgs-1.1.0-py3.12.egg-info/PKG-INFO
[5.243s] -- Up-to-date symlink: /home/pi/ros2_ws/install/vesc_msgs/lib/python3.12/site-packages/vesc_msgs-1.1.0-py3.12.egg-info/SOURCES.txt
[5.246s] -- Up-to-date symlink: /home/pi/ros2_ws/install/vesc_msgs/lib/python3.12/site-packages/vesc_msgs-1.1.0-py3.12.egg-info/dependency_links.txt
[5.246s] -- Up-to-date symlink: /home/pi/ros2_ws/install/vesc_msgs/lib/python3.12/site-packages/vesc_msgs-1.1.0-py3.12.egg-info/top_level.txt
[5.250s] -- Up-to-date symlink: /home/pi/ros2_ws/install/vesc_msgs/lib/python3.12/site-packages/vesc_msgs/__init__.py
[5.251s] -- Up-to-date symlink: /home/pi/ros2_ws/install/vesc_msgs/lib/python3.12/site-packages/vesc_msgs/_vesc_msgs_s.ep.rosidl_typesupport_c.c
[5.253s] -- Up-to-date symlink: /home/pi/ros2_ws/install/vesc_msgs/lib/python3.12/site-packages/vesc_msgs/_vesc_msgs_s.ep.rosidl_typesupport_fastrtps_c.c
[5.257s] -- Up-to-date symlink: /home/pi/ros2_ws/install/vesc_msgs/lib/python3.12/site-packages/vesc_msgs/_vesc_msgs_s.ep.rosidl_typesupport_introspection_c.c
[5.258s] -- Up-to-date symlink: /home/pi/ros2_ws/install/vesc_msgs/lib/python3.12/site-packages/vesc_msgs/msg/__init__.py
[5.259s] -- Up-to-date symlink: /home/pi/ros2_ws/install/vesc_msgs/lib/python3.12/site-packages/vesc_msgs/msg/_vesc_imu.py
[5.259s] -- Up-to-date symlink: /home/pi/ros2_ws/install/vesc_msgs/lib/python3.12/site-packages/vesc_msgs/msg/_vesc_imu_s.c
[5.260s] -- Up-to-date symlink: /home/pi/ros2_ws/install/vesc_msgs/lib/python3.12/site-packages/vesc_msgs/msg/_vesc_imu_stamped.py
[5.261s] -- Up-to-date symlink: /home/pi/ros2_ws/install/vesc_msgs/lib/python3.12/site-packages/vesc_msgs/msg/_vesc_imu_stamped_s.c
[5.261s] -- Up-to-date symlink: /home/pi/ros2_ws/install/vesc_msgs/lib/python3.12/site-packages/vesc_msgs/msg/_vesc_state.py
[5.262s] -- Up-to-date symlink: /home/pi/ros2_ws/install/vesc_msgs/lib/python3.12/site-packages/vesc_msgs/msg/_vesc_state_s.c
[5.262s] -- Up-to-date symlink: /home/pi/ros2_ws/install/vesc_msgs/lib/python3.12/site-packages/vesc_msgs/msg/_vesc_state_stamped.py
[5.263s] -- Up-to-date symlink: /home/pi/ros2_ws/install/vesc_msgs/lib/python3.12/site-packages/vesc_msgs/msg/_vesc_state_stamped_s.c
[5.264s] -- Up-to-date symlink: /home/pi/ros2_ws/install/vesc_msgs/lib/python3.12/site-packages/vesc_msgs/vesc_msgs_s__rosidl_typesupport_c.so
[5.264s] -- Up-to-date symlink: /home/pi/ros2_ws/install/vesc_msgs/lib/python3.12/site-packages/vesc_msgs/vesc_msgs_s__rosidl_typesupport_fastrtps_c.so
[5.265s] -- Up-to-date symlink: /home/pi/ros2_ws/install/vesc_msgs/lib/python3.12/site-packages/vesc_msgs/vesc_msgs_s__rosidl_typesupport_introspection_c.so
[5.266s] -- Up-to-date symlink: /home/pi/ros2_ws/install/vesc_msgs/lib/python3.12/site-packages/vesc_msgs/vesc_msgs_s__rosidl_typesupport_fastrtps_c.so
[5.266s] -- Up-to-date symlink: /home/pi/ros2_ws/install/vesc_msgs/lib/python3.12/site-packages/vesc_msgs/vesc_msgs_s__rosidl_typesupport_introspection_c.so
[5.267s] -- Up-to-date symlink: /home/pi/ros2_ws/install/vesc_msgs/lib/python3.12/site-packages/vesc_msgs/vesc_msgs_s__rosidl_typesupport_c.so
[5.267s] -- Up-to-date symlink: /home/pi/ros2_ws/install/vesc_msgs/share/vesc_msgs/msg/VescState.idl
[5.268s] -- Up-to-date symlink: /home/pi/ros2_ws/install/vesc_msgs/share/vesc_msgs/msg/VescStateStamped.idl
[5.268s] -- Up-to-date symlink: /home/pi/ros2_ws/install/vesc_msgs/share/vesc_msgs/msg/VescImu.idl
[5.269s] -- Up-to-date symlink: /home/pi/ros2_ws/install/vesc_msgs/share/vesc_msgs/msg/VescImuStamped.idl
[5.270s] -- Up-to-date symlink: /home/pi/ros2_ws/install/vesc_msgs/share/vesc_msgs/msg/VescState.msg
[5.271s] -- Up-to-date symlink: /home/pi/ros2_ws/install/vesc_msgs/share/vesc_msgs/msg/VescStateStamped.msg
[5.271s] -- Up-to-date symlink: /home/pi/ros2_ws/install/vesc_msgs/share/vesc_msgs/msg/VescImu.msg
[5.271s] -- Up-to-date symlink: /home/pi/ros2_ws/install/vesc_msgs/share/vesc_msgs/msg/VescImuStamped.msg
[5.272s] -- Up-to-date symlink: /home/pi/ros2_ws/install/vesc_msgs/share/ament_index/resource_index/package_run_dependencies/vesc_msgs
[5.273s] -- Up-to-date symlink: /home/pi/ros2_ws/install/vesc_msgs/share/ament_index/resource_index/parent_prefix_path/vesc_msgs
[5.275s] -- Up-to-date symlink: /home/pi/ros2_ws/install/vesc_msgs/share/vesc_msgs/environment/ament_prefix_path.sh
[5.275s] -- Up-to-date symlink: /home/pi/ros2_ws/install/vesc_msgs/share/vesc_msgs/environment/ament_prefix_path.dsv
[5.275s] -- Up-to-date symlink: /home/pi/ros2_ws/install/vesc_msgs/share/vesc_msgs/environment/path.sh
[5.276s] -- Up-to-date symlink: /home/pi/ros2_ws/install/vesc_msgs/share/vesc_msgs/environment/path.dsv
[5.277s] -- Up-to-date symlink: /home/pi/ros2_ws/install/vesc_msgs/share/vesc_msgs/local_setup.bash
[5.279s] -- Up-to-date symlink: /home/pi/ros2_ws/install/vesc_msgs/share/vesc_msgs/local_setup.sh
[5.280s] -- Up-to-date symlink: /home/pi/ros2_ws/install/vesc_msgs/share/vesc_msgs/local_setup.zsh
[5.280s] -- Up-to-date symlink: /home/pi/ros2_ws/install/vesc_msgs/share/vesc_msgs/local_setup.dsv
[5.281s] -- Symlinking: /home/pi/ros2_ws/install/vesc_msgs/share/vesc_msgs/package.dsv
[5.304s] -- Up-to-date symlink: /home/pi/ros2_ws/install/vesc_msgs/share/ament_index/resource_index/packages/vesc_msgs
[5.305s] -- Up-to-date symlink: /home/pi/ros2_ws/install/vesc_msgs/share/vesc_msgs/cmake/rosidl_cmake-extras.cmake
[5.306s] -- Up-to-date symlink: /home/pi/ros2_ws/install/vesc_msgs/share/vesc_msgs/cmake/ament_cmake_export_dependencies-extras.cmake
[5.307s] -- Up-to-date symlink: /home/pi/ros2_ws/install/vesc_msgs/share/vesc_msgs/cmake/ament_cmake_export_include_directories-extras.cmake
[5.310s] -- Up-to-date symlink: /home/pi/ros2_ws/install/vesc_msgs/share/vesc_msgs/cmake/ament_cmake_export_libraries-extras.cmake
[5.310s] -- Up-to-date symlink: /home/pi/ros2_ws/install/vesc_msgs/share/vesc_msgs/cmake/ament_cmake_export_targets-extras.cmake
[5.310s] -- Up-to-date symlink: /home/pi/ros2_ws/install/vesc_msgs/share/vesc_msgs/cmake/rosidl_cmake_export_typesupport_targets-extras.cmake
[5.311s] -- Up-to-date symlink: /home/pi/ros2_ws/install/vesc_msgs/share/vesc_msgs/cmake/rosidl_cmake_export_typesupport_libraries-extras.cmake
[5.315s] -- Up-to-date symlink: /home/pi/ros2_ws/install/vesc_msgs/share/vesc_msgs/cmake/vesc_msgsConfig.cmake
[5.316s] -- Up-to-date symlink: /home/pi/ros2_ws/install/vesc_msgs/share/vesc_msgs/cmake/vesc_msgsConfig-version.cmake
[5.317s] -- Up-to-date symlink: /home/pi/ros2_ws/install/vesc_msgs/share/vesc_msgs/package.xml
[5.319s] -- Up-to-date: /home/pi/ros2_ws/install/vesc_msgs/lib/libvesc_msgs__rosidl_generator_c.so
[5.322s] -- Up-to-date: /home/pi/ros2_ws/install/vesc_msgs/lib/libvesc_msgs__rosidl_typesupport_fastrtps_c.so
[5.324s] -- Up-to-date: /home/pi/ros2_ws/install/vesc_msgs/lib/libvesc_msgs__rosidl_typesupport_introspection_c.so
[5.326s] -- Up-to-date: /home/pi/ros2_ws/install/vesc_msgs/lib/libvesc_msgs__rosidl_typesupport_c.so
[5.328s] -- Up-to-date: /home/pi/ros2_ws/install/vesc_msgs/lib/libvesc_msgs__rosidl_typesupport_fastrtps_cpp.so
[5.331s] -- Up-to-date: /home/pi/ros2_ws/install/vesc_msgs/lib/libvesc_msgs__rosidl_typesupport_introspection_cpp.so
[5.332s] -- Up-to-date: /home/pi/ros2_ws/install/vesc_msgs/lib/libvesc_msgs__rosidl_typesupport_cpp.so
[5.419s] Listing '/home/pi/ros2_ws/install/vesc_msgs/lib/python3.12/site-packages/vesc_msgs'...
[5.419s] Compiling '/home/pi/ros2_ws/install/vesc_msgs/lib/python3.12/site-packages/vesc_msgs/__init__.py'...
[5.419s] Listing '/home/pi/ros2_ws/install/vesc_msgs/lib/python3.12/site-packages/vesc_msgs/msg'...
[5.442s] -- Up-to-date: /home/pi/ros2_ws/install/vesc_msgs/lib/libvesc_msgs__rosidl_generator_py.so
[5.445s] -- Up-to-date: /home/pi/ros2_ws/install/vesc_msgs/share/vesc_msgs/cmake/export_vesc_msgs__rosidl_generator_cExport.cmake
[5.446s] -- Up-to-date: /home/pi/ros2_ws/install/vesc_msgs/share/vesc_msgs/cmake/export_vesc_msgs__rosidl_generator_cExport-noconfig.cmake
[5.447s] -- Up-to-date: /home/pi/ros2_ws/install/vesc_msgs/share/vesc_msgs/cmake/export_vesc_msgs__rosidl_typesupport_fastrtps_cExport.cmake
[5.447s] -- Up-to-date: /home/pi/ros2_ws/install/vesc_msgs/share/vesc_msgs/cmake/export_vesc_msgs__rosidl_typesupport_fastrtps_cExport-noconfig.cmake
[5.448s] -- Up-to-date: /home/pi/ros2_ws/install/vesc_msgs/share/vesc_msgs/cmake/vesc_msgs__rosidl_typesupport_introspection_cExport.cmake
[5.448s] -- Up-to-date: /home/pi/ros2_ws/install/vesc_msgs/share/vesc_msgs/cmake/vesc_msgs__rosidl_typesupport_introspection_cExport-noconfig.cmake
[5.449s] -- Up-to-date: /home/pi/ros2_ws/install/vesc_msgs/share/vesc_msgs/cmake/vesc_msgs__rosidl_typesupport_cExport.cmake
[5.450s] -- Up-to-date: /home/pi/ros2_ws/install/vesc_msgs/share/vesc_msgs/cmake/vesc_msgs__rosidl_typesupport_cExport-noconfig.cmake
[5.450s] -- Up-to-date: /home/pi/ros2_ws/install/vesc_msgs/share/vesc_msgs/cmake/export_vesc_msgs__rosidl_generator_cppExport.cmake
[5.452s] -- Up-to-date: /home/pi/ros2_ws/install/vesc_msgs/share/vesc_msgs/cmake/export_vesc_msgs__rosidl_typesupport_fastrtps_cppExport.cmake
[5.452s] -- Up-to-date: /home/pi/ros2_ws/install/vesc_msgs/share/vesc_msgs/cmake/export_vesc_msgs__rosidl_typesupport_fastrtps_cppExport-noconfig.cmake
[5.452s] -- Up-to-date: /home/pi/ros2_ws/install/vesc_msgs/share/vesc_msgs/cmake/vesc_msgs__rosidl_typesupport_introspection_cppExport.cmake
[5.453s] -- Up-to-date: /home/pi/ros2_ws/install/vesc_msgs/share/vesc_msgs/cmake/vesc_msgs__rosidl_typesupport_introspection_cppExport-noconfig.cmake
[5.453s] -- Up-to-date: /home/pi/ros2_ws/install/vesc_msgs/share/vesc_msgs/cmake/vesc_msgs__rosidl_typesupport_cppExport.cmake
[5.454s] -- Up-to-date: /home/pi/ros2_ws/install/vesc_msgs/share/vesc_msgs/cmake/vesc_msgs__rosidl_typesupport_cppExport-noconfig.cmake
[5.454s] -- Up-to-date: /home/pi/ros2_ws/install/vesc_msgs/share/vesc_msgs/cmake/export_vesc_msgs__rosidl_generator_pyExport.cmake
[5.455s] -- Up-to-date: /home/pi/ros2_ws/install/vesc_msgs/share/vesc_msgs/cmake/export_vesc_msgs__rosidl_generator_pyExport-noconfig.cmake
[5.459s] Invoked command in '/home/pi/ros2_ws/build/vesc_msgs' returned '0': CMAKE_PREFIX_PATH=${CMAKE_PREFIX_PATH}:/home/pi/ros2_ws/install/drive:/home/pi/ros2_ws/install/ackermann_vesc_adapter:/home/pi/ros2_ws/install/ackermann_teleop:/opt/ros/kilted DEBUGINFOD_URLS=https://debuginfod.ubuntu.com /usr/bin/cmake --install /home/pi/ros2_ws/build/vesc_msgs
